Archive member included to satisfy reference by file (symbol)

/usr/lib/gcc/arm-none-eabi/13.2.1/../../../arm-none-eabi/lib/thumb/v8-m.main+fp/softfp/libm.a(libm_a-wf_sqrt.o)
                              CMakeFiles/pico_tcp_client.dir/home/sudharsan/pico-sdk/src/rp2_common/pico_float/float_math.c.o (sqrtf)
/usr/lib/gcc/arm-none-eabi/13.2.1/../../../arm-none-eabi/lib/thumb/v8-m.main+fp/softfp/libm.a(libm_a-ef_sqrt.o)
                              /usr/lib/gcc/arm-none-eabi/13.2.1/../../../arm-none-eabi/lib/thumb/v8-m.main+fp/softfp/libm.a(libm_a-wf_sqrt.o) (__ieee754_sqrtf)
/usr/lib/gcc/arm-none-eabi/13.2.1/thumb/v8-m.main+fp/softfp/libgcc.a(_arm_addsubdf3.o)
                              CMakeFiles/pico_tcp_client.dir/home/sudharsan/pico-sdk/src/rp2_common/pico_float/float_math.c.o (__aeabi_f2d)
/usr/lib/gcc/arm-none-eabi/13.2.1/thumb/v8-m.main+fp/softfp/libgcc.a(_aeabi_ldivmod.o)
                              CMakeFiles/pico_tcp_client.dir/home/sudharsan/pico-sdk/src/common/pico_time/time.c.o (__aeabi_ldivmod)
/usr/lib/gcc/arm-none-eabi/13.2.1/thumb/v8-m.main+fp/softfp/libgcc.a(_aeabi_uldivmod.o)
                              CMakeFiles/pico_tcp_client.dir/home/sudharsan/pico-sdk/src/rp2_common/hardware_clocks/clocks.c.o (__aeabi_uldivmod)
/usr/lib/gcc/arm-none-eabi/13.2.1/thumb/v8-m.main+fp/softfp/libgcc.a(_udivmoddi4.o)
                              /usr/lib/gcc/arm-none-eabi/13.2.1/thumb/v8-m.main+fp/softfp/libgcc.a(_aeabi_ldivmod.o) (__udivmoddi4)
/usr/lib/gcc/arm-none-eabi/13.2.1/thumb/v8-m.main+fp/softfp/libgcc.a(_dvmd_tls.o)
                              /usr/lib/gcc/arm-none-eabi/13.2.1/thumb/v8-m.main+fp/softfp/libgcc.a(_aeabi_ldivmod.o) (__aeabi_ldiv0)
/usr/lib/gcc/arm-none-eabi/13.2.1/../../../arm-none-eabi/lib/thumb/v8-m.main+fp/softfp/libg.a(libc_a-memset.o)
                              /usr/lib/gcc/arm-none-eabi/13.2.1/../../../arm-none-eabi/lib/thumb/v8-m.main+fp/softfp/crt0.o (memset)
/usr/lib/gcc/arm-none-eabi/13.2.1/../../../arm-none-eabi/lib/thumb/v8-m.main+fp/softfp/libg.a(libc_a-strncmp.o)
                              CMakeFiles/pico_tcp_client.dir/home/sudharsan/pico-sdk/lib/lwip/src/core/def.c.o (strncmp)
/usr/lib/gcc/arm-none-eabi/13.2.1/../../../arm-none-eabi/lib/thumb/v8-m.main+fp/softfp/libg.a(libc_a-memmove.o)
                              CMakeFiles/pico_tcp_client.dir/home/sudharsan/pico-sdk/lib/lwip/src/core/def.c.o (memmove)
/usr/lib/gcc/arm-none-eabi/13.2.1/../../../arm-none-eabi/lib/thumb/v8-m.main+fp/softfp/libg.a(libc_a-calloc.o)
                              CMakeFiles/pico_tcp_client.dir/home/sudharsan/pico-sdk/src/rp2_common/pico_malloc/malloc.c.o (calloc)
/usr/lib/gcc/arm-none-eabi/13.2.1/../../../arm-none-eabi/lib/thumb/v8-m.main+fp/softfp/libg.a(libc_a-errno.o)
                              /usr/lib/gcc/arm-none-eabi/13.2.1/../../../arm-none-eabi/lib/thumb/v8-m.main+fp/softfp/libm.a(libm_a-wf_sqrt.o) (__errno)
/usr/lib/gcc/arm-none-eabi/13.2.1/../../../arm-none-eabi/lib/thumb/v8-m.main+fp/softfp/libg.a(libc_a-impure.o)
                              /usr/lib/gcc/arm-none-eabi/13.2.1/../../../arm-none-eabi/lib/thumb/v8-m.main+fp/softfp/libg.a(libc_a-calloc.o) (_impure_ptr)
/usr/lib/gcc/arm-none-eabi/13.2.1/../../../arm-none-eabi/lib/thumb/v8-m.main+fp/softfp/libg.a(libc_a-callocr.o)
                              /usr/lib/gcc/arm-none-eabi/13.2.1/../../../arm-none-eabi/lib/thumb/v8-m.main+fp/softfp/libg.a(libc_a-calloc.o) (_calloc_r)
/usr/lib/gcc/arm-none-eabi/13.2.1/../../../arm-none-eabi/lib/thumb/v8-m.main+fp/softfp/libg.a(libc_a-realloc.o)
                              CMakeFiles/pico_tcp_client.dir/home/sudharsan/pico-sdk/src/rp2_common/pico_malloc/malloc.c.o (realloc)
/usr/lib/gcc/arm-none-eabi/13.2.1/../../../arm-none-eabi/lib/thumb/v8-m.main+fp/softfp/libg.a(libc_a-mallocr.o)
                              /usr/lib/gcc/arm-none-eabi/13.2.1/../../../arm-none-eabi/lib/thumb/v8-m.main+fp/softfp/libg.a(libc_a-callocr.o) (_malloc_r)
/usr/lib/gcc/arm-none-eabi/13.2.1/../../../arm-none-eabi/lib/thumb/v8-m.main+fp/softfp/libg.a(libc_a-freer.o)
                              /usr/lib/gcc/arm-none-eabi/13.2.1/../../../arm-none-eabi/lib/thumb/v8-m.main+fp/softfp/libg.a(libc_a-mallocr.o) (_free_r)
/usr/lib/gcc/arm-none-eabi/13.2.1/../../../arm-none-eabi/lib/thumb/v8-m.main+fp/softfp/libg.a(libc_a-memcmp.o)
                              CMakeFiles/pico_tcp_client.dir/home/sudharsan/pico-sdk/src/rp2_common/pico_atomic/atomic.c.o (memcmp)
/usr/lib/gcc/arm-none-eabi/13.2.1/../../../arm-none-eabi/lib/thumb/v8-m.main+fp/softfp/libg.a(libc_a-atoi.o)
                              CMakeFiles/pico_tcp_client.dir/home/sudharsan/pico-sdk/lib/lwip/src/core/netif.c.o (atoi)
/usr/lib/gcc/arm-none-eabi/13.2.1/../../../arm-none-eabi/lib/thumb/v8-m.main+fp/softfp/libg.a(libc_a-strtol.o)
                              /usr/lib/gcc/arm-none-eabi/13.2.1/../../../arm-none-eabi/lib/thumb/v8-m.main+fp/softfp/libg.a(libc_a-atoi.o) (_strtol_r)
[...]
Memory Configuration

Name             Origin             Length             Attributes
FLASH            0x10000000         0x00400000         xr
RAM              0x20000000         0x00080000         xrw
SCRATCH_X        0x20080000         0x00001000         xrw
SCRATCH_Y        0x20081000         0x00001000         xrw
*default*        0x00000000         0xffffffff

Linker script and memory map

LOAD /usr/lib/gcc/arm-none-eabi/13.2.1/thumb/v8-m.main+fp/softfp/crti.o
LOAD /usr/lib/gcc/arm-none-eabi/13.2.1/thumb/v8-m.main+fp/softfp/crtbegin.o
LOAD /usr/lib/gcc/arm-none-eabi/13.2.1/../../../arm-none-eabi/lib/thumb/v8-m.main+fp/softfp/crt0.o

.flash_begin    0x10000000        0x0
                0x10000000                        __flash_binary_start = .

.text           0x10000000    0x1479c
                0x10000000                        __logical_binary_start = .
 *(.vectors)
 .vectors       0x10000000      0x124 CMakeFiles/pico_tcp_client.dir/home/sudharsan/pico-sdk/src/rp2_common/pico_crt0/crt0.S.o
                0x10000000                __vectors
                0x10000000                __VECTOR_TABLE
                0x10000110                isr_securefault
                0x10000110                isr_irq30
                0x10000110                __unhandled_user_irq
                0x10000110                isr_irq49
                0x10000110                isr_irq13
                0x10000110                isr_irq43
                0x10000110                isr_irq45
                0x10000110                isr_irq27
                0x10000110                isr_irq32
                0x10000110                isr_irq31
                0x10000110                isr_irq5
                0x10000110                isr_irq11
                0x10000110                isr_irq23
                0x10000110                isr_usagefault
                0x10000110                isr_irq48
                0x10000110                isr_irq35
                0x10000110                isr_irq18
                0x10000110                isr_irq50
                0x10000110                isr_irq40
                0x10000110                isr_irq28
                0x10000110                isr_irq19
                0x10000110                isr_irq36
                0x10000110                isr_irq41
                0x10000110                isr_irq0
                0x10000110                isr_irq6
                0x10000110                isr_memmanage
                0x10000110                isr_irq37
                0x10000110                isr_irq42
                0x10000110                isr_irq22
                0x10000110                isr_irq17
                0x10000110                isr_irq38
                0x10000110                isr_irq14
                0x10000110                __vectors_end
                0x10000110                __default_isrs_start
                0x10000110                isr_irq2
                0x10000110                isr_irq10
                0x10000110                isr_irq8
                0x10000110                isr_debugmonitor
                0x10000110                isr_irq24
                0x10000110                isr_irq46
                0x10000110                isr_irq1
                0x10000110                isr_irq47
                0x10000110                isr_irq51
                0x10000110                isr_irq7
                0x10000110                isr_irq21
                0x10000110                isr_irq39
                0x10000110                isr_irq20
                0x10000110                isr_irq15
                0x10000110                isr_irq25
                0x10000110                isr_irq34
                0x10000110                isr_irq4
                0x10000110                isr_busfault
                0x10000110                isr_irq16
                0x10000110                isr_irq44
                0x10000110                isr_irq29
                0x10000110                isr_irq26
                0x10000110                isr_irq33
                0x10000110                isr_irq3
                0x10000110                isr_irq12
                0x10000110                isr_irq9
                0x10000116                unhandled_user_irq_num_in_r0
                0x10000118                isr_invalid
                0x1000011a                isr_nmi
                0x1000011c                isr_hardfault
                0x1000011e                isr_svcall
                0x10000120                isr_pendsv
                0x10000122                isr_systick
                0x10000124                __default_isrs_end
 *(.binary_info_header)
 .binary_info_header
                0x10000124       0x14 CMakeFiles/pico_tcp_client.dir/home/sudharsan/pico-sdk/src/rp2_common/pico_crt0/crt0.S.o
                0x10000138                        __binary_info_header_end = .
 *(.embedded_block)
 .embedded_block
                0x10000138       0x14 CMakeFiles/pico_tcp_client.dir/home/sudharsan/pico-sdk/src/rp2_common/pico_crt0/crt0.S.o
                0x1000014c                        __embedded_block_end = .
 *(.reset)
 .reset         0x1000014c       0x98 CMakeFiles/pico_tcp_client.dir/home/sudharsan/pico-sdk/src/rp2_common/pico_crt0/crt0.S.o
                0x1000014c                _entry_point
 *(.init)
 .init          0x100001e4        0x4 /usr/lib/gcc/arm-none-eabi/13.2.1/thumb/v8-m.main+fp/softfp/crti.o
                0x100001e4                _init
 *libgcc.a:cmse_nonsecure_call.o()
 *(EXCLUDE_FILE(*libm.a: *libc.a:*lib_a-mem*.o *libgcc.a:) .text*)
 .text          0x100001e8       0x8c /usr/lib/gcc/arm-none-eabi/13.2.1/thumb/v8-m.main+fp/softfp/crtbegin.o
 .text.connected_callback
                0x10000274       0x24 CMakeFiles/pico_tcp_client.dir/main.c.o
 .text.wifi_init
                0x10000298       0xf8 CMakeFiles/pico_tcp_client.dir/main.c.o
                0x10000298                wifi_init
 .text.tcp_connect_to_server
                0x10000390       0x74 CMakeFiles/pico_tcp_client.dir/main.c.o
                0x10000390                tcp_connect_to_server
 .text.startup.main
                0x10000404       0x40 CMakeFiles/pico_tcp_client.dir/main.c.o
                0x10000404                main
 .text.gpio_set_function
                0x10000444       0x3c CMakeFiles/pico_tcp_client.dir/home/sudharsan/pico-sdk/src/rp2_common/hardware_gpio/gpio.c.o
                0x10000444                gpio_set_function
 .text.gpio_set_pulls
                0x10000480       0x28 CMakeFiles/pico_tcp_client.dir/home/sudharsan/pico-sdk/src/rp2_common/hardware_gpio/gpio.c.o
                0x10000480                gpio_set_pulls
 .text.gpio_set_input_hysteresis_enabled
                0x100004a8       0x20 CMakeFiles/pico_tcp_client.dir/home/sudharsan/pico-sdk/src/rp2_common/hardware_gpio/gpio.c.o
                0x100004a8                gpio_set_input_hysteresis_enabled
 .text.gpio_set_irq_enabled
                0x100004c8       0x50 CMakeFiles/pico_tcp_client.dir/home/sudharsan/pico-sdk/src/rp2_common/hardware_gpio/gpio.c.o
                0x100004c8                gpio_set_irq_enabled
 .text.gpio_add_raw_irq_handler_with_order_priority_masked
                0x10000518       0x44 CMakeFiles/pico_tcp_client.dir/home/sudharsan/pico-sdk/src/rp2_common/hardware_gpio/gpio.c.o
                0x10000518                gpio_add_raw_irq_handler_with_order_priority_masked
 .text.gpio_remove_raw_irq_handler_masked
                0x1000055c       0x24 CMakeFiles/pico_tcp_client.dir/home/sudharsan/pico-sdk/src/rp2_common/hardware_gpio/gpio.c.o
                0x1000055c                gpio_remove_raw_irq_handler_masked
 .text.gpio_init
                0x10000580       0x48 CMakeFiles/pico_tcp_client.dir/home/sudharsan/pico-sdk/src/rp2_common/hardware_gpio/gpio.c.o
                0x10000580                gpio_init
 .text.panic    0x100005c8       0x30 CMakeFiles/pico_tcp_client.dir/home/sudharsan/pico-sdk/src/rp2_common/pico_platform_panic/panic.c.o
                0x100005c8                panic
 .text.hw_claim_lock
                0x100005f8       0x24 CMakeFiles/pico_tcp_client.dir/home/sudharsan/pico-sdk/src/common/hardware_claim/claim.c.o
                0x100005f8                hw_claim_lock
 .text.hw_claim_unlock
                0x1000061c       0x14 CMakeFiles/pico_tcp_client.dir/home/sudharsan/pico-sdk/src/common/hardware_claim/claim.c.o
                0x1000061c                hw_claim_unlock
 .text.hw_claim_or_assert
                0x10000630       0x58 CMakeFiles/pico_tcp_client.dir/home/sudharsan/pico-sdk/src/common/hardware_claim/claim.c.o
                0x10000630                hw_claim_or_assert
 .text.hw_claim_unused_from_range
                0x10000688       0x9c CMakeFiles/pico_tcp_client.dir/home/sudharsan/pico-sdk/src/common/hardware_claim/claim.c.o
                0x10000688                hw_claim_unused_from_range
 .text.hw_claim_clear
                0x10000724       0x50 CMakeFiles/pico_tcp_client.dir/home/sudharsan/pico-sdk/src/common/hardware_claim/claim.c.o
                0x10000724                hw_claim_clear
 .text.next_striped_spin_lock_num
                0x10000774       0x18 CMakeFiles/pico_tcp_client.dir/home/sudharsan/pico-sdk/src/rp2_common/hardware_sync/sync.c.o
                0x10000774                next_striped_spin_lock_num
 .text.spin_lock_claim_unused
                0x1000078c       0x20 CMakeFiles/pico_tcp_client.dir/home/sudharsan/pico-sdk/src/rp2_common/hardware_sync/sync.c.o
                0x1000078c                spin_lock_claim_unused
 .text.spinlock_set_extexclall
                0x100007ac       0x10 CMakeFiles/pico_tcp_client.dir/home/sudharsan/pico-sdk/src/rp2_common/hardware_sync_spin_lock/sync_spin_lock.c.o
 .text.spin_locks_reset
                0x100007bc       0x18 CMakeFiles/pico_tcp_client.dir/home/sudharsan/pico-sdk/src/rp2_common/hardware_sync_spin_lock/sync_spin_lock.c.o
                0x100007bc                spin_locks_reset
 .text.runtime_init_per_core_irq_priorities
                0x100007d4       0x40 CMakeFiles/pico_tcp_client.dir/home/sudharsan/pico-sdk/src/rp2_common/hardware_irq/irq.c.o
                0x100007d4                runtime_init_per_core_irq_priorities
 .text.irq_set_enabled
                0x10000814       0x2c CMakeFiles/pico_tcp_client.dir/home/sudharsan/pico-sdk/src/rp2_common/hardware_irq/irq.c.o
                0x10000814                irq_set_enabled
 .text.irq_is_enabled
                0x10000840       0x20 CMakeFiles/pico_tcp_client.dir/home/sudharsan/pico-sdk/src/rp2_common/hardware_irq/irq.c.o
                0x10000840                irq_is_enabled
 .text.irq_set_pending
                0x10000860       0x18 CMakeFiles/pico_tcp_client.dir/home/sudharsan/pico-sdk/src/rp2_common/hardware_irq/irq.c.o
                0x10000860                irq_set_pending
 .text.irq_has_shared_handler
                0x10000878       0x20 CMakeFiles/pico_tcp_client.dir/home/sudharsan/pico-sdk/src/rp2_common/hardware_irq/irq.c.o
                0x10000878                irq_has_shared_handler
 .text.irq_set_exclusive_handler
                0x10000898       0x60 CMakeFiles/pico_tcp_client.dir/home/sudharsan/pico-sdk/src/rp2_common/hardware_irq/irq.c.o
                0x10000898                irq_set_exclusive_handler
 .text.irq_add_shared_handler
                0x100008f8      0x1e8 CMakeFiles/pico_tcp_client.dir/home/sudharsan/pico-sdk/src/rp2_common/hardware_irq/irq.c.o
                0x100008f8                irq_add_shared_handler
 .text.irq_remove_handler
                0x10000ae0      0x1fc CMakeFiles/pico_tcp_client.dir/home/sudharsan/pico-sdk/src/rp2_common/hardware_irq/irq.c.o
                0x10000ae0                irq_remove_handler
 .text.irq_set_priority
                0x10000cdc       0x28 CMakeFiles/pico_tcp_client.dir/home/sudharsan/pico-sdk/src/rp2_common/hardware_irq/irq.c.o
                0x10000cdc                irq_set_priority
 .text.irq_add_tail_to_free_list
                0x10000d04       0xbc CMakeFiles/pico_tcp_client.dir/home/sudharsan/pico-sdk/src/rp2_common/hardware_irq/irq.c.o
                0x10000d04                irq_add_tail_to_free_list
 .text.user_irq_unclaim
                0x10000dc0       0x10 CMakeFiles/pico_tcp_client.dir/home/sudharsan/pico-sdk/src/rp2_common/hardware_irq/irq.c.o
                0x10000dc0                user_irq_unclaim
 .text.user_irq_claim_unused
                0x10000dd0       0x28 CMakeFiles/pico_tcp_client.dir/home/sudharsan/pico-sdk/src/rp2_common/hardware_irq/irq.c.o
                0x10000dd0                user_irq_claim_unused
 .text.sem_init
                0x10000df8       0x20 CMakeFiles/pico_tcp_client.dir/home/sudharsan/pico-sdk/src/common/pico_sync/sem.c.o
                0x10000df8                sem_init
 .text.lock_init
                0x10000e18        0xc CMakeFiles/pico_tcp_client.dir/home/sudharsan/pico-sdk/src/common/pico_sync/lock_core.c.o
                0x10000e18                lock_init
 .text.runtime_init_mutex
                0x10000e24       0x4c CMakeFiles/pico_tcp_client.dir/home/sudharsan/pico-sdk/src/common/pico_sync/mutex.c.o
                0x10000e24                runtime_init_mutex
 .text.mutex_init
                0x10000e70       0x1c CMakeFiles/pico_tcp_client.dir/home/sudharsan/pico-sdk/src/common/pico_sync/mutex.c.o
                0x10000e70                mutex_init
 .text.recursive_mutex_init
                0x10000e8c       0x1c CMakeFiles/pico_tcp_client.dir/home/sudharsan/pico-sdk/src/common/pico_sync/mutex.c.o
                0x10000e8c                recursive_mutex_init
 .text.critical_section_init
                0x10000ea8       0x1c CMakeFiles/pico_tcp_client.dir/home/sudharsan/pico-sdk/src/common/pico_sync/critical_section.c.o
                0x10000ea8                critical_section_init
 .text.critical_section_init_with_lock_num
                0x10000ec4       0x10 CMakeFiles/pico_tcp_client.dir/home/sudharsan/pico-sdk/src/common/pico_sync/critical_section.c.o
                0x10000ec4                critical_section_init_with_lock_num
 .text.sleep_until_callback
                0x10000ed4       0x3c CMakeFiles/pico_tcp_client.dir/home/sudharsan/pico-sdk/src/common/pico_time/time.c.o
 .text.alarm_pool_irq_handler
                0x10000f10      0x2f0 CMakeFiles/pico_tcp_client.dir/home/sudharsan/pico-sdk/src/common/pico_time/time.c.o
 .text.runtime_init_default_alarm_pool
                0x10001200      0x100 CMakeFiles/pico_tcp_client.dir/home/sudharsan/pico-sdk/src/common/pico_time/time.c.o
                0x10001200                runtime_init_default_alarm_pool
 .text.alarm_pool_get_default
                0x10001300        0x8 CMakeFiles/pico_tcp_client.dir/home/sudharsan/pico-sdk/src/common/pico_time/time.c.o
                0x10001300                alarm_pool_get_default
 .text.alarm_pool_add_alarm_at
                0x10001308       0xdc CMakeFiles/pico_tcp_client.dir/home/sudharsan/pico-sdk/src/common/pico_time/time.c.o
                0x10001308                alarm_pool_add_alarm_at
 .text.alarm_pool_add_alarm_at_force_in_context
                0x100013e4       0xc8 CMakeFiles/pico_tcp_client.dir/home/sudharsan/pico-sdk/src/common/pico_time/time.c.o
                0x100013e4                alarm_pool_add_alarm_at_force_in_context
 .text.alarm_pool_cancel_alarm
                0x100014ac       0x80 CMakeFiles/pico_tcp_client.dir/home/sudharsan/pico-sdk/src/common/pico_time/time.c.o
                0x100014ac                alarm_pool_cancel_alarm
 .text.alarm_pool_core_num
                0x1000152c        0x4 CMakeFiles/pico_tcp_client.dir/home/sudharsan/pico-sdk/src/common/pico_time/time.c.o
                0x1000152c                alarm_pool_core_num
 .text.sleep_until
                0x10001530       0xbc CMakeFiles/pico_tcp_client.dir/home/sudharsan/pico-sdk/src/common/pico_time/time.c.o
                0x10001530                sleep_until
 .text.sleep_ms
                0x100015ec       0x2c CMakeFiles/pico_tcp_client.dir/home/sudharsan/pico-sdk/src/common/pico_time/time.c.o
                0x100015ec                sleep_ms
 .text.best_effort_wfe_or_timeout
                0x10001618       0xbc CMakeFiles/pico_tcp_client.dir/home/sudharsan/pico-sdk/src/common/pico_time/time.c.o
                0x10001618                best_effort_wfe_or_timeout
 .text.timer_hardware_alarm_claim
                0x100016d4       0x24 CMakeFiles/pico_tcp_client.dir/home/sudharsan/pico-sdk/src/rp2_common/hardware_timer/timer.c.o
                0x100016d4                timer_hardware_alarm_claim
 .text.timer_time_us_64
                0x100016f8       0x10 CMakeFiles/pico_tcp_client.dir/home/sudharsan/pico-sdk/src/rp2_common/hardware_timer/timer.c.o
                0x100016f8                timer_time_us_64
 .text.time_us_64
                0x10001708       0x14 CMakeFiles/pico_tcp_client.dir/home/sudharsan/pico-sdk/src/rp2_common/hardware_timer/timer.c.o
                0x10001708                time_us_64
 .text.busy_wait_until
                0x1000171c       0x24 CMakeFiles/pico_tcp_client.dir/home/sudharsan/pico-sdk/src/rp2_common/hardware_timer/timer.c.o
                0x1000171c                busy_wait_until
 .text.clock_configure_undivided
                0x10001740       0xd0 CMakeFiles/pico_tcp_client.dir/home/sudharsan/pico-sdk/src/rp2_common/hardware_clocks/clocks.c.o
                0x10001740                clock_configure_undivided
 .text.clock_get_hz
                0x10001810        0xc CMakeFiles/pico_tcp_client.dir/home/sudharsan/pico-sdk/src/rp2_common/hardware_clocks/clocks.c.o
                0x10001810                clock_get_hz
 .text.pll_init
                0x1000181c       0x8c CMakeFiles/pico_tcp_client.dir/home/sudharsan/pico-sdk/src/rp2_common/hardware_pll/pll.c.o
                0x1000181c                pll_init
 .text.watchdog_reboot
                0x100018a8       0x98 CMakeFiles/pico_tcp_client.dir/home/sudharsan/pico-sdk/src/rp2_common/hardware_watchdog/watchdog.c.o
                0x100018a8                watchdog_reboot
 .text.tick_start
                0x10001940       0x18 CMakeFiles/pico_tcp_client.dir/home/sudharsan/pico-sdk/src/rp2_common/hardware_ticks/ticks.c.o
                0x10001940                tick_start
 .text.rom_reboot.constprop.0.isra.0
                0x10001958       0x34 CMakeFiles/pico_tcp_client.dir/home/sudharsan/pico-sdk/src/rp2_common/pico_bootrom/bootrom.c.o
 .text.rom_func_lookup
                0x1000198c       0x18 CMakeFiles/pico_tcp_client.dir/home/sudharsan/pico-sdk/src/rp2_common/pico_bootrom/bootrom.c.o
                0x1000198c                rom_func_lookup
 .text.rom_reset_usb_boot_extra
                0x100019a4       0x1c CMakeFiles/pico_tcp_client.dir/home/sudharsan/pico-sdk/src/rp2_common/pico_bootrom/bootrom.c.o
                0x100019a4                rom_reset_usb_boot_extra
 .text.rom_get_boot_random
                0x100019c0       0x48 CMakeFiles/pico_tcp_client.dir/home/sudharsan/pico-sdk/src/rp2_common/pico_bootrom/bootrom.c.o
                0x100019c0                rom_get_boot_random
 .text.runtime_init_bootrom_locking_enable
                0x10001a08       0x14 CMakeFiles/pico_tcp_client.dir/home/sudharsan/pico-sdk/src/rp2_common/pico_bootrom/bootrom_lock.c.o
                0x10001a08                runtime_init_bootrom_locking_enable
 .text.runtime_init_boot_locks_reset
                0x10001a1c       0x1c CMakeFiles/pico_tcp_client.dir/home/sudharsan/pico-sdk/src/rp2_common/hardware_boot_lock/boot_lock.c.o
                0x10001a1c                runtime_init_boot_locks_reset
 .text.xosc_init
                0x10001a38       0x30 CMakeFiles/pico_tcp_client.dir/home/sudharsan/pico-sdk/src/rp2_common/hardware_xosc/xosc.c.o
                0x10001a38                xosc_init
 .text.first_per_core_initializer
                0x10001a68        0x4 CMakeFiles/pico_tcp_client.dir/home/sudharsan/pico-sdk/src/rp2_common/pico_runtime/runtime.c.o
 .text.hard_assertion_failure
                0x10001a6c        0xc CMakeFiles/pico_tcp_client.dir/home/sudharsan/pico-sdk/src/rp2_common/pico_runtime/runtime.c.o
                0x10001a6c                hard_assertion_failure
 .text.runtime_run_initializers
                0x10001a78       0x20 CMakeFiles/pico_tcp_client.dir/home/sudharsan/pico-sdk/src/rp2_common/pico_runtime/runtime.c.o
                0x10001a78                runtime_run_initializers
 .text.runtime_init_early_resets
                0x10001a98       0x34 CMakeFiles/pico_tcp_client.dir/home/sudharsan/pico-sdk/src/rp2_common/pico_runtime_init/runtime_init.c.o
                0x10001a98                runtime_init_early_resets
 .text.runtime_init_usb_power_down
                0x10001acc       0x1c CMakeFiles/pico_tcp_client.dir/home/sudharsan/pico-sdk/src/rp2_common/pico_runtime_init/runtime_init.c.o
                0x10001acc                runtime_init_usb_power_down
 .text.runtime_init_per_core_enable_coprocessors
                0x10001ae8       0x1c CMakeFiles/pico_tcp_client.dir/home/sudharsan/pico-sdk/src/rp2_common/pico_runtime_init/runtime_init.c.o
                0x10001ae8                runtime_init_per_core_enable_coprocessors
 .text.runtime_init_post_clock_resets
                0x10001b04       0x20 CMakeFiles/pico_tcp_client.dir/home/sudharsan/pico-sdk/src/rp2_common/pico_runtime_init/runtime_init.c.o
                0x10001b04                runtime_init_post_clock_resets
 .text.runtime_init_bootrom_reset
                0x10001b24       0x14 CMakeFiles/pico_tcp_client.dir/home/sudharsan/pico-sdk/src/rp2_common/pico_runtime_init/runtime_init.c.o
                0x10001b24                runtime_init_bootrom_reset
 .text.runtime_init_per_core_bootrom_reset
                0x10001b38       0x14 CMakeFiles/pico_tcp_client.dir/home/sudharsan/pico-sdk/src/rp2_common/pico_runtime_init/runtime_init.c.o
                0x10001b38                runtime_init_per_core_bootrom_reset
 .text.runtime_init_spin_locks_reset
                0x10001b4c        0x4 CMakeFiles/pico_tcp_client.dir/home/sudharsan/pico-sdk/src/rp2_common/pico_runtime_init/runtime_init.c.o
                0x10001b4c                runtime_init_spin_locks_reset
 .text.runtime_init_install_ram_vector_table
                0x10001b50       0x68 CMakeFiles/pico_tcp_client.dir/home/sudharsan/pico-sdk/src/rp2_common/pico_runtime_init/runtime_init.c.o
                0x10001b50                runtime_init_install_ram_vector_table
 .text.runtime_init_clocks
                0x10001bb8       0xdc CMakeFiles/pico_tcp_client.dir/home/sudharsan/pico-sdk/src/rp2_common/pico_runtime_init/runtime_init_clocks.c.o
                0x10001bb8                runtime_init_clocks
 .text.__rp2350_dcp_engaged_state_save_restore
                0x10001c94       0x3a CMakeFiles/pico_tcp_client.dir/home/sudharsan/pico-sdk/src/rp2_common/pico_double/double_aeabi_dcp.S.o
 *fill*         0x10001cce        0x2 
 .text.__wrap___aeabi_dadd
                0x10001cd0       0x28 CMakeFiles/pico_tcp_client.dir/home/sudharsan/pico-sdk/src/rp2_common/pico_double/double_aeabi_dcp.S.o
                0x10001cd8                __wrap___aeabi_dadd
 .text.__wrap___aeabi_dsub
                0x10001cf8       0x28 CMakeFiles/pico_tcp_client.dir/home/sudharsan/pico-sdk/src/rp2_common/pico_double/double_aeabi_dcp.S.o
                0x10001d00                __wrap___aeabi_dsub
 .text.__wrap___aeabi_dmul
                0x10001d20       0x4c CMakeFiles/pico_tcp_client.dir/home/sudharsan/pico-sdk/src/rp2_common/pico_double/double_aeabi_dcp.S.o
                0x10001d28                __wrap___aeabi_dmul
 .text.__wrap___aeabi_ddiv
                0x10001d6c       0x9c CMakeFiles/pico_tcp_client.dir/home/sudharsan/pico-sdk/src/rp2_common/pico_double/double_aeabi_dcp.S.o
                0x10001d74                __wrap___aeabi_ddiv
 .text.__wrap___aeabi_i2d
                0x10001e08       0x24 CMakeFiles/pico_tcp_client.dir/home/sudharsan/pico-sdk/src/rp2_common/pico_double/double_aeabi_dcp.S.o
                0x10001e10                __wrap___aeabi_i2d
                0x10001e10                int2double
 .text.__wrap___aeabi_ui2d
                0x10001e2c       0x24 CMakeFiles/pico_tcp_client.dir/home/sudharsan/pico-sdk/src/rp2_common/pico_double/double_aeabi_dcp.S.o
                0x10001e34                __wrap___aeabi_ui2d
                0x10001e34                uint2double
 .text.__wrap___aeabi_d2iz
                0x10001e50       0x24 CMakeFiles/pico_tcp_client.dir/home/sudharsan/pico-sdk/src/rp2_common/pico_double/double_aeabi_dcp.S.o
                0x10001e58                __wrap___aeabi_d2iz
                0x10001e58                double2int_z
 .text.__wrap___aeabi_d2uiz
                0x10001e74       0x24 CMakeFiles/pico_tcp_client.dir/home/sudharsan/pico-sdk/src/rp2_common/pico_double/double_aeabi_dcp.S.o
                0x10001e7c                double2uint_z
                0x10001e7c                double2uint
                0x10001e7c                __wrap___aeabi_d2uiz
 .text.__wrap___aeabi_dcmpun
                0x10001e98       0x24 CMakeFiles/pico_tcp_client.dir/home/sudharsan/pico-sdk/src/rp2_common/pico_double/double_aeabi_dcp.S.o
                0x10001ea0                __wrap___aeabi_dcmpun
 .text.__wrap___aeabi_dcmplt
                0x10001ebc       0x28 CMakeFiles/pico_tcp_client.dir/home/sudharsan/pico-sdk/src/rp2_common/pico_double/double_aeabi_dcp.S.o
                0x10001ec4                __wrap___aeabi_dcmplt
 .text.__wrap___aeabi_dcmpge
                0x10001ee4       0x28 CMakeFiles/pico_tcp_client.dir/home/sudharsan/pico-sdk/src/rp2_common/pico_double/double_aeabi_dcp.S.o
                0x10001eec                __wrap___aeabi_dcmpge
 .text.__wrap___aeabi_dcmpgt
                0x10001f0c       0x28 CMakeFiles/pico_tcp_client.dir/home/sudharsan/pico-sdk/src/rp2_common/pico_double/double_aeabi_dcp.S.o
                0x10001f14                __wrap___aeabi_dcmpgt
 .text._out_null
                0x10001f34        0x4 CMakeFiles/pico_tcp_client.dir/home/sudharsan/pico-sdk/src/rp2_common/pico_printf/printf.c.o
 .text._out_rev
                0x10001f38       0x9c CMakeFiles/pico_tcp_client.dir/home/sudharsan/pico-sdk/src/rp2_common/pico_printf/printf.c.o
 .text._ntoa_format
                0x10001fd4      0x2a4 CMakeFiles/pico_tcp_client.dir/home/sudharsan/pico-sdk/src/rp2_common/pico_printf/printf.c.o
 .text._out_char
                0x10002278        0x8 CMakeFiles/pico_tcp_client.dir/home/sudharsan/pico-sdk/src/rp2_common/pico_printf/printf.c.o
 .text._out_fct
                0x10002280        0xc CMakeFiles/pico_tcp_client.dir/home/sudharsan/pico-sdk/src/rp2_common/pico_printf/printf.c.o
 *fill*         0x1000228c        0x4 
 .text._etoa    0x10002290      0x460 CMakeFiles/pico_tcp_client.dir/home/sudharsan/pico-sdk/src/rp2_common/pico_printf/printf.c.o
 .text._ftoa    0x100026f0      0x3f4 CMakeFiles/pico_tcp_client.dir/home/sudharsan/pico-sdk/src/rp2_common/pico_printf/printf.c.o
 .text._vsnprintf
                0x10002ae4      0x9e8 CMakeFiles/pico_tcp_client.dir/home/sudharsan/pico-sdk/src/rp2_common/pico_printf/printf.c.o
 .text.vfctprintf
                0x100034cc       0x28 CMakeFiles/pico_tcp_client.dir/home/sudharsan/pico-sdk/src/rp2_common/pico_printf/printf.c.o
                0x100034cc                vfctprintf
 .text.weak_raw_vprintf
                0x100034f4       0x30 CMakeFiles/pico_tcp_client.dir/home/sudharsan/pico-sdk/src/rp2_common/pico_printf/printf.c.o
                0x100034f4                weak_raw_vprintf
 .text._exit    0x10003524        0x4 CMakeFiles/pico_tcp_client.dir/home/sudharsan/pico-sdk/src/rp2_common/pico_clib_interface/newlib_interface.c.o
                0x10003524                _exit
 .text.exit     0x10003528        0x8 CMakeFiles/pico_tcp_client.dir/home/sudharsan/pico-sdk/src/rp2_common/pico_clib_interface/newlib_interface.c.o
                0x10003528                exit
 .text.runtime_init
                0x10003530       0x24 CMakeFiles/pico_tcp_client.dir/home/sudharsan/pico-sdk/src/rp2_common/pico_clib_interface/newlib_interface.c.o
                0x10003530                runtime_init
 .text.stdio_out_chars_no_crlf
                0x10003554        0x8 CMakeFiles/pico_tcp_client.dir/home/sudharsan/pico-sdk/src/rp2_common/pico_stdio/stdio.c.o
 .text.stdio_out_chars_crlf
                0x1000355c       0xac CMakeFiles/pico_tcp_client.dir/home/sudharsan/pico-sdk/src/rp2_common/pico_stdio/stdio.c.o
 .text.stdio_buffered_printer
                0x10003608       0x60 CMakeFiles/pico_tcp_client.dir/home/sudharsan/pico-sdk/src/rp2_common/pico_stdio/stdio.c.o
 .text.stdio_put_string
                0x10003668       0xf0 CMakeFiles/pico_tcp_client.dir/home/sudharsan/pico-sdk/src/rp2_common/pico_stdio/stdio.c.o
                0x10003668                stdio_put_string
 .text.stdio_set_driver_enabled
                0x10003758       0x30 CMakeFiles/pico_tcp_client.dir/home/sudharsan/pico-sdk/src/rp2_common/pico_stdio/stdio.c.o
                0x10003758                stdio_set_driver_enabled
 .text.stdio_init_all
                0x10003788        0x4 CMakeFiles/pico_tcp_client.dir/home/sudharsan/pico-sdk/src/rp2_common/pico_stdio/stdio.c.o
                0x10003788                stdio_init_all
 .text.__wrap_putchar
                0x1000378c       0x84 CMakeFiles/pico_tcp_client.dir/home/sudharsan/pico-sdk/src/rp2_common/pico_stdio/stdio.c.o
                0x1000378c                stdio_putchar
                0x1000378c                __wrap_putchar
 .text.__wrap_puts
                0x10003810       0x3c CMakeFiles/pico_tcp_client.dir/home/sudharsan/pico-sdk/src/rp2_common/pico_stdio/stdio.c.o
                0x10003810                __wrap_puts
                0x10003810                stdio_puts
 .text.__wrap_vprintf
                0x1000384c       0xc8 CMakeFiles/pico_tcp_client.dir/home/sudharsan/pico-sdk/src/rp2_common/pico_stdio/stdio.c.o
                0x1000384c                __wrap_vprintf
                0x1000384c                stdio_vprintf
 .text.__wrap_printf
                0x10003914       0x1c CMakeFiles/pico_tcp_client.dir/home/sudharsan/pico-sdk/src/rp2_common/pico_stdio/stdio.c.o
                0x10003914                stdio_printf
                0x10003914                __wrap_printf
 .text.resetd_init
                0x10003930        0x4 CMakeFiles/pico_tcp_client.dir/home/sudharsan/pico-sdk/src/rp2_common/pico_stdio_usb/reset_interface.c.o
 .text.resetd_reset
                0x10003934        0xc CMakeFiles/pico_tcp_client.dir/home/sudharsan/pico-sdk/src/rp2_common/pico_stdio_usb/reset_interface.c.o
 .text.resetd_open
                0x10003940       0x28 CMakeFiles/pico_tcp_client.dir/home/sudharsan/pico-sdk/src/rp2_common/pico_stdio_usb/reset_interface.c.o
 .text.resetd_xfer_cb
                0x10003968        0x4 CMakeFiles/pico_tcp_client.dir/home/sudharsan/pico-sdk/src/rp2_common/pico_stdio_usb/reset_interface.c.o
 .text.resetd_control_xfer_cb
                0x1000396c       0x50 CMakeFiles/pico_tcp_client.dir/home/sudharsan/pico-sdk/src/rp2_common/pico_stdio_usb/reset_interface.c.o
 .text.tud_descriptor_bos_cb
                0x100039bc        0x8 CMakeFiles/pico_tcp_client.dir/home/sudharsan/pico-sdk/src/rp2_common/pico_stdio_usb/reset_interface.c.o
                0x100039bc                tud_descriptor_bos_cb
 .text.tud_vendor_control_xfer_cb
                0x100039c4       0x28 CMakeFiles/pico_tcp_client.dir/home/sudharsan/pico-sdk/src/rp2_common/pico_stdio_usb/reset_interface.c.o
                0x100039c4                tud_vendor_control_xfer_cb
 .text.usbd_app_driver_get_cb
                0x100039ec       0x10 CMakeFiles/pico_tcp_client.dir/home/sudharsan/pico-sdk/src/rp2_common/pico_stdio_usb/reset_interface.c.o
                0x100039ec                usbd_app_driver_get_cb
 .text.tud_cdc_line_coding_cb
                0x100039fc       0x18 CMakeFiles/pico_tcp_client.dir/home/sudharsan/pico-sdk/src/rp2_common/pico_stdio_usb/reset_interface.c.o
                0x100039fc                tud_cdc_line_coding_cb
 .text.stdio_usb_set_chars_available_callback
                0x10003a14       0x14 CMakeFiles/pico_tcp_client.dir/home/sudharsan/pico-sdk/src/rp2_common/pico_stdio_usb/stdio_usb.c.o
                0x10003a14                stdio_usb_set_chars_available_callback
 .text.timer_task
                0x10003a28       0x70 CMakeFiles/pico_tcp_client.dir/home/sudharsan/pico-sdk/src/rp2_common/pico_stdio_usb/stdio_usb.c.o
 .text.usb_irq  0x10003a98        0xc CMakeFiles/pico_tcp_client.dir/home/sudharsan/pico-sdk/src/rp2_common/pico_stdio_usb/stdio_usb.c.o
 .text.stdio_usb_in_chars
                0x10003aa4       0x88 CMakeFiles/pico_tcp_client.dir/home/sudharsan/pico-sdk/src/rp2_common/pico_stdio_usb/stdio_usb.c.o
                0x10003aa4                stdio_usb_in_chars
 .text.stdio_usb_out_flush
                0x10003b2c       0x54 CMakeFiles/pico_tcp_client.dir/home/sudharsan/pico-sdk/src/rp2_common/pico_stdio_usb/stdio_usb.c.o
 .text.stdio_usb_out_chars
                0x10003b80       0xf4 CMakeFiles/pico_tcp_client.dir/home/sudharsan/pico-sdk/src/rp2_common/pico_stdio_usb/stdio_usb.c.o
 .text.low_priority_worker_irq
                0x10003c74       0xd8 CMakeFiles/pico_tcp_client.dir/home/sudharsan/pico-sdk/src/rp2_common/pico_stdio_usb/stdio_usb.c.o
 .text.stdio_usb_init
                0x10003d4c       0xe8 CMakeFiles/pico_tcp_client.dir/home/sudharsan/pico-sdk/src/rp2_common/pico_stdio_usb/stdio_usb.c.o
                0x10003d4c                stdio_usb_init
 .text.tud_descriptor_device_cb
                0x10003e34        0x8 CMakeFiles/pico_tcp_client.dir/home/sudharsan/pico-sdk/src/rp2_common/pico_stdio_usb/stdio_usb_descriptors.c.o
                0x10003e34                tud_descriptor_device_cb
 .text.tud_descriptor_configuration_cb
                0x10003e3c        0x8 CMakeFiles/pico_tcp_client.dir/home/sudharsan/pico-sdk/src/rp2_common/pico_stdio_usb/stdio_usb_descriptors.c.o
                0x10003e3c                tud_descriptor_configuration_cb
 .text.tud_descriptor_string_cb
                0x10003e44       0x70 CMakeFiles/pico_tcp_client.dir/home/sudharsan/pico-sdk/src/rp2_common/pico_stdio_usb/stdio_usb_descriptors.c.o
                0x10003e44                tud_descriptor_string_cb
 .text.startup._retrieve_unique_id_on_boot
                0x10003eb4       0x30 CMakeFiles/pico_tcp_client.dir/home/sudharsan/pico-sdk/src/rp2_common/pico_unique_id/unique_id.c.o
 .text.pico_get_unique_board_id
                0x10003ee4       0x10 CMakeFiles/pico_tcp_client.dir/home/sudharsan/pico-sdk/src/rp2_common/pico_unique_id/unique_id.c.o
                0x10003ee4                pico_get_unique_board_id
 .text.pico_get_unique_board_id_string
                0x10003ef4      0x184 CMakeFiles/pico_tcp_client.dir/home/sudharsan/pico-sdk/src/rp2_common/pico_unique_id/unique_id.c.o
                0x10003ef4                pico_get_unique_board_id_string
 .text.dcd_init
                0x10004078       0x90 CMakeFiles/pico_tcp_client.dir/home/sudharsan/pico-sdk/lib/tinyusb/src/portable/raspberrypi/rp2040/dcd_rp2040.c.o
                0x10004078                dcd_init
 .text.dcd_int_enable
                0x10004108        0x8 CMakeFiles/pico_tcp_client.dir/home/sudharsan/pico-sdk/lib/tinyusb/src/portable/raspberrypi/rp2040/dcd_rp2040.c.o
                0x10004108                dcd_int_enable
 .text.dcd_set_address
                0x10004110       0x10 CMakeFiles/pico_tcp_client.dir/home/sudharsan/pico-sdk/lib/tinyusb/src/portable/raspberrypi/rp2040/dcd_rp2040.c.o
                0x10004110                dcd_set_address
 .text.dcd_sof_enable
                0x10004120       0x1c CMakeFiles/pico_tcp_client.dir/home/sudharsan/pico-sdk/lib/tinyusb/src/portable/raspberrypi/rp2040/dcd_rp2040.c.o
                0x10004120                dcd_sof_enable
 .text.dcd_edpt0_status_complete
                0x1000413c       0x1c CMakeFiles/pico_tcp_client.dir/home/sudharsan/pico-sdk/lib/tinyusb/src/portable/raspberrypi/rp2040/dcd_rp2040.c.o
                0x1000413c                dcd_edpt0_status_complete
 .text.dcd_edpt_open
                0x10004158      0x108 CMakeFiles/pico_tcp_client.dir/home/sudharsan/pico-sdk/lib/tinyusb/src/portable/raspberrypi/rp2040/dcd_rp2040.c.o
                0x10004158                dcd_edpt_open
 .text.dcd_edpt_close_all
                0x10004260        0x4 CMakeFiles/pico_tcp_client.dir/home/sudharsan/pico-sdk/lib/tinyusb/src/portable/raspberrypi/rp2040/dcd_rp2040.c.o
                0x10004260                dcd_edpt_close_all
 .text.dcd_edpt_xfer
                0x10004264       0x28 CMakeFiles/pico_tcp_client.dir/home/sudharsan/pico-sdk/lib/tinyusb/src/portable/raspberrypi/rp2040/dcd_rp2040.c.o
                0x10004264                dcd_edpt_xfer
 .text.dcd_edpt_stall
                0x1000428c       0x2c CMakeFiles/pico_tcp_client.dir/home/sudharsan/pico-sdk/lib/tinyusb/src/portable/raspberrypi/rp2040/dcd_rp2040.c.o
                0x1000428c                dcd_edpt_stall
 .text.dcd_edpt_clear_stall
                0x100042b8       0x2c CMakeFiles/pico_tcp_client.dir/home/sudharsan/pico-sdk/lib/tinyusb/src/portable/raspberrypi/rp2040/dcd_rp2040.c.o
                0x100042b8                dcd_edpt_clear_stall
 .text.rp2040_usb_init
                0x100042e4       0x40 CMakeFiles/pico_tcp_client.dir/home/sudharsan/pico-sdk/lib/tinyusb/src/portable/raspberrypi/rp2040/rp2040_usb.c.o
                0x100042e4                rp2040_usb_init
 .text.hw_endpoint_xfer_start
                0x10004324       0x40 CMakeFiles/pico_tcp_client.dir/home/sudharsan/pico-sdk/lib/tinyusb/src/portable/raspberrypi/rp2040/rp2040_usb.c.o
                0x10004324                hw_endpoint_xfer_start
 .text.configuration_reset
                0x10004364       0x8c CMakeFiles/pico_tcp_client.dir/home/sudharsan/pico-sdk/lib/tinyusb/src/device/usbd.c.o
 .text.tud_event_hook_cb
                0x100043f0        0x4 CMakeFiles/pico_tcp_client.dir/home/sudharsan/pico-sdk/lib/tinyusb/src/device/usbd.c.o
                0x100043f0                tud_event_hook_cb
 .text.tud_sof_cb
                0x100043f4        0x4 CMakeFiles/pico_tcp_client.dir/home/sudharsan/pico-sdk/lib/tinyusb/src/device/usbd.c.o
                0x100043f4                tud_sof_cb
 .text.tud_descriptor_device_qualifier_cb
                0x100043f8        0x4 CMakeFiles/pico_tcp_client.dir/home/sudharsan/pico-sdk/lib/tinyusb/src/device/usbd.c.o
                0x100043f8                tud_descriptor_device_qualifier_cb
 .text.tud_descriptor_other_speed_configuration_cb
                0x100043fc        0x4 CMakeFiles/pico_tcp_client.dir/home/sudharsan/pico-sdk/lib/tinyusb/src/device/usbd.c.o
                0x100043fc                tud_descriptor_other_speed_configuration_cb
 .text.tud_mount_cb
                0x10004400        0x4 CMakeFiles/pico_tcp_client.dir/home/sudharsan/pico-sdk/lib/tinyusb/src/device/usbd.c.o
                0x10004400                tud_mount_cb
 .text.tud_umount_cb
                0x10004404        0x4 CMakeFiles/pico_tcp_client.dir/home/sudharsan/pico-sdk/lib/tinyusb/src/device/usbd.c.o
                0x10004404                tud_umount_cb
 .text.tud_suspend_cb
                0x10004408        0x4 CMakeFiles/pico_tcp_client.dir/home/sudharsan/pico-sdk/lib/tinyusb/src/device/usbd.c.o
                0x10004408                tud_suspend_cb
 .text.tud_resume_cb
                0x1000440c        0x4 CMakeFiles/pico_tcp_client.dir/home/sudharsan/pico-sdk/lib/tinyusb/src/device/usbd.c.o
                0x1000440c                tud_resume_cb
 .text.tud_mounted
                0x10004410       0x10 CMakeFiles/pico_tcp_client.dir/home/sudharsan/pico-sdk/lib/tinyusb/src/device/usbd.c.o
                0x10004410                tud_mounted
 .text.tud_suspended
                0x10004420       0x10 CMakeFiles/pico_tcp_client.dir/home/sudharsan/pico-sdk/lib/tinyusb/src/device/usbd.c.o
                0x10004420                tud_suspended
 .text.tud_rhport_init
                0x10004430       0xf8 CMakeFiles/pico_tcp_client.dir/home/sudharsan/pico-sdk/lib/tinyusb/src/device/usbd.c.o
                0x10004430                tud_rhport_init
 .text.tud_task_ext
                0x10004528      0x784 CMakeFiles/pico_tcp_client.dir/home/sudharsan/pico-sdk/lib/tinyusb/src/device/usbd.c.o
                0x10004528                tud_task_ext
 .text.usbd_open_edpt_pair
                0x10004cac       0x9c CMakeFiles/pico_tcp_client.dir/home/sudharsan/pico-sdk/lib/tinyusb/src/device/usbd.c.o
                0x10004cac                usbd_open_edpt_pair
 .text.usbd_edpt_open
                0x10004d48       0x44 CMakeFiles/pico_tcp_client.dir/home/sudharsan/pico-sdk/lib/tinyusb/src/device/usbd.c.o
                0x10004d48                usbd_edpt_open
 .text.usbd_edpt_claim
                0x10004d8c       0x24 CMakeFiles/pico_tcp_client.dir/home/sudharsan/pico-sdk/lib/tinyusb/src/device/usbd.c.o
                0x10004d8c                usbd_edpt_claim
 .text.usbd_edpt_release
                0x10004db0       0x24 CMakeFiles/pico_tcp_client.dir/home/sudharsan/pico-sdk/lib/tinyusb/src/device/usbd.c.o
                0x10004db0                usbd_edpt_release
 .text.usbd_edpt_xfer
                0x10004dd4       0x70 CMakeFiles/pico_tcp_client.dir/home/sudharsan/pico-sdk/lib/tinyusb/src/device/usbd.c.o
                0x10004dd4                usbd_edpt_xfer
 .text.tud_control_status
                0x10004e44       0x34 CMakeFiles/pico_tcp_client.dir/home/sudharsan/pico-sdk/lib/tinyusb/src/device/usbd_control.c.o
                0x10004e44                tud_control_status
 .text.tud_control_xfer
                0x10004e78       0xac CMakeFiles/pico_tcp_client.dir/home/sudharsan/pico-sdk/lib/tinyusb/src/device/usbd_control.c.o
                0x10004e78                tud_control_xfer
 .text.usbd_control_reset
                0x10004f24       0x14 CMakeFiles/pico_tcp_client.dir/home/sudharsan/pico-sdk/lib/tinyusb/src/device/usbd_control.c.o
                0x10004f24                usbd_control_reset
 .text.usbd_control_set_complete_callback
                0x10004f38        0xc CMakeFiles/pico_tcp_client.dir/home/sudharsan/pico-sdk/lib/tinyusb/src/device/usbd_control.c.o
                0x10004f38                usbd_control_set_complete_callback
 .text.usbd_control_set_request
                0x10004f44       0x1c CMakeFiles/pico_tcp_client.dir/home/sudharsan/pico-sdk/lib/tinyusb/src/device/usbd_control.c.o
                0x10004f44                usbd_control_set_request
 .text.usbd_control_xfer_cb
                0x10004f60       0xfc CMakeFiles/pico_tcp_client.dir/home/sudharsan/pico-sdk/lib/tinyusb/src/device/usbd_control.c.o
                0x10004f60                usbd_control_xfer_cb
 .text._prep_out_transaction.isra.0
                0x1000505c       0x74 CMakeFiles/pico_tcp_client.dir/home/sudharsan/pico-sdk/lib/tinyusb/src/class/cdc/cdc_device.c.o
 .text.tud_cdc_n_connected
                0x100050d0       0x2c CMakeFiles/pico_tcp_client.dir/home/sudharsan/pico-sdk/lib/tinyusb/src/class/cdc/cdc_device.c.o
                0x100050d0                tud_cdc_n_connected
 .text.tud_cdc_n_available
                0x100050fc       0x18 CMakeFiles/pico_tcp_client.dir/home/sudharsan/pico-sdk/lib/tinyusb/src/class/cdc/cdc_device.c.o
                0x100050fc                tud_cdc_n_available
 .text.tud_cdc_n_read
                0x10005114       0x8c CMakeFiles/pico_tcp_client.dir/home/sudharsan/pico-sdk/lib/tinyusb/src/class/cdc/cdc_device.c.o
                0x10005114                tud_cdc_n_read
 .text.tud_cdc_n_write_flush
                0x100051a0       0x8c CMakeFiles/pico_tcp_client.dir/home/sudharsan/pico-sdk/lib/tinyusb/src/class/cdc/cdc_device.c.o
                0x100051a0                tud_cdc_n_write_flush
 .text.tud_cdc_n_write
                0x1000522c       0x44 CMakeFiles/pico_tcp_client.dir/home/sudharsan/pico-sdk/lib/tinyusb/src/class/cdc/cdc_device.c.o
                0x1000522c                tud_cdc_n_write
 .text.tud_cdc_n_write_available
                0x10005270       0x18 CMakeFiles/pico_tcp_client.dir/home/sudharsan/pico-sdk/lib/tinyusb/src/class/cdc/cdc_device.c.o
                0x10005270                tud_cdc_n_write_available
 .text.cdcd_init
                0x10005288       0x70 CMakeFiles/pico_tcp_client.dir/home/sudharsan/pico-sdk/lib/tinyusb/src/class/cdc/cdc_device.c.o
                0x10005288                cdcd_init
 .text.cdcd_deinit
                0x100052f8       0x2c CMakeFiles/pico_tcp_client.dir/home/sudharsan/pico-sdk/lib/tinyusb/src/class/cdc/cdc_device.c.o
                0x100052f8                cdcd_deinit
 .text.cdcd_reset
                0x10005324       0x4c CMakeFiles/pico_tcp_client.dir/home/sudharsan/pico-sdk/lib/tinyusb/src/class/cdc/cdc_device.c.o
                0x10005324                cdcd_reset
 .text.cdcd_open
                0x10005370       0xbc CMakeFiles/pico_tcp_client.dir/home/sudharsan/pico-sdk/lib/tinyusb/src/class/cdc/cdc_device.c.o
                0x10005370                cdcd_open
 .text.cdcd_control_xfer_cb
                0x1000542c       0xc0 CMakeFiles/pico_tcp_client.dir/home/sudharsan/pico-sdk/lib/tinyusb/src/class/cdc/cdc_device.c.o
                0x1000542c                cdcd_control_xfer_cb
 .text.cdcd_xfer_cb
                0x100054ec       0xfc CMakeFiles/pico_tcp_client.dir/home/sudharsan/pico-sdk/lib/tinyusb/src/class/cdc/cdc_device.c.o
                0x100054ec                cdcd_xfer_cb
 .text.vendord_init
                0x100055e8       0x5c CMakeFiles/pico_tcp_client.dir/home/sudharsan/pico-sdk/lib/tinyusb/src/class/vendor/vendor_device.c.o
                0x100055e8                vendord_init
 .text.vendord_deinit
                0x10005644       0x1c CMakeFiles/pico_tcp_client.dir/home/sudharsan/pico-sdk/lib/tinyusb/src/class/vendor/vendor_device.c.o
                0x10005644                vendord_deinit
 .text.vendord_reset
                0x10005660       0x24 CMakeFiles/pico_tcp_client.dir/home/sudharsan/pico-sdk/lib/tinyusb/src/class/vendor/vendor_device.c.o
                0x10005660                vendord_reset
 .text.vendord_open
                0x10005684      0x104 CMakeFiles/pico_tcp_client.dir/home/sudharsan/pico-sdk/lib/tinyusb/src/class/vendor/vendor_device.c.o
                0x10005684                vendord_open
 .text.vendord_xfer_cb
                0x10005788       0x88 CMakeFiles/pico_tcp_client.dir/home/sudharsan/pico-sdk/lib/tinyusb/src/class/vendor/vendor_device.c.o
                0x10005788                vendord_xfer_cb
 .text.tusb_rhport_init
                0x10005810       0x60 CMakeFiles/pico_tcp_client.dir/home/sudharsan/pico-sdk/lib/tinyusb/src/tusb.c.o
                0x10005810                tusb_rhport_init
 .text.tu_edpt_claim
                0x10005870       0x54 CMakeFiles/pico_tcp_client.dir/home/sudharsan/pico-sdk/lib/tinyusb/src/tusb.c.o
                0x10005870                tu_edpt_claim
 .text.tu_edpt_release
                0x100058c4       0x38 CMakeFiles/pico_tcp_client.dir/home/sudharsan/pico-sdk/lib/tinyusb/src/tusb.c.o
                0x100058c4                tu_edpt_release
 .text.tu_edpt_validate
                0x100058fc       0x64 CMakeFiles/pico_tcp_client.dir/home/sudharsan/pico-sdk/lib/tinyusb/src/tusb.c.o
                0x100058fc                tu_edpt_validate
 .text.tu_edpt_bind_driver
                0x10005960       0x58 CMakeFiles/pico_tcp_client.dir/home/sudharsan/pico-sdk/lib/tinyusb/src/tusb.c.o
                0x10005960                tu_edpt_bind_driver
 .text.tu_edpt_stream_init
                0x100059b8       0x58 CMakeFiles/pico_tcp_client.dir/home/sudharsan/pico-sdk/lib/tinyusb/src/tusb.c.o
                0x100059b8                tu_edpt_stream_init
 .text.tu_edpt_stream_deinit
                0x10005a10        0x4 CMakeFiles/pico_tcp_client.dir/home/sudharsan/pico-sdk/lib/tinyusb/src/tusb.c.o
                0x10005a10                tu_edpt_stream_deinit
 .text.tu_edpt_stream_write_zlp_if_needed
                0x10005a14       0x68 CMakeFiles/pico_tcp_client.dir/home/sudharsan/pico-sdk/lib/tinyusb/src/tusb.c.o
                0x10005a14                tu_edpt_stream_write_zlp_if_needed
 .text.tu_edpt_stream_write_xfer
                0x10005a7c       0x70 CMakeFiles/pico_tcp_client.dir/home/sudharsan/pico-sdk/lib/tinyusb/src/tusb.c.o
                0x10005a7c                tu_edpt_stream_write_xfer
 .text.tu_edpt_stream_read_xfer
                0x10005aec       0xd0 CMakeFiles/pico_tcp_client.dir/home/sudharsan/pico-sdk/lib/tinyusb/src/tusb.c.o
                0x10005aec                tu_edpt_stream_read_xfer
 .text.tu_fifo_config
                0x10005bbc       0x60 CMakeFiles/pico_tcp_client.dir/home/sudharsan/pico-sdk/lib/tinyusb/src/common/tusb_fifo.c.o
                0x10005bbc                tu_fifo_config
 .text.tu_fifo_count
                0x10005c1c       0x20 CMakeFiles/pico_tcp_client.dir/home/sudharsan/pico-sdk/lib/tinyusb/src/common/tusb_fifo.c.o
                0x10005c1c                tu_fifo_count
 .text.tu_fifo_empty
                0x10005c3c       0x14 CMakeFiles/pico_tcp_client.dir/home/sudharsan/pico-sdk/lib/tinyusb/src/common/tusb_fifo.c.o
                0x10005c3c                tu_fifo_empty
 .text.tu_fifo_remaining
                0x10005c50       0x24 CMakeFiles/pico_tcp_client.dir/home/sudharsan/pico-sdk/lib/tinyusb/src/common/tusb_fifo.c.o
                0x10005c50                tu_fifo_remaining
 .text.tu_fifo_read
                0x10005c74       0x94 CMakeFiles/pico_tcp_client.dir/home/sudharsan/pico-sdk/lib/tinyusb/src/common/tusb_fifo.c.o
                0x10005c74                tu_fifo_read
 .text.tu_fifo_read_n
                0x10005d08       0xd8 CMakeFiles/pico_tcp_client.dir/home/sudharsan/pico-sdk/lib/tinyusb/src/common/tusb_fifo.c.o
                0x10005d08                tu_fifo_read_n
 .text.tu_fifo_write
                0x10005de0       0xa0 CMakeFiles/pico_tcp_client.dir/home/sudharsan/pico-sdk/lib/tinyusb/src/common/tusb_fifo.c.o
                0x10005de0                tu_fifo_write
 .text.tu_fifo_write_n
                0x10005e80      0x158 CMakeFiles/pico_tcp_client.dir/home/sudharsan/pico-sdk/lib/tinyusb/src/common/tusb_fifo.c.o
                0x10005e80                tu_fifo_write_n
 .text.tu_fifo_clear
                0x10005fd8       0x38 CMakeFiles/pico_tcp_client.dir/home/sudharsan/pico-sdk/lib/tinyusb/src/common/tusb_fifo.c.o
                0x10005fd8                tu_fifo_clear
 .text.tu_fifo_set_overwritable
                0x10006010       0x3c CMakeFiles/pico_tcp_client.dir/home/sudharsan/pico-sdk/lib/tinyusb/src/common/tusb_fifo.c.o
                0x10006010                tu_fifo_set_overwritable
 .text.lwip_timeout_reached
                0x1000604c        0x4 CMakeFiles/pico_tcp_client.dir/home/sudharsan/pico-sdk/src/rp2_common/pico_lwip/lwip_nosys.c.o
 .text.update_next_timeout
                0x10006050       0x5c CMakeFiles/pico_tcp_client.dir/home/sudharsan/pico-sdk/src/rp2_common/pico_lwip/lwip_nosys.c.o
 .text.lwip_nosys_init
                0x100060ac       0x30 CMakeFiles/pico_tcp_client.dir/home/sudharsan/pico-sdk/src/rp2_common/pico_lwip/lwip_nosys.c.o
                0x100060ac                lwip_nosys_init
 .text.lwip_nosys_deinit
                0x100060dc       0x24 CMakeFiles/pico_tcp_client.dir/home/sudharsan/pico-sdk/src/rp2_common/pico_lwip/lwip_nosys.c.o
                0x100060dc                lwip_nosys_deinit
 .text.sys_arch_protect
                0x10006100        0x4 CMakeFiles/pico_tcp_client.dir/home/sudharsan/pico-sdk/src/rp2_common/pico_lwip/lwip_nosys.c.o
                0x10006100                sys_arch_protect
 .text.sys_arch_unprotect
                0x10006104        0x4 CMakeFiles/pico_tcp_client.dir/home/sudharsan/pico-sdk/src/rp2_common/pico_lwip/lwip_nosys.c.o
                0x10006104                sys_arch_unprotect
 .text.sys_now  0x10006108       0x24 CMakeFiles/pico_tcp_client.dir/home/sudharsan/pico-sdk/src/rp2_common/pico_lwip/lwip_nosys.c.o
                0x10006108                sys_now
 .text.async_context_base_add_at_time_worker
                0x1000612c       0x24 CMakeFiles/pico_tcp_client.dir/home/sudharsan/pico-sdk/src/rp2_common/pico_async_context/async_context_base.c.o
                0x1000612c                async_context_base_add_at_time_worker
 .text.async_context_base_remove_at_time_worker
                0x10006150       0x28 CMakeFiles/pico_tcp_client.dir/home/sudharsan/pico-sdk/src/rp2_common/pico_async_context/async_context_base.c.o
                0x10006150                async_context_base_remove_at_time_worker
 .text.async_context_base_add_when_pending_worker
                0x10006178       0x20 CMakeFiles/pico_tcp_client.dir/home/sudharsan/pico-sdk/src/rp2_common/pico_async_context/async_context_base.c.o
                0x10006178                async_context_base_add_when_pending_worker
 .text.async_context_base_remove_when_pending_worker
                0x10006198       0x24 CMakeFiles/pico_tcp_client.dir/home/sudharsan/pico-sdk/src/rp2_common/pico_async_context/async_context_base.c.o
                0x10006198                async_context_base_remove_when_pending_worker
 .text.async_context_base_execute_once
                0x100061bc       0xd8 CMakeFiles/pico_tcp_client.dir/home/sudharsan/pico-sdk/src/rp2_common/pico_async_context/async_context_base.c.o
                0x100061bc                async_context_base_execute_once
 .text.splitmix64
                0x10006294       0x70 CMakeFiles/pico_tcp_client.dir/home/sudharsan/pico-sdk/src/rp2_common/pico_rand/rand.c.o
 .text.capture_additional_trng_samples
                0x10006304       0xa0 CMakeFiles/pico_tcp_client.dir/home/sudharsan/pico-sdk/src/rp2_common/pico_rand/rand.c.o
 .text.xoroshiro128ss
                0x100063a4       0x8c CMakeFiles/pico_tcp_client.dir/home/sudharsan/pico-sdk/src/rp2_common/pico_rand/rand.c.o
 .text.get_rand_64
                0x10006430      0x184 CMakeFiles/pico_tcp_client.dir/home/sudharsan/pico-sdk/src/rp2_common/pico_rand/rand.c.o
                0x10006430                get_rand_64
 .text.get_rand_32
                0x100065b4        0x8 CMakeFiles/pico_tcp_client.dir/home/sudharsan/pico-sdk/src/rp2_common/pico_rand/rand.c.o
                0x100065b4                get_rand_32
 .text.lwip_init
                0x100065bc       0x28 CMakeFiles/pico_tcp_client.dir/home/sudharsan/pico-sdk/lib/lwip/src/core/init.c.o
                0x100065bc                lwip_init
 .text.lwip_htons
                0x100065e4        0x8 CMakeFiles/pico_tcp_client.dir/home/sudharsan/pico-sdk/lib/lwip/src/core/def.c.o
                0x100065e4                lwip_htons
 .text.lwip_htonl
                0x100065ec        0x4 CMakeFiles/pico_tcp_client.dir/home/sudharsan/pico-sdk/lib/lwip/src/core/def.c.o
                0x100065ec                lwip_htonl
 .text.dns_call_found
                0x100065f0      0x154 CMakeFiles/pico_tcp_client.dir/home/sudharsan/pico-sdk/lib/lwip/src/core/dns.c.o
 .text.dns_send.isra.0
                0x10006744      0x168 CMakeFiles/pico_tcp_client.dir/home/sudharsan/pico-sdk/lib/lwip/src/core/dns.c.o
 .text.dns_init
                0x100068ac        0x4 CMakeFiles/pico_tcp_client.dir/home/sudharsan/pico-sdk/lib/lwip/src/core/dns.c.o
                0x100068ac                dns_init
 .text.dns_setserver
                0x100068b0       0x28 CMakeFiles/pico_tcp_client.dir/home/sudharsan/pico-sdk/lib/lwip/src/core/dns.c.o
                0x100068b0                dns_setserver
 .text.dns_tmr  0x100068d8      0x13c CMakeFiles/pico_tcp_client.dir/home/sudharsan/pico-sdk/lib/lwip/src/core/dns.c.o
                0x100068d8                dns_tmr
 .text.lwip_standard_chksum
                0x10006a14       0xdc CMakeFiles/pico_tcp_client.dir/home/sudharsan/pico-sdk/lib/lwip/src/core/inet_chksum.c.o
                0x10006a14                lwip_standard_chksum
 .text.inet_chksum_pseudo
                0x10006af0       0x8c CMakeFiles/pico_tcp_client.dir/home/sudharsan/pico-sdk/lib/lwip/src/core/inet_chksum.c.o
                0x10006af0                inet_chksum_pseudo
 .text.ip_chksum_pseudo
                0x10006b7c        0x4 CMakeFiles/pico_tcp_client.dir/home/sudharsan/pico-sdk/lib/lwip/src/core/inet_chksum.c.o
                0x10006b7c                ip_chksum_pseudo
 .text.inet_chksum
                0x10006b80        0xc CMakeFiles/pico_tcp_client.dir/home/sudharsan/pico-sdk/lib/lwip/src/core/inet_chksum.c.o
                0x10006b80                inet_chksum
 .text.inet_chksum_pbuf
                0x10006b8c       0x54 CMakeFiles/pico_tcp_client.dir/home/sudharsan/pico-sdk/lib/lwip/src/core/inet_chksum.c.o
                0x10006b8c                inet_chksum_pbuf
 .text.mem_init
                0x10006be0       0x48 CMakeFiles/pico_tcp_client.dir/home/sudharsan/pico-sdk/lib/lwip/src/core/mem.c.o
                0x10006be0                mem_init
 .text.mem_free
                0x10006c28      0x128 CMakeFiles/pico_tcp_client.dir/home/sudharsan/pico-sdk/lib/lwip/src/core/mem.c.o
                0x10006c28                mem_free
 .text.mem_trim
                0x10006d50       0xe0 CMakeFiles/pico_tcp_client.dir/home/sudharsan/pico-sdk/lib/lwip/src/core/mem.c.o
                0x10006d50                mem_trim
 .text.mem_malloc
                0x10006e30      0x100 CMakeFiles/pico_tcp_client.dir/home/sudharsan/pico-sdk/lib/lwip/src/core/mem.c.o
                0x10006e30                mem_malloc
 .text.memp_init
                0x10006f30       0x58 CMakeFiles/pico_tcp_client.dir/home/sudharsan/pico-sdk/lib/lwip/src/core/memp.c.o
                0x10006f30                memp_init
 .text.memp_malloc
                0x10006f88       0x40 CMakeFiles/pico_tcp_client.dir/home/sudharsan/pico-sdk/lib/lwip/src/core/memp.c.o
                0x10006f88                memp_malloc
 .text.memp_free
                0x10006fc8       0x3c CMakeFiles/pico_tcp_client.dir/home/sudharsan/pico-sdk/lib/lwip/src/core/memp.c.o
                0x10006fc8                memp_free
 .text.netif_null_output_ip4
                0x10007004        0x8 CMakeFiles/pico_tcp_client.dir/home/sudharsan/pico-sdk/lib/lwip/src/core/netif.c.o
 .text.netif_do_set_ipaddr.isra.0
                0x1000700c       0x64 CMakeFiles/pico_tcp_client.dir/home/sudharsan/pico-sdk/lib/lwip/src/core/netif.c.o
 .text.netif_init
                0x10007070        0x4 CMakeFiles/pico_tcp_client.dir/home/sudharsan/pico-sdk/lib/lwip/src/core/netif.c.o
                0x10007070                netif_init
 .text.netif_add
                0x10007074      0x138 CMakeFiles/pico_tcp_client.dir/home/sudharsan/pico-sdk/lib/lwip/src/core/netif.c.o
                0x10007074                netif_add
 .text.netif_set_addr
                0x100071ac       0xa0 CMakeFiles/pico_tcp_client.dir/home/sudharsan/pico-sdk/lib/lwip/src/core/netif.c.o
                0x100071ac                netif_set_addr
 .text.netif_remove
                0x1000724c       0x90 CMakeFiles/pico_tcp_client.dir/home/sudharsan/pico-sdk/lib/lwip/src/core/netif.c.o
                0x1000724c                netif_remove
 .text.netif_set_default
                0x100072dc        0xc CMakeFiles/pico_tcp_client.dir/home/sudharsan/pico-sdk/lib/lwip/src/core/netif.c.o
                0x100072dc                netif_set_default
 .text.netif_set_up
                0x100072e8       0x40 CMakeFiles/pico_tcp_client.dir/home/sudharsan/pico-sdk/lib/lwip/src/core/netif.c.o
                0x100072e8                netif_set_up
 .text.netif_set_link_up
                0x10007328       0x4c CMakeFiles/pico_tcp_client.dir/home/sudharsan/pico-sdk/lib/lwip/src/core/netif.c.o
                0x10007328                netif_set_link_up
 .text.netif_set_link_down
                0x10007374       0x1c CMakeFiles/pico_tcp_client.dir/home/sudharsan/pico-sdk/lib/lwip/src/core/netif.c.o
                0x10007374                netif_set_link_down
 .text.netif_get_by_index
                0x10007390       0x24 CMakeFiles/pico_tcp_client.dir/home/sudharsan/pico-sdk/lib/lwip/src/core/netif.c.o
                0x10007390                netif_get_by_index
 .text.pbuf_free.part.0
                0x100073b4       0x74 CMakeFiles/pico_tcp_client.dir/home/sudharsan/pico-sdk/lib/lwip/src/core/pbuf.c.o
 .text.pbuf_free_ooseq
                0x10007428       0x34 CMakeFiles/pico_tcp_client.dir/home/sudharsan/pico-sdk/lib/lwip/src/core/pbuf.c.o
                0x10007428                pbuf_free_ooseq
 .text.pbuf_alloc
                0x1000745c      0x12c CMakeFiles/pico_tcp_client.dir/home/sudharsan/pico-sdk/lib/lwip/src/core/pbuf.c.o
                0x1000745c                pbuf_alloc
 .text.pbuf_realloc
                0x10007588       0x88 CMakeFiles/pico_tcp_client.dir/home/sudharsan/pico-sdk/lib/lwip/src/core/pbuf.c.o
                0x10007588                pbuf_realloc
 .text.pbuf_add_header
                0x10007610       0x4c CMakeFiles/pico_tcp_client.dir/home/sudharsan/pico-sdk/lib/lwip/src/core/pbuf.c.o
                0x10007610                pbuf_add_header
 .text.pbuf_remove_header
                0x1000765c       0x38 CMakeFiles/pico_tcp_client.dir/home/sudharsan/pico-sdk/lib/lwip/src/core/pbuf.c.o
                0x1000765c                pbuf_remove_header
 .text.pbuf_header_force
                0x10007694       0x74 CMakeFiles/pico_tcp_client.dir/home/sudharsan/pico-sdk/lib/lwip/src/core/pbuf.c.o
                0x10007694                pbuf_header_force
 .text.pbuf_free
                0x10007708       0x14 CMakeFiles/pico_tcp_client.dir/home/sudharsan/pico-sdk/lib/lwip/src/core/pbuf.c.o
                0x10007708                pbuf_free
 .text.pbuf_clen
                0x1000771c       0x14 CMakeFiles/pico_tcp_client.dir/home/sudharsan/pico-sdk/lib/lwip/src/core/pbuf.c.o
                0x1000771c                pbuf_clen
 .text.pbuf_ref
                0x10007730       0x28 CMakeFiles/pico_tcp_client.dir/home/sudharsan/pico-sdk/lib/lwip/src/core/pbuf.c.o
                0x10007730                pbuf_ref
 .text.pbuf_cat
                0x10007758       0x50 CMakeFiles/pico_tcp_client.dir/home/sudharsan/pico-sdk/lib/lwip/src/core/pbuf.c.o
                0x10007758                pbuf_cat
 .text.pbuf_chain
                0x100077a8       0x68 CMakeFiles/pico_tcp_client.dir/home/sudharsan/pico-sdk/lib/lwip/src/core/pbuf.c.o
                0x100077a8                pbuf_chain
 .text.pbuf_copy_partial_pbuf
                0x10007810      0x120 CMakeFiles/pico_tcp_client.dir/home/sudharsan/pico-sdk/lib/lwip/src/core/pbuf.c.o
                0x10007810                pbuf_copy_partial_pbuf
 .text.pbuf_copy
                0x10007930       0x10 CMakeFiles/pico_tcp_client.dir/home/sudharsan/pico-sdk/lib/lwip/src/core/pbuf.c.o
                0x10007930                pbuf_copy
 .text.pbuf_copy_partial
                0x10007940       0x78 CMakeFiles/pico_tcp_client.dir/home/sudharsan/pico-sdk/lib/lwip/src/core/pbuf.c.o
                0x10007940                pbuf_copy_partial
 .text.pbuf_take
                0x100079b8       0x6c CMakeFiles/pico_tcp_client.dir/home/sudharsan/pico-sdk/lib/lwip/src/core/pbuf.c.o
                0x100079b8                pbuf_take
 .text.pbuf_take_at
                0x10007a24       0xc4 CMakeFiles/pico_tcp_client.dir/home/sudharsan/pico-sdk/lib/lwip/src/core/pbuf.c.o
                0x10007a24                pbuf_take_at
 .text.pbuf_clone
                0x10007ae8       0x2c CMakeFiles/pico_tcp_client.dir/home/sudharsan/pico-sdk/lib/lwip/src/core/pbuf.c.o
                0x10007ae8                pbuf_clone
 .text.pbuf_put_at
                0x10007b14       0x1c CMakeFiles/pico_tcp_client.dir/home/sudharsan/pico-sdk/lib/lwip/src/core/pbuf.c.o
                0x10007b14                pbuf_put_at
 .text.raw_input
                0x10007b30      0x124 CMakeFiles/pico_tcp_client.dir/home/sudharsan/pico-sdk/lib/lwip/src/core/raw.c.o
                0x10007b30                raw_input
 .text.raw_netif_ip_addr_changed
                0x10007c54       0x3c CMakeFiles/pico_tcp_client.dir/home/sudharsan/pico-sdk/lib/lwip/src/core/raw.c.o
                0x10007c54                raw_netif_ip_addr_changed
 .text.stats_init
                0x10007c90        0x4 CMakeFiles/pico_tcp_client.dir/home/sudharsan/pico-sdk/lib/lwip/src/core/stats.c.o
                0x10007c90                stats_init
 .text.tcp_close_shutdown_fin
                0x10007c94       0x50 CMakeFiles/pico_tcp_client.dir/home/sudharsan/pico-sdk/lib/lwip/src/core/tcp.c.o
 .text.tcp_pcb_purge.part.0
                0x10007ce4       0xb0 CMakeFiles/pico_tcp_client.dir/home/sudharsan/pico-sdk/lib/lwip/src/core/tcp.c.o
 .text.tcp_init
                0x10007d94       0x18 CMakeFiles/pico_tcp_client.dir/home/sudharsan/pico-sdk/lib/lwip/src/core/tcp.c.o
                0x10007d94                tcp_init
 .text.tcp_free
                0x10007dac       0x20 CMakeFiles/pico_tcp_client.dir/home/sudharsan/pico-sdk/lib/lwip/src/core/tcp.c.o
                0x10007dac                tcp_free
 .text.tcp_update_rcv_ann_wnd
                0x10007dcc       0x58 CMakeFiles/pico_tcp_client.dir/home/sudharsan/pico-sdk/lib/lwip/src/core/tcp.c.o
                0x10007dcc                tcp_update_rcv_ann_wnd
 .text.tcp_recved
                0x10007e24       0x90 CMakeFiles/pico_tcp_client.dir/home/sudharsan/pico-sdk/lib/lwip/src/core/tcp.c.o
                0x10007e24                tcp_recved
 .text.tcp_connect
                0x10007eb4      0x188 CMakeFiles/pico_tcp_client.dir/home/sudharsan/pico-sdk/lib/lwip/src/core/tcp.c.o
                0x10007eb4                tcp_connect
 .text.tcp_slowtmr
                0x1000803c      0x500 CMakeFiles/pico_tcp_client.dir/home/sudharsan/pico-sdk/lib/lwip/src/core/tcp.c.o
                0x1000803c                tcp_slowtmr
 .text.tcp_segs_free
                0x1000853c       0x34 CMakeFiles/pico_tcp_client.dir/home/sudharsan/pico-sdk/lib/lwip/src/core/tcp.c.o
                0x1000853c                tcp_segs_free
 .text.tcp_seg_free
                0x10008570       0x1c CMakeFiles/pico_tcp_client.dir/home/sudharsan/pico-sdk/lib/lwip/src/core/tcp.c.o
                0x10008570                tcp_seg_free
 .text.tcp_seg_copy
                0x1000858c       0x34 CMakeFiles/pico_tcp_client.dir/home/sudharsan/pico-sdk/lib/lwip/src/core/tcp.c.o
                0x1000858c                tcp_seg_copy
 .text.tcp_pcb_purge
                0x100085c0       0x14 CMakeFiles/pico_tcp_client.dir/home/sudharsan/pico-sdk/lib/lwip/src/core/tcp.c.o
                0x100085c0                tcp_pcb_purge
 .text.tcp_pcb_remove
                0x100085d4       0xd4 CMakeFiles/pico_tcp_client.dir/home/sudharsan/pico-sdk/lib/lwip/src/core/tcp.c.o
                0x100085d4                tcp_pcb_remove
 .text.tcp_abandon
                0x100086a8      0x188 CMakeFiles/pico_tcp_client.dir/home/sudharsan/pico-sdk/lib/lwip/src/core/tcp.c.o
                0x100086a8                tcp_abandon
 .text.tcp_abort
                0x10008830        0x8 CMakeFiles/pico_tcp_client.dir/home/sudharsan/pico-sdk/lib/lwip/src/core/tcp.c.o
                0x10008830                tcp_abort
 .text.tcp_alloc
                0x10008838      0x1a0 CMakeFiles/pico_tcp_client.dir/home/sudharsan/pico-sdk/lib/lwip/src/core/tcp.c.o
                0x10008838                tcp_alloc
 .text.tcp_new  0x100089d8        0x8 CMakeFiles/pico_tcp_client.dir/home/sudharsan/pico-sdk/lib/lwip/src/core/tcp.c.o
                0x100089d8                tcp_new
 .text.tcp_close_shutdown
                0x100089e0      0x184 CMakeFiles/pico_tcp_client.dir/home/sudharsan/pico-sdk/lib/lwip/src/core/tcp.c.o
 .text.tcp_recv_null
                0x10008b64       0xc0 CMakeFiles/pico_tcp_client.dir/home/sudharsan/pico-sdk/lib/lwip/src/core/tcp.c.o
                0x10008b64                tcp_recv_null
 .text.tcp_process_refused_data
                0x10008c24       0x70 CMakeFiles/pico_tcp_client.dir/home/sudharsan/pico-sdk/lib/lwip/src/core/tcp.c.o
                0x10008c24                tcp_process_refused_data
 .text.tcp_fasttmr
                0x10008c94       0x84 CMakeFiles/pico_tcp_client.dir/home/sudharsan/pico-sdk/lib/lwip/src/core/tcp.c.o
                0x10008c94                tcp_fasttmr
 .text.tcp_tmr  0x10008d18       0x24 CMakeFiles/pico_tcp_client.dir/home/sudharsan/pico-sdk/lib/lwip/src/core/tcp.c.o
                0x10008d18                tcp_tmr
 .text.tcp_close
                0x10008d3c      0x174 CMakeFiles/pico_tcp_client.dir/home/sudharsan/pico-sdk/lib/lwip/src/core/tcp.c.o
                0x10008d3c                tcp_close
 .text.tcp_next_iss
                0x10008eb0       0x24 CMakeFiles/pico_tcp_client.dir/home/sudharsan/pico-sdk/lib/lwip/src/core/tcp.c.o
                0x10008eb0                tcp_next_iss
 .text.tcp_eff_send_mss_netif
                0x10008ed4       0x28 CMakeFiles/pico_tcp_client.dir/home/sudharsan/pico-sdk/lib/lwip/src/core/tcp.c.o
                0x10008ed4                tcp_eff_send_mss_netif
 .text.tcp_netif_ip_addr_changed
                0x10008efc       0x94 CMakeFiles/pico_tcp_client.dir/home/sudharsan/pico-sdk/lib/lwip/src/core/tcp.c.o
                0x10008efc                tcp_netif_ip_addr_changed
 .text.tcp_free_ooseq
                0x10008f90       0x38 CMakeFiles/pico_tcp_client.dir/home/sudharsan/pico-sdk/lib/lwip/src/core/tcp.c.o
                0x10008f90                tcp_free_ooseq
 .text.tcp_parseopt
                0x10008fc8      0x1c0 CMakeFiles/pico_tcp_client.dir/home/sudharsan/pico-sdk/lib/lwip/src/core/tcp_in.c.o
 .text.tcp_oos_insert_segment
                0x10009188       0x98 CMakeFiles/pico_tcp_client.dir/home/sudharsan/pico-sdk/lib/lwip/src/core/tcp_in.c.o
 .text.tcp_free_acked_segments.isra.0
                0x10009220       0xb0 CMakeFiles/pico_tcp_client.dir/home/sudharsan/pico-sdk/lib/lwip/src/core/tcp_in.c.o
 .text.tcp_receive
                0x100092d0      0x8c4 CMakeFiles/pico_tcp_client.dir/home/sudharsan/pico-sdk/lib/lwip/src/core/tcp_in.c.o
 .text.tcp_input
                0x10009b94      0xc6c CMakeFiles/pico_tcp_client.dir/home/sudharsan/pico-sdk/lib/lwip/src/core/tcp_in.c.o
                0x10009b94                tcp_input
 .text.tcp_trigger_input_pcb_close
                0x1000a800       0x10 CMakeFiles/pico_tcp_client.dir/home/sudharsan/pico-sdk/lib/lwip/src/core/tcp_in.c.o
                0x1000a800                tcp_trigger_input_pcb_close
 .text.tcp_create_segment
                0x1000a810       0xd8 CMakeFiles/pico_tcp_client.dir/home/sudharsan/pico-sdk/lib/lwip/src/core/tcp_out.c.o
 .text.tcp_output_control_segment
                0x1000a8e8       0xb8 CMakeFiles/pico_tcp_client.dir/home/sudharsan/pico-sdk/lib/lwip/src/core/tcp_out.c.o
 .text.tcp_output_alloc_header.constprop.0
                0x1000a9a0       0x8c CMakeFiles/pico_tcp_client.dir/home/sudharsan/pico-sdk/lib/lwip/src/core/tcp_out.c.o
 .text.tcp_split_unsent_seg
                0x1000aa2c      0x180 CMakeFiles/pico_tcp_client.dir/home/sudharsan/pico-sdk/lib/lwip/src/core/tcp_out.c.o
                0x1000aa2c                tcp_split_unsent_seg
 .text.tcp_send_fin
                0x1000abac      0x100 CMakeFiles/pico_tcp_client.dir/home/sudharsan/pico-sdk/lib/lwip/src/core/tcp_out.c.o
                0x1000abac                tcp_send_fin
 .text.tcp_enqueue_flags
                0x1000acac       0xf8 CMakeFiles/pico_tcp_client.dir/home/sudharsan/pico-sdk/lib/lwip/src/core/tcp_out.c.o
                0x1000acac                tcp_enqueue_flags
 .text.tcp_rexmit_rto_prepare
                0x1000ada4       0x74 CMakeFiles/pico_tcp_client.dir/home/sudharsan/pico-sdk/lib/lwip/src/core/tcp_out.c.o
                0x1000ada4                tcp_rexmit_rto_prepare
 .text.tcp_rexmit
                0x1000ae18       0x78 CMakeFiles/pico_tcp_client.dir/home/sudharsan/pico-sdk/lib/lwip/src/core/tcp_out.c.o
                0x1000ae18                tcp_rexmit
 .text.tcp_rexmit_fast
                0x1000ae90       0x64 CMakeFiles/pico_tcp_client.dir/home/sudharsan/pico-sdk/lib/lwip/src/core/tcp_out.c.o
                0x1000ae90                tcp_rexmit_fast
 .text.tcp_rst  0x1000aef4       0xb4 CMakeFiles/pico_tcp_client.dir/home/sudharsan/pico-sdk/lib/lwip/src/core/tcp_out.c.o
                0x1000aef4                tcp_rst
 .text.tcp_rst_netif
                0x1000afa8       0xfc CMakeFiles/pico_tcp_client.dir/home/sudharsan/pico-sdk/lib/lwip/src/core/tcp_out.c.o
                0x1000afa8                tcp_rst_netif
 .text.tcp_send_empty_ack
                0x1000b0a4       0x50 CMakeFiles/pico_tcp_client.dir/home/sudharsan/pico-sdk/lib/lwip/src/core/tcp_out.c.o
                0x1000b0a4                tcp_send_empty_ack
 .text.tcp_output
                0x1000b0f4      0x370 CMakeFiles/pico_tcp_client.dir/home/sudharsan/pico-sdk/lib/lwip/src/core/tcp_out.c.o
                0x1000b0f4                tcp_output
 .text.tcp_rexmit_rto_commit
                0x1000b464       0x24 CMakeFiles/pico_tcp_client.dir/home/sudharsan/pico-sdk/lib/lwip/src/core/tcp_out.c.o
                0x1000b464                tcp_rexmit_rto_commit
 .text.tcp_rexmit_rto
                0x1000b488       0x84 CMakeFiles/pico_tcp_client.dir/home/sudharsan/pico-sdk/lib/lwip/src/core/tcp_out.c.o
                0x1000b488                tcp_rexmit_rto
 .text.tcp_keepalive
                0x1000b50c       0xa8 CMakeFiles/pico_tcp_client.dir/home/sudharsan/pico-sdk/lib/lwip/src/core/tcp_out.c.o
                0x1000b50c                tcp_keepalive
 .text.tcp_zero_window_probe
                0x1000b5b4       0xc4 CMakeFiles/pico_tcp_client.dir/home/sudharsan/pico-sdk/lib/lwip/src/core/tcp_out.c.o
                0x1000b5b4                tcp_zero_window_probe
 .text.tcpip_tcp_timer
                0x1000b678       0x70 CMakeFiles/pico_tcp_client.dir/home/sudharsan/pico-sdk/lib/lwip/src/core/timeouts.c.o
 .text.lwip_cyclic_timer
                0x1000b6e8       0x90 CMakeFiles/pico_tcp_client.dir/home/sudharsan/pico-sdk/lib/lwip/src/core/timeouts.c.o
 .text.tcp_timer_needed
                0x1000b778       0x74 CMakeFiles/pico_tcp_client.dir/home/sudharsan/pico-sdk/lib/lwip/src/core/timeouts.c.o
                0x1000b778                tcp_timer_needed
 .text.sys_timeouts_init
                0x1000b7ec       0x90 CMakeFiles/pico_tcp_client.dir/home/sudharsan/pico-sdk/lib/lwip/src/core/timeouts.c.o
                0x1000b7ec                sys_timeouts_init
 .text.sys_check_timeouts
                0x1000b87c       0x5c CMakeFiles/pico_tcp_client.dir/home/sudharsan/pico-sdk/lib/lwip/src/core/timeouts.c.o
                0x1000b87c                sys_check_timeouts
 .text.sys_timeouts_sleeptime
                0x1000b8d8       0x24 CMakeFiles/pico_tcp_client.dir/home/sudharsan/pico-sdk/lib/lwip/src/core/timeouts.c.o
                0x1000b8d8                sys_timeouts_sleeptime
 .text.udp_init
                0x1000b8fc       0x18 CMakeFiles/pico_tcp_client.dir/home/sudharsan/pico-sdk/lib/lwip/src/core/udp.c.o
                0x1000b8fc                udp_init
 .text.udp_input
                0x1000b914      0x2cc CMakeFiles/pico_tcp_client.dir/home/sudharsan/pico-sdk/lib/lwip/src/core/udp.c.o
                0x1000b914                udp_input
 .text.udp_bind
                0x1000bbe0      0x104 CMakeFiles/pico_tcp_client.dir/home/sudharsan/pico-sdk/lib/lwip/src/core/udp.c.o
                0x1000bbe0                udp_bind
 .text.udp_sendto_if_src
                0x1000bce4      0x118 CMakeFiles/pico_tcp_client.dir/home/sudharsan/pico-sdk/lib/lwip/src/core/udp.c.o
                0x1000bce4                udp_sendto_if_src
 .text.udp_sendto_if
                0x1000bdfc       0x40 CMakeFiles/pico_tcp_client.dir/home/sudharsan/pico-sdk/lib/lwip/src/core/udp.c.o
                0x1000bdfc                udp_sendto_if
 .text.udp_sendto
                0x1000be3c       0x7c CMakeFiles/pico_tcp_client.dir/home/sudharsan/pico-sdk/lib/lwip/src/core/udp.c.o
                0x1000be3c                udp_sendto
 .text.udp_connect
                0x1000beb8       0x5c CMakeFiles/pico_tcp_client.dir/home/sudharsan/pico-sdk/lib/lwip/src/core/udp.c.o
                0x1000beb8                udp_connect
 .text.udp_recv
                0x1000bf14        0x8 CMakeFiles/pico_tcp_client.dir/home/sudharsan/pico-sdk/lib/lwip/src/core/udp.c.o
                0x1000bf14                udp_recv
 .text.udp_remove
                0x1000bf1c       0x34 CMakeFiles/pico_tcp_client.dir/home/sudharsan/pico-sdk/lib/lwip/src/core/udp.c.o
                0x1000bf1c                udp_remove
 .text.udp_new  0x1000bf50       0x1c CMakeFiles/pico_tcp_client.dir/home/sudharsan/pico-sdk/lib/lwip/src/core/udp.c.o
                0x1000bf50                udp_new
 .text.udp_netif_ip_addr_changed
                0x1000bf6c       0x3c CMakeFiles/pico_tcp_client.dir/home/sudharsan/pico-sdk/lib/lwip/src/core/udp.c.o
                0x1000bf6c                udp_netif_ip_addr_changed
 .text.dhcp_create_msg
                0x1000bfa8      0x108 CMakeFiles/pico_tcp_client.dir/home/sudharsan/pico-sdk/lib/lwip/src/core/ipv4/dhcp.c.o
 .text.dhcp_inc_pcb_refcount
                0x1000c0b0       0x64 CMakeFiles/pico_tcp_client.dir/home/sudharsan/pico-sdk/lib/lwip/src/core/ipv4/dhcp.c.o
 .text.dhcp_bind
                0x1000c114      0x130 CMakeFiles/pico_tcp_client.dir/home/sudharsan/pico-sdk/lib/lwip/src/core/ipv4/dhcp.c.o
 .text.dhcp_option_hostname.isra.0
                0x1000c244       0x88 CMakeFiles/pico_tcp_client.dir/home/sudharsan/pico-sdk/lib/lwip/src/core/ipv4/dhcp.c.o
 .text.dhcp_handle_ack.isra.0
                0x1000c2cc       0xbc CMakeFiles/pico_tcp_client.dir/home/sudharsan/pico-sdk/lib/lwip/src/core/ipv4/dhcp.c.o
 .text.dhcp_reboot.isra.0
                0x1000c388      0x19c CMakeFiles/pico_tcp_client.dir/home/sudharsan/pico-sdk/lib/lwip/src/core/ipv4/dhcp.c.o
 .text.dhcp_discover
                0x1000c524      0x144 CMakeFiles/pico_tcp_client.dir/home/sudharsan/pico-sdk/lib/lwip/src/core/ipv4/dhcp.c.o
 .text.dhcp_select.isra.0
                0x1000c668      0x1f8 CMakeFiles/pico_tcp_client.dir/home/sudharsan/pico-sdk/lib/lwip/src/core/ipv4/dhcp.c.o
 .text.dhcp_recv
                0x1000c860      0x5b4 CMakeFiles/pico_tcp_client.dir/home/sudharsan/pico-sdk/lib/lwip/src/core/ipv4/dhcp.c.o
 .text.dhcp_set_struct
                0x1000ce14       0x3c CMakeFiles/pico_tcp_client.dir/home/sudharsan/pico-sdk/lib/lwip/src/core/ipv4/dhcp.c.o
                0x1000ce14                dhcp_set_struct
 .text.dhcp_network_changed_link_up
                0x1000ce50       0x40 CMakeFiles/pico_tcp_client.dir/home/sudharsan/pico-sdk/lib/lwip/src/core/ipv4/dhcp.c.o
                0x1000ce50                dhcp_network_changed_link_up
 .text.dhcp_renew
                0x1000ce90      0x154 CMakeFiles/pico_tcp_client.dir/home/sudharsan/pico-sdk/lib/lwip/src/core/ipv4/dhcp.c.o
                0x1000ce90                dhcp_renew
 .text.dhcp_release_and_stop
                0x1000cfe4      0x158 CMakeFiles/pico_tcp_client.dir/home/sudharsan/pico-sdk/lib/lwip/src/core/ipv4/dhcp.c.o
                0x1000cfe4                dhcp_release_and_stop
 .text.dhcp_start
                0x1000d13c       0xac CMakeFiles/pico_tcp_client.dir/home/sudharsan/pico-sdk/lib/lwip/src/core/ipv4/dhcp.c.o
                0x1000d13c                dhcp_start
 .text.dhcp_coarse_tmr
                0x1000d1e8      0x1e4 CMakeFiles/pico_tcp_client.dir/home/sudharsan/pico-sdk/lib/lwip/src/core/ipv4/dhcp.c.o
                0x1000d1e8                dhcp_coarse_tmr
 .text.dhcp_fine_tmr
                0x1000d3cc       0xa0 CMakeFiles/pico_tcp_client.dir/home/sudharsan/pico-sdk/lib/lwip/src/core/ipv4/dhcp.c.o
                0x1000d3cc                dhcp_fine_tmr
 .text.dhcp_stop
                0x1000d46c      0x158 CMakeFiles/pico_tcp_client.dir/home/sudharsan/pico-sdk/lib/lwip/src/core/ipv4/dhcp.c.o
                0x1000d46c                dhcp_stop
 .text.etharp_find_entry
                0x1000d5c4      0x3e4 CMakeFiles/pico_tcp_client.dir/home/sudharsan/pico-sdk/lib/lwip/src/core/ipv4/etharp.c.o
 .text.etharp_raw
                0x1000d9a8       0xd4 CMakeFiles/pico_tcp_client.dir/home/sudharsan/pico-sdk/lib/lwip/src/core/ipv4/etharp.c.o
 .text.etharp_output_to_arp_index
                0x1000da7c       0xbc CMakeFiles/pico_tcp_client.dir/home/sudharsan/pico-sdk/lib/lwip/src/core/ipv4/etharp.c.o
 .text.etharp_tmr
                0x1000db38       0x84 CMakeFiles/pico_tcp_client.dir/home/sudharsan/pico-sdk/lib/lwip/src/core/ipv4/etharp.c.o
                0x1000db38                etharp_tmr
 .text.etharp_cleanup_netif
                0x1000dbbc      0x164 CMakeFiles/pico_tcp_client.dir/home/sudharsan/pico-sdk/lib/lwip/src/core/ipv4/etharp.c.o
                0x1000dbbc                etharp_cleanup_netif
 .text.etharp_input
                0x1000dd20      0x178 CMakeFiles/pico_tcp_client.dir/home/sudharsan/pico-sdk/lib/lwip/src/core/ipv4/etharp.c.o
                0x1000dd20                etharp_input
 .text.etharp_query
                0x1000de98      0x19c CMakeFiles/pico_tcp_client.dir/home/sudharsan/pico-sdk/lib/lwip/src/core/ipv4/etharp.c.o
                0x1000de98                etharp_query
 .text.etharp_output
                0x1000e034      0x224 CMakeFiles/pico_tcp_client.dir/home/sudharsan/pico-sdk/lib/lwip/src/core/ipv4/etharp.c.o
                0x1000e034                etharp_output
 .text.etharp_request
                0x1000e258       0xd0 CMakeFiles/pico_tcp_client.dir/home/sudharsan/pico-sdk/lib/lwip/src/core/ipv4/etharp.c.o
                0x1000e258                etharp_request
 .text.icmp_input
                0x1000e328      0x1b8 CMakeFiles/pico_tcp_client.dir/home/sudharsan/pico-sdk/lib/lwip/src/core/ipv4/icmp.c.o
                0x1000e328                icmp_input
 .text.icmp_dest_unreach
                0x1000e4e0       0xac CMakeFiles/pico_tcp_client.dir/home/sudharsan/pico-sdk/lib/lwip/src/core/ipv4/icmp.c.o
                0x1000e4e0                icmp_dest_unreach
 .text.icmp_time_exceeded
                0x1000e58c       0xac CMakeFiles/pico_tcp_client.dir/home/sudharsan/pico-sdk/lib/lwip/src/core/ipv4/icmp.c.o
                0x1000e58c                icmp_time_exceeded
 .text.ip_reass_free_complete_datagram
                0x1000e638       0xe4 CMakeFiles/pico_tcp_client.dir/home/sudharsan/pico-sdk/lib/lwip/src/core/ipv4/ip4_frag.c.o
 .text.ip_reass_remove_oldest_datagram
                0x1000e71c       0x88 CMakeFiles/pico_tcp_client.dir/home/sudharsan/pico-sdk/lib/lwip/src/core/ipv4/ip4_frag.c.o
 .text.ip_reass_tmr
                0x1000e7a4       0x30 CMakeFiles/pico_tcp_client.dir/home/sudharsan/pico-sdk/lib/lwip/src/core/ipv4/ip4_frag.c.o
                0x1000e7a4                ip_reass_tmr
 .text.ip4_reass
                0x1000e7d4      0x444 CMakeFiles/pico_tcp_client.dir/home/sudharsan/pico-sdk/lib/lwip/src/core/ipv4/ip4_frag.c.o
                0x1000e7d4                ip4_reass
 .text.ip4_frag
                0x1000ec18      0x22c CMakeFiles/pico_tcp_client.dir/home/sudharsan/pico-sdk/lib/lwip/src/core/ipv4/ip4_frag.c.o
                0x1000ec18                ip4_frag
 .text.ip4_route
                0x1000ee44       0x6c CMakeFiles/pico_tcp_client.dir/home/sudharsan/pico-sdk/lib/lwip/src/core/ipv4/ip4.c.o
                0x1000ee44                ip4_route
 .text.ip4_input
                0x1000eeb0      0x2b0 CMakeFiles/pico_tcp_client.dir/home/sudharsan/pico-sdk/lib/lwip/src/core/ipv4/ip4.c.o
                0x1000eeb0                ip4_input
 .text.ip4_output_if
                0x1000f160      0x138 CMakeFiles/pico_tcp_client.dir/home/sudharsan/pico-sdk/lib/lwip/src/core/ipv4/ip4.c.o
                0x1000f160                ip4_output_if
 .text.ip4_output_if_src
                0x1000f298      0x138 CMakeFiles/pico_tcp_client.dir/home/sudharsan/pico-sdk/lib/lwip/src/core/ipv4/ip4.c.o
                0x1000f298                ip4_output_if_src
 .text.ip4_addr_isbroadcast_u32
                0x1000f3d0       0x38 CMakeFiles/pico_tcp_client.dir/home/sudharsan/pico-sdk/lib/lwip/src/core/ipv4/ip4_addr.c.o
                0x1000f3d0                ip4_addr_isbroadcast_u32
 .text.ip4addr_aton
                0x1000f408      0x18c CMakeFiles/pico_tcp_client.dir/home/sudharsan/pico-sdk/lib/lwip/src/core/ipv4/ip4_addr.c.o
                0x1000f408                ip4addr_aton
 .text.ethernet_input
                0x1000f594       0xc4 CMakeFiles/pico_tcp_client.dir/home/sudharsan/pico-sdk/lib/lwip/src/netif/ethernet.c.o
                0x1000f594                ethernet_input
 .text.ethernet_output
                0x1000f658       0x60 CMakeFiles/pico_tcp_client.dir/home/sudharsan/pico-sdk/lib/lwip/src/netif/ethernet.c.o
                0x1000f658                ethernet_output
 .text.cyw43_arch_wifi_connect_bssid_until.part.0
                0x1000f6b8      0x13c CMakeFiles/pico_tcp_client.dir/home/sudharsan/pico-sdk/src/rp2_common/pico_cyw43_arch/cyw43_arch.c.o
 .text.cyw43_arch_set_async_context
                0x1000f7f4        0xc CMakeFiles/pico_tcp_client.dir/home/sudharsan/pico-sdk/src/rp2_common/pico_cyw43_arch/cyw43_arch.c.o
                0x1000f7f4                cyw43_arch_set_async_context
 .text.cyw43_arch_enable_sta_mode
                0x1000f800       0x18 CMakeFiles/pico_tcp_client.dir/home/sudharsan/pico-sdk/src/rp2_common/pico_cyw43_arch/cyw43_arch.c.o
                0x1000f800                cyw43_arch_enable_sta_mode
 .text.cyw43_arch_wifi_connect_timeout_ms
                0x1000f818       0x84 CMakeFiles/pico_tcp_client.dir/home/sudharsan/pico-sdk/src/rp2_common/pico_cyw43_arch/cyw43_arch.c.o
                0x1000f818                cyw43_arch_wifi_connect_timeout_ms
 .text.cyw43_arch_gpio_put
                0x1000f89c       0x10 CMakeFiles/pico_tcp_client.dir/home/sudharsan/pico-sdk/src/rp2_common/pico_cyw43_arch/cyw43_arch.c.o
                0x1000f89c                cyw43_arch_gpio_put
 .text.cyw43_arch_async_context
                0x1000f8ac        0xc CMakeFiles/pico_tcp_client.dir/home/sudharsan/pico-sdk/src/rp2_common/pico_cyw43_arch/cyw43_arch.c.o
                0x1000f8ac                cyw43_arch_async_context
 .text.cyw43_arch_init
                0x1000f8b8       0x70 CMakeFiles/pico_tcp_client.dir/home/sudharsan/pico-sdk/src/rp2_common/pico_cyw43_arch/cyw43_arch_threadsafe_background.c.o
                0x1000f8b8                cyw43_arch_init
 .text.ns_delay.constprop.0
                0x1000f928       0x24 CMakeFiles/pico_tcp_client.dir/home/sudharsan/pico-sdk/src/rp2_common/pico_cyw43_driver/cyw43_bus_pio_spi.c.o
 .text.cyw43_spi_deinit
                0x1000f94c       0x6c CMakeFiles/pico_tcp_client.dir/home/sudharsan/pico-sdk/src/rp2_common/pico_cyw43_driver/cyw43_bus_pio_spi.c.o
                0x1000f94c                cyw43_spi_deinit
 .text.cyw43_spi_init
                0x1000f9b8      0x128 CMakeFiles/pico_tcp_client.dir/home/sudharsan/pico-sdk/src/rp2_common/pico_cyw43_driver/cyw43_bus_pio_spi.c.o
                0x1000f9b8                cyw43_spi_init
 .text.cyw43_spi_transfer
                0x1000fae0      0x3a0 CMakeFiles/pico_tcp_client.dir/home/sudharsan/pico-sdk/src/rp2_common/pico_cyw43_driver/cyw43_bus_pio_spi.c.o
                0x1000fae0                cyw43_spi_transfer
 .text.cyw43_spi_gpio_setup
                0x1000fe80       0x40 CMakeFiles/pico_tcp_client.dir/home/sudharsan/pico-sdk/src/rp2_common/pico_cyw43_driver/cyw43_bus_pio_spi.c.o
                0x1000fe80                cyw43_spi_gpio_setup
 .text.cyw43_spi_reset
                0x1000fec0       0x30 CMakeFiles/pico_tcp_client.dir/home/sudharsan/pico-sdk/src/rp2_common/pico_cyw43_driver/cyw43_bus_pio_spi.c.o
                0x1000fec0                cyw43_spi_reset
 .text.read_reg_u32_swap
                0x1000fef0       0x3c CMakeFiles/pico_tcp_client.dir/home/sudharsan/pico-sdk/src/rp2_common/pico_cyw43_driver/cyw43_bus_pio_spi.c.o
                0x1000fef0                read_reg_u32_swap
 .text.cyw43_read_reg_u32
                0x1000ff2c       0x50 CMakeFiles/pico_tcp_client.dir/home/sudharsan/pico-sdk/src/rp2_common/pico_cyw43_driver/cyw43_bus_pio_spi.c.o
                0x1000ff2c                cyw43_read_reg_u32
 .text.cyw43_read_reg_u16
                0x1000ff7c       0x54 CMakeFiles/pico_tcp_client.dir/home/sudharsan/pico-sdk/src/rp2_common/pico_cyw43_driver/cyw43_bus_pio_spi.c.o
                0x1000ff7c                cyw43_read_reg_u16
 .text.cyw43_read_reg_u8
                0x1000ffd0       0x54 CMakeFiles/pico_tcp_client.dir/home/sudharsan/pico-sdk/src/rp2_common/pico_cyw43_driver/cyw43_bus_pio_spi.c.o
                0x1000ffd0                cyw43_read_reg_u8
 .text.write_reg_u32_swap
                0x10010024      0x1cc CMakeFiles/pico_tcp_client.dir/home/sudharsan/pico-sdk/src/rp2_common/pico_cyw43_driver/cyw43_bus_pio_spi.c.o
                0x10010024                write_reg_u32_swap
 .text.cyw43_write_reg_u32
                0x100101f0      0x1c8 CMakeFiles/pico_tcp_client.dir/home/sudharsan/pico-sdk/src/rp2_common/pico_cyw43_driver/cyw43_bus_pio_spi.c.o
                0x100101f0                cyw43_write_reg_u32
 .text.cyw43_write_reg_u16
                0x100103b8      0x1c8 CMakeFiles/pico_tcp_client.dir/home/sudharsan/pico-sdk/src/rp2_common/pico_cyw43_driver/cyw43_bus_pio_spi.c.o
                0x100103b8                cyw43_write_reg_u16
 .text.cyw43_write_reg_u8
                0x10010580      0x1c8 CMakeFiles/pico_tcp_client.dir/home/sudharsan/pico-sdk/src/rp2_common/pico_cyw43_driver/cyw43_bus_pio_spi.c.o
                0x10010580                cyw43_write_reg_u8
 .text.cyw43_read_bytes
                0x10010748       0x80 CMakeFiles/pico_tcp_client.dir/home/sudharsan/pico-sdk/src/rp2_common/pico_cyw43_driver/cyw43_bus_pio_spi.c.o
                0x10010748                cyw43_read_bytes
 .text.cyw43_write_bytes
                0x100107c8       0xcc CMakeFiles/pico_tcp_client.dir/home/sudharsan/pico-sdk/src/rp2_common/pico_cyw43_driver/cyw43_bus_pio_spi.c.o
                0x100107c8                cyw43_write_bytes
 .text.cyw43_set_backplane_window
                0x10010894       0x70 CMakeFiles/pico_tcp_client.dir/home/sudharsan/pico-sdk/lib/cyw43-driver/src/cyw43_ll.c.o
 .text.cyw43_ll_parse_async_event
                0x10010904      0x10c CMakeFiles/pico_tcp_client.dir/home/sudharsan/pico-sdk/lib/cyw43-driver/src/cyw43_ll.c.o
 .text.cyw43_kso_set
                0x10010a10       0x7c CMakeFiles/pico_tcp_client.dir/home/sudharsan/pico-sdk/lib/cyw43-driver/src/cyw43_ll.c.o
 .text.cyw43_ll_sdpcm_poll_device
                0x10010a8c      0x230 CMakeFiles/pico_tcp_client.dir/home/sudharsan/pico-sdk/lib/cyw43-driver/src/cyw43_ll.c.o
 .text.cyw43_sdpcm_send_common
                0x10010cbc       0xe8 CMakeFiles/pico_tcp_client.dir/home/sudharsan/pico-sdk/lib/cyw43-driver/src/cyw43_ll.c.o
 .text.cyw43_do_ioctl.part.0
                0x10010da4       0xc0 CMakeFiles/pico_tcp_client.dir/home/sudharsan/pico-sdk/lib/cyw43-driver/src/cyw43_ll.c.o
 .text.cyw43_download_resource
                0x10010e64       0xb8 CMakeFiles/pico_tcp_client.dir/home/sudharsan/pico-sdk/lib/cyw43-driver/src/cyw43_ll.c.o
 .text.cyw43_write_iovar_u32.constprop.0
                0x10010f1c       0x74 CMakeFiles/pico_tcp_client.dir/home/sudharsan/pico-sdk/lib/cyw43-driver/src/cyw43_ll.c.o
 .text.cyw43_write_iovar_n
                0x10010f90       0x80 CMakeFiles/pico_tcp_client.dir/home/sudharsan/pico-sdk/lib/cyw43-driver/src/cyw43_ll.c.o
 .text.cyw43_write_iovar_u32_u32.constprop.0
                0x10011010       0xa0 CMakeFiles/pico_tcp_client.dir/home/sudharsan/pico-sdk/lib/cyw43-driver/src/cyw43_ll.c.o
 .text.cyw43_read_backplane.constprop.0
                0x100110b0       0xe4 CMakeFiles/pico_tcp_client.dir/home/sudharsan/pico-sdk/lib/cyw43-driver/src/cyw43_ll.c.o
 .text.cyw43_write_backplane
                0x10011194       0xf8 CMakeFiles/pico_tcp_client.dir/home/sudharsan/pico-sdk/lib/cyw43-driver/src/cyw43_ll.c.o
 .text.reset_device_core.constprop.0
                0x1001128c      0x3bc CMakeFiles/pico_tcp_client.dir/home/sudharsan/pico-sdk/lib/cyw43-driver/src/cyw43_ll.c.o
 .text.cyw43_ll_init
                0x10011648       0x18 CMakeFiles/pico_tcp_client.dir/home/sudharsan/pico-sdk/lib/cyw43-driver/src/cyw43_ll.c.o
                0x10011648                cyw43_ll_init
 .text.cyw43_ll_deinit
                0x10011660        0x4 CMakeFiles/pico_tcp_client.dir/home/sudharsan/pico-sdk/lib/cyw43-driver/src/cyw43_ll.c.o
                0x10011660                cyw43_ll_deinit
 .text.cyw43_ll_send_ethernet
                0x10011664       0x54 CMakeFiles/pico_tcp_client.dir/home/sudharsan/pico-sdk/lib/cyw43-driver/src/cyw43_ll.c.o
                0x10011664                cyw43_ll_send_ethernet
 .text.cyw43_ll_process_packets
                0x100116b8       0x44 CMakeFiles/pico_tcp_client.dir/home/sudharsan/pico-sdk/lib/cyw43-driver/src/cyw43_ll.c.o
                0x100116b8                cyw43_ll_process_packets
 .text.cyw43_ll_ioctl
                0x100116fc       0x78 CMakeFiles/pico_tcp_client.dir/home/sudharsan/pico-sdk/lib/cyw43-driver/src/cyw43_ll.c.o
                0x100116fc                cyw43_ll_ioctl
 .text.cyw43_ll_bus_sleep
                0x10011774       0x30 CMakeFiles/pico_tcp_client.dir/home/sudharsan/pico-sdk/lib/cyw43-driver/src/cyw43_ll.c.o
                0x10011774                cyw43_ll_bus_sleep
 .text.cyw43_ll_wifi_on
                0x100117a4      0x20c CMakeFiles/pico_tcp_client.dir/home/sudharsan/pico-sdk/lib/cyw43-driver/src/cyw43_ll.c.o
                0x100117a4                cyw43_ll_wifi_on
 .text.cyw43_ll_wifi_get_mac
                0x100119b0       0x78 CMakeFiles/pico_tcp_client.dir/home/sudharsan/pico-sdk/lib/cyw43-driver/src/cyw43_ll.c.o
                0x100119b0                cyw43_ll_wifi_get_mac
 .text.cyw43_ll_bus_init
                0x10011a28      0x8b0 CMakeFiles/pico_tcp_client.dir/home/sudharsan/pico-sdk/lib/cyw43-driver/src/cyw43_ll.c.o
                0x10011a28                cyw43_ll_bus_init
 .text.cyw43_ll_wifi_pm