Archive member included to satisfy reference by file (symbol)

/usr/lib/gcc/arm-none-eabi/13.2.1/../../../arm-none-eabi/lib/thumb/v8-m.main+fp/softfp/libm.a(libm_a-wf_sqrt.o)
                              CMakeFiles/pico_tcp_client.dir/home/sudharsan/pico-sdk/src/rp2_common/pico_float/float_math.c.o (sqrtf)
/usr/lib/gcc/arm-none-eabi/13.2.1/../../../arm-none-eabi/lib/thumb/v8-m.main+fp/softfp/libm.a(libm_a-ef_sqrt.o)
                              /usr/lib/gcc/arm-none-eabi/13.2.1/../../../arm-none-eabi/lib/thumb/v8-m.main+fp/softfp/libm.a(libm_a-wf_sqrt.o) (__ieee754_sqrtf)
/usr/lib/gcc/arm-none-eabi/13.2.1/thumb/v8-m.main+fp/softfp/libgcc.a(_arm_addsubdf3.o)
                              CMakeFiles/pico_tcp_client.dir/home/sudharsan/pico-sdk/src/rp2_common/pico_float/float_math.c.o (__aeabi_f2d)
/usr/lib/gcc/arm-none-eabi/13.2.1/thumb/v8-m.main+fp/softfp/libgcc.a(_aeabi_ldivmod.o)
                              CMakeFiles/pico_tcp_client.dir/home/sudharsan/pico-sdk/src/common/pico_time/time.c.o (__aeabi_ldivmod)
/usr/lib/gcc/arm-none-eabi/13.2.1/thumb/v8-m.main+fp/softfp/libgcc.a(_aeabi_uldivmod.o)
                              CMakeFiles/pico_tcp_client.dir/main.c.o (__aeabi_uldivmod)
/usr/lib/gcc/arm-none-eabi/13.2.1/thumb/v8-m.main+fp/softfp/libgcc.a(_udivmoddi4.o)
                              /usr/lib/gcc/arm-none-eabi/13.2.1/thumb/v8-m.main+fp/softfp/libgcc.a(_aeabi_ldivmod.o) (__udivmoddi4)
/usr/lib/gcc/arm-none-eabi/13.2.1/thumb/v8-m.main+fp/softfp/libgcc.a(_dvmd_tls.o)
                              /usr/lib/gcc/arm-none-eabi/13.2.1/thumb/v8-m.main+fp/softfp/libgcc.a(_aeabi_ldivmod.o) (__aeabi_ldiv0)
/usr/lib/gcc/arm-none-eabi/13.2.1/../../../arm-none-eabi/lib/thumb/v8-m.main+fp/softfp/libg.a(libc_a-memset.o)
                              /usr/lib/gcc/arm-none-eabi/13.2.1/../../../arm-none-eabi/lib/thumb/v8-m.main+fp/softfp/crt0.o (memset)
/usr/lib/gcc/arm-none-eabi/13.2.1/../../../arm-none-eabi/lib/thumb/v8-m.main+fp/softfp/libg.a(libc_a-strncmp.o)
                              CMakeFiles/pico_tcp_client.dir/home/sudharsan/pico-sdk/lib/lwip/src/core/def.c.o (strncmp)
/usr/lib/gcc/arm-none-eabi/13.2.1/../../../arm-none-eabi/lib/thumb/v8-m.main+fp/softfp/libg.a(libc_a-memmove.o)
                              CMakeFiles/pico_tcp_client.dir/home/sudharsan/pico-sdk/lib/lwip/src/core/def.c.o (memmove)
/usr/lib/gcc/arm-none-eabi/13.2.1/../../../arm-none-eabi/lib/thumb/v8-m.main+fp/softfp/libg.a(libc_a-calloc.o)
                              CMakeFiles/pico_tcp_client.dir/home/sudharsan/pico-sdk/src/rp2_common/pico_malloc/malloc.c.o (calloc)
/usr/lib/gcc/arm-none-eabi/13.2.1/../../../arm-none-eabi/lib/thumb/v8-m.main+fp/softfp/libg.a(libc_a-errno.o)
                              /usr/lib/gcc/arm-none-eabi/13.2.1/../../../arm-none-eabi/lib/thumb/v8-m.main+fp/softfp/libm.a(libm_a-wf_sqrt.o) (__errno)
/usr/lib/gcc/arm-none-eabi/13.2.1/../../../arm-none-eabi/lib/thumb/v8-m.main+fp/softfp/libg.a(libc_a-impure.o)
                              CMakeFiles/pico_tcp_client.dir/main.c.o (_impure_ptr)
/usr/lib/gcc/arm-none-eabi/13.2.1/../../../arm-none-eabi/lib/thumb/v8-m.main+fp/softfp/libg.a(libc_a-callocr.o)
                              /usr/lib/gcc/arm-none-eabi/13.2.1/../../../arm-none-eabi/lib/thumb/v8-m.main+fp/softfp/libg.a(libc_a-calloc.o) (_calloc_r)
/usr/lib/gcc/arm-none-eabi/13.2.1/../../../arm-none-eabi/lib/thumb/v8-m.main+fp/softfp/libg.a(libc_a-realloc.o)
                              CMakeFiles/pico_tcp_client.dir/home/sudharsan/pico-sdk/src/rp2_common/pico_malloc/malloc.c.o (realloc)
/usr/lib/gcc/arm-none-eabi/13.2.1/../../../arm-none-eabi/lib/thumb/v8-m.main+fp/softfp/libg.a(libc_a-mallocr.o)
                              /usr/lib/gcc/arm-none-eabi/13.2.1/../../../arm-none-eabi/lib/thumb/v8-m.main+fp/softfp/libg.a(libc_a-callocr.o) (_malloc_r)
/usr/lib/gcc/arm-none-eabi/13.2.1/../../../arm-none-eabi/lib/thumb/v8-m.main+fp/softfp/libg.a(libc_a-freer.o)
                              /usr/lib/gcc/arm-none-eabi/13.2.1/../../../arm-none-eabi/lib/thumb/v8-m.main+fp/softfp/libg.a(libc_a-mallocr.o) (_free_r)
/usr/lib/gcc/arm-none-eabi/13.2.1/../../../arm-none-eabi/lib/thumb/v8-m.main+fp/softfp/libg.a(libc_a-memcmp.o)
                              CMakeFiles/pico_tcp_client.dir/home/sudharsan/pico-sdk/src/rp2_common/pico_atomic/atomic.c.o (memcmp)
/usr/lib/gcc/arm-none-eabi/13.2.1/../../../arm-none-eabi/lib/thumb/v8-m.main+fp/softfp/libg.a(libc_a-atoi.o)
                              CMakeFiles/pico_tcp_client.dir/home/sudharsan/pico-sdk/lib/lwip/src/core/netif.c.o (atoi)
/usr/lib/gcc/arm-none-eabi/13.2.1/../../../arm-none-eabi/lib/thumb/v8-m.main+fp/softfp/libg.a(libc_a-strtol.o)
                              /usr/lib/gcc/arm-none-eabi/13.2.1/../../../arm-none-eabi/lib/thumb/v8-m.main+fp/softfp/libg.a(libc_a-atoi.o) (_strtol_r)
/usr/lib/gcc/arm-none-eabi/13.2.1/../../../arm-none-eabi/lib/thumb/v8-m.main+fp/softfp/libg.a(libc_a-malloc.o)
[...]
Memory Configuration

Name             Origin             Length             Attributes
FLASH            0x10000000         0x00400000         xr
RAM              0x20000000         0x00080000         xrw
SCRATCH_X        0x20080000         0x00001000         xrw
SCRATCH_Y        0x20081000         0x00001000         xrw
*default*        0x00000000         0xffffffff

Linker script and memory map

LOAD /usr/lib/gcc/arm-none-eabi/13.2.1/thumb/v8-m.main+fp/softfp/crti.o
LOAD /usr/lib/gcc/arm-none-eabi/13.2.1/thumb/v8-m.main+fp/softfp/crtbegin.o
LOAD /usr/lib/gcc/arm-none-eabi/13.2.1/../../../arm-none-eabi/lib/thumb/v8-m.main+fp/softfp/crt0.o

.flash_begin    0x10000000        0x0
                0x10000000                        __flash_binary_start = .

.text           0x10000000    0x1648c
                0x10000000                        __logical_binary_start = .
 *(.vectors)
 .vectors       0x10000000      0x124 CMakeFiles/pico_tcp_client.dir/home/sudharsan/pico-sdk/src/rp2_common/pico_crt0/crt0.S.o
                0x10000000                __vectors
                0x10000000                __VECTOR_TABLE
                0x10000110                isr_securefault
                0x10000110                isr_irq30
                0x10000110                __unhandled_user_irq
                0x10000110                isr_irq49
                0x10000110                isr_irq13
                0x10000110                isr_irq43
                0x10000110                isr_irq45
                0x10000110                isr_irq27
                0x10000110                isr_irq32
                0x10000110                isr_irq31
                0x10000110                isr_irq5
                0x10000110                isr_irq11
                0x10000110                isr_irq23
                0x10000110                isr_usagefault
                0x10000110                isr_irq48
                0x10000110                isr_irq35
                0x10000110                isr_irq18
                0x10000110                isr_irq50
                0x10000110                isr_irq40
                0x10000110                isr_irq28
                0x10000110                isr_irq19
                0x10000110                isr_irq36
                0x10000110                isr_irq41
                0x10000110                isr_irq0
                0x10000110                isr_irq6
                0x10000110                isr_memmanage
                0x10000110                isr_irq37
                0x10000110                isr_irq42
                0x10000110                isr_irq22
                0x10000110                isr_irq17
                0x10000110                isr_irq38
                0x10000110                isr_irq14
                0x10000110                __vectors_end
                0x10000110                __default_isrs_start
                0x10000110                isr_irq2
                0x10000110                isr_irq10
                0x10000110                isr_irq8
                0x10000110                isr_debugmonitor
                0x10000110                isr_irq24
                0x10000110                isr_irq46
                0x10000110                isr_irq1
                0x10000110                isr_irq47
                0x10000110                isr_irq51
                0x10000110                isr_irq7
                0x10000110                isr_irq21
                0x10000110                isr_irq39
                0x10000110                isr_irq20
                0x10000110                isr_irq15
                0x10000110                isr_irq25
                0x10000110                isr_irq34
                0x10000110                isr_irq4
                0x10000110                isr_busfault
                0x10000110                isr_irq16
                0x10000110                isr_irq44
                0x10000110                isr_irq29
                0x10000110                isr_irq26
                0x10000110                isr_irq33
                0x10000110                isr_irq3
                0x10000110                isr_irq12
                0x10000110                isr_irq9
                0x10000116                unhandled_user_irq_num_in_r0
                0x10000118                isr_invalid
                0x1000011a                isr_nmi
                0x1000011c                isr_hardfault
                0x1000011e                isr_svcall
                0x10000120                isr_pendsv
                0x10000122                isr_systick
                0x10000124                __default_isrs_end
 *(.binary_info_header)
 .binary_info_header
                0x10000124       0x14 CMakeFiles/pico_tcp_client.dir/home/sudharsan/pico-sdk/src/rp2_common/pico_crt0/crt0.S.o
                0x10000138                        __binary_info_header_end = .
 *(.embedded_block)
 .embedded_block
                0x10000138       0x14 CMakeFiles/pico_tcp_client.dir/home/sudharsan/pico-sdk/src/rp2_common/pico_crt0/crt0.S.o
                0x1000014c                        __embedded_block_end = .
 *(.reset)
 .reset         0x1000014c       0x98 CMakeFiles/pico_tcp_client.dir/home/sudharsan/pico-sdk/src/rp2_common/pico_crt0/crt0.S.o
                0x1000014c                _entry_point
 *(.init)
 .init          0x100001e4        0x4 /usr/lib/gcc/arm-none-eabi/13.2.1/thumb/v8-m.main+fp/softfp/crti.o
                0x100001e4                _init
 *libgcc.a:cmse_nonsecure_call.o()
 *(EXCLUDE_FILE(*libm.a: *libc.a:*lib_a-mem*.o *libgcc.a:) .text*)
 .text          0x100001e8       0x8c /usr/lib/gcc/arm-none-eabi/13.2.1/thumb/v8-m.main+fp/softfp/crtbegin.o
 .text.connected_callback
                0x10000274       0x38 CMakeFiles/pico_tcp_client.dir/main.c.o
 .text.recv_callback
                0x100002ac       0x54 CMakeFiles/pico_tcp_client.dir/main.c.o
 .text.wifi_init
                0x10000300       0x6c CMakeFiles/pico_tcp_client.dir/main.c.o
                0x10000300                wifi_init
 .text.startup.main
                0x1000036c       0xc4 CMakeFiles/pico_tcp_client.dir/main.c.o
                0x1000036c                main
 .text.gpio_set_function
                0x10000430       0x3c CMakeFiles/pico_tcp_client.dir/home/sudharsan/pico-sdk/src/rp2_common/hardware_gpio/gpio.c.o
                0x10000430                gpio_set_function
 .text.gpio_set_pulls
                0x1000046c       0x28 CMakeFiles/pico_tcp_client.dir/home/sudharsan/pico-sdk/src/rp2_common/hardware_gpio/gpio.c.o
                0x1000046c                gpio_set_pulls
 .text.gpio_set_input_hysteresis_enabled
                0x10000494       0x20 CMakeFiles/pico_tcp_client.dir/home/sudharsan/pico-sdk/src/rp2_common/hardware_gpio/gpio.c.o
                0x10000494                gpio_set_input_hysteresis_enabled
 .text.gpio_set_irq_enabled
                0x100004b4       0x50 CMakeFiles/pico_tcp_client.dir/home/sudharsan/pico-sdk/src/rp2_common/hardware_gpio/gpio.c.o
                0x100004b4                gpio_set_irq_enabled
 .text.gpio_add_raw_irq_handler_with_order_priority_masked
                0x10000504       0x44 CMakeFiles/pico_tcp_client.dir/home/sudharsan/pico-sdk/src/rp2_common/hardware_gpio/gpio.c.o
                0x10000504                gpio_add_raw_irq_handler_with_order_priority_masked
 .text.gpio_remove_raw_irq_handler_masked
                0x10000548       0x24 CMakeFiles/pico_tcp_client.dir/home/sudharsan/pico-sdk/src/rp2_common/hardware_gpio/gpio.c.o
                0x10000548                gpio_remove_raw_irq_handler_masked
 .text.gpio_init
                0x1000056c       0x48 CMakeFiles/pico_tcp_client.dir/home/sudharsan/pico-sdk/src/rp2_common/hardware_gpio/gpio.c.o
                0x1000056c                gpio_init
 .text.panic    0x100005b4       0x30 CMakeFiles/pico_tcp_client.dir/home/sudharsan/pico-sdk/src/rp2_common/pico_platform_panic/panic.c.o
                0x100005b4                panic
 .text.hw_claim_lock
                0x100005e4       0x24 CMakeFiles/pico_tcp_client.dir/home/sudharsan/pico-sdk/src/common/hardware_claim/claim.c.o
                0x100005e4                hw_claim_lock
 .text.hw_claim_unlock
                0x10000608       0x14 CMakeFiles/pico_tcp_client.dir/home/sudharsan/pico-sdk/src/common/hardware_claim/claim.c.o
                0x10000608                hw_claim_unlock
 .text.hw_claim_or_assert
                0x1000061c       0x58 CMakeFiles/pico_tcp_client.dir/home/sudharsan/pico-sdk/src/common/hardware_claim/claim.c.o
                0x1000061c                hw_claim_or_assert
 .text.hw_claim_unused_from_range
                0x10000674       0x9c CMakeFiles/pico_tcp_client.dir/home/sudharsan/pico-sdk/src/common/hardware_claim/claim.c.o
                0x10000674                hw_claim_unused_from_range
 .text.hw_claim_clear
                0x10000710       0x50 CMakeFiles/pico_tcp_client.dir/home/sudharsan/pico-sdk/src/common/hardware_claim/claim.c.o
                0x10000710                hw_claim_clear
 .text.next_striped_spin_lock_num
                0x10000760       0x18 CMakeFiles/pico_tcp_client.dir/home/sudharsan/pico-sdk/src/rp2_common/hardware_sync/sync.c.o
                0x10000760                next_striped_spin_lock_num
 .text.spin_lock_claim_unused
                0x10000778       0x20 CMakeFiles/pico_tcp_client.dir/home/sudharsan/pico-sdk/src/rp2_common/hardware_sync/sync.c.o
                0x10000778                spin_lock_claim_unused
 .text.spinlock_set_extexclall
                0x10000798       0x10 CMakeFiles/pico_tcp_client.dir/home/sudharsan/pico-sdk/src/rp2_common/hardware_sync_spin_lock/sync_spin_lock.c.o
 .text.spin_locks_reset
                0x100007a8       0x18 CMakeFiles/pico_tcp_client.dir/home/sudharsan/pico-sdk/src/rp2_common/hardware_sync_spin_lock/sync_spin_lock.c.o
                0x100007a8                spin_locks_reset
 .text.runtime_init_per_core_irq_priorities
                0x100007c0       0x40 CMakeFiles/pico_tcp_client.dir/home/sudharsan/pico-sdk/src/rp2_common/hardware_irq/irq.c.o
                0x100007c0                runtime_init_per_core_irq_priorities
 .text.irq_set_enabled
                0x10000800       0x2c CMakeFiles/pico_tcp_client.dir/home/sudharsan/pico-sdk/src/rp2_common/hardware_irq/irq.c.o
                0x10000800                irq_set_enabled
 .text.irq_is_enabled
                0x1000082c       0x20 CMakeFiles/pico_tcp_client.dir/home/sudharsan/pico-sdk/src/rp2_common/hardware_irq/irq.c.o
                0x1000082c                irq_is_enabled
 .text.irq_set_pending
                0x1000084c       0x18 CMakeFiles/pico_tcp_client.dir/home/sudharsan/pico-sdk/src/rp2_common/hardware_irq/irq.c.o
                0x1000084c                irq_set_pending
 .text.irq_has_shared_handler
                0x10000864       0x20 CMakeFiles/pico_tcp_client.dir/home/sudharsan/pico-sdk/src/rp2_common/hardware_irq/irq.c.o
                0x10000864                irq_has_shared_handler
 .text.irq_set_exclusive_handler
                0x10000884       0x60 CMakeFiles/pico_tcp_client.dir/home/sudharsan/pico-sdk/src/rp2_common/hardware_irq/irq.c.o
                0x10000884                irq_set_exclusive_handler
 .text.irq_add_shared_handler
                0x100008e4      0x1e8 CMakeFiles/pico_tcp_client.dir/home/sudharsan/pico-sdk/src/rp2_common/hardware_irq/irq.c.o
                0x100008e4                irq_add_shared_handler
 .text.irq_remove_handler
                0x10000acc      0x1fc CMakeFiles/pico_tcp_client.dir/home/sudharsan/pico-sdk/src/rp2_common/hardware_irq/irq.c.o
                0x10000acc                irq_remove_handler
 .text.irq_set_priority
                0x10000cc8       0x28 CMakeFiles/pico_tcp_client.dir/home/sudharsan/pico-sdk/src/rp2_common/hardware_irq/irq.c.o
                0x10000cc8                irq_set_priority
 .text.irq_add_tail_to_free_list
                0x10000cf0       0xbc CMakeFiles/pico_tcp_client.dir/home/sudharsan/pico-sdk/src/rp2_common/hardware_irq/irq.c.o
                0x10000cf0                irq_add_tail_to_free_list
 .text.user_irq_unclaim
                0x10000dac       0x10 CMakeFiles/pico_tcp_client.dir/home/sudharsan/pico-sdk/src/rp2_common/hardware_irq/irq.c.o
                0x10000dac                user_irq_unclaim
 .text.user_irq_claim_unused
                0x10000dbc       0x28 CMakeFiles/pico_tcp_client.dir/home/sudharsan/pico-sdk/src/rp2_common/hardware_irq/irq.c.o
                0x10000dbc                user_irq_claim_unused
 .text.sem_init
                0x10000de4       0x20 CMakeFiles/pico_tcp_client.dir/home/sudharsan/pico-sdk/src/common/pico_sync/sem.c.o
                0x10000de4                sem_init
 .text.lock_init
                0x10000e04        0xc CMakeFiles/pico_tcp_client.dir/home/sudharsan/pico-sdk/src/common/pico_sync/lock_core.c.o
                0x10000e04                lock_init
 .text.runtime_init_mutex
                0x10000e10       0x4c CMakeFiles/pico_tcp_client.dir/home/sudharsan/pico-sdk/src/common/pico_sync/mutex.c.o
                0x10000e10                runtime_init_mutex
 .text.mutex_init
                0x10000e5c       0x1c CMakeFiles/pico_tcp_client.dir/home/sudharsan/pico-sdk/src/common/pico_sync/mutex.c.o
                0x10000e5c                mutex_init
 .text.recursive_mutex_init
                0x10000e78       0x1c CMakeFiles/pico_tcp_client.dir/home/sudharsan/pico-sdk/src/common/pico_sync/mutex.c.o
                0x10000e78                recursive_mutex_init
 .text.critical_section_init
                0x10000e94       0x1c CMakeFiles/pico_tcp_client.dir/home/sudharsan/pico-sdk/src/common/pico_sync/critical_section.c.o
                0x10000e94                critical_section_init
 .text.critical_section_init_with_lock_num
                0x10000eb0       0x10 CMakeFiles/pico_tcp_client.dir/home/sudharsan/pico-sdk/src/common/pico_sync/critical_section.c.o
                0x10000eb0                critical_section_init_with_lock_num
 .text.sleep_until_callback
                0x10000ec0       0x3c CMakeFiles/pico_tcp_client.dir/home/sudharsan/pico-sdk/src/common/pico_time/time.c.o
 *fill*         0x10000efc        0x4 
 .text.alarm_pool_irq_handler
                0x10000f00      0x2f0 CMakeFiles/pico_tcp_client.dir/home/sudharsan/pico-sdk/src/common/pico_time/time.c.o
 .text.runtime_init_default_alarm_pool
                0x100011f0      0x100 CMakeFiles/pico_tcp_client.dir/home/sudharsan/pico-sdk/src/common/pico_time/time.c.o
                0x100011f0                runtime_init_default_alarm_pool
 .text.alarm_pool_get_default
                0x100012f0        0x8 CMakeFiles/pico_tcp_client.dir/home/sudharsan/pico-sdk/src/common/pico_time/time.c.o
                0x100012f0                alarm_pool_get_default
 .text.alarm_pool_add_alarm_at
                0x100012f8       0xdc CMakeFiles/pico_tcp_client.dir/home/sudharsan/pico-sdk/src/common/pico_time/time.c.o
                0x100012f8                alarm_pool_add_alarm_at
 .text.alarm_pool_add_alarm_at_force_in_context
                0x100013d4       0xc8 CMakeFiles/pico_tcp_client.dir/home/sudharsan/pico-sdk/src/common/pico_time/time.c.o
                0x100013d4                alarm_pool_add_alarm_at_force_in_context
 .text.alarm_pool_cancel_alarm
                0x1000149c       0x80 CMakeFiles/pico_tcp_client.dir/home/sudharsan/pico-sdk/src/common/pico_time/time.c.o
                0x1000149c                alarm_pool_cancel_alarm
 .text.alarm_pool_core_num
                0x1000151c        0x4 CMakeFiles/pico_tcp_client.dir/home/sudharsan/pico-sdk/src/common/pico_time/time.c.o
                0x1000151c                alarm_pool_core_num
 .text.sleep_until
                0x10001520       0xbc CMakeFiles/pico_tcp_client.dir/home/sudharsan/pico-sdk/src/common/pico_time/time.c.o
                0x10001520                sleep_until
 .text.sleep_ms
                0x100015dc       0x2c CMakeFiles/pico_tcp_client.dir/home/sudharsan/pico-sdk/src/common/pico_time/time.c.o
                0x100015dc                sleep_ms
 .text.best_effort_wfe_or_timeout
                0x10001608       0xbc CMakeFiles/pico_tcp_client.dir/home/sudharsan/pico-sdk/src/common/pico_time/time.c.o
                0x10001608                best_effort_wfe_or_timeout
 .text.timer_hardware_alarm_claim
                0x100016c4       0x24 CMakeFiles/pico_tcp_client.dir/home/sudharsan/pico-sdk/src/rp2_common/hardware_timer/timer.c.o
                0x100016c4                timer_hardware_alarm_claim
 .text.timer_time_us_64
                0x100016e8       0x10 CMakeFiles/pico_tcp_client.dir/home/sudharsan/pico-sdk/src/rp2_common/hardware_timer/timer.c.o
                0x100016e8                timer_time_us_64
 .text.time_us_64
                0x100016f8       0x14 CMakeFiles/pico_tcp_client.dir/home/sudharsan/pico-sdk/src/rp2_common/hardware_timer/timer.c.o
                0x100016f8                time_us_64
 .text.busy_wait_us
                0x1000170c       0x64 CMakeFiles/pico_tcp_client.dir/home/sudharsan/pico-sdk/src/rp2_common/hardware_timer/timer.c.o
                0x1000170c                busy_wait_us
 .text.busy_wait_until
                0x10001770       0x24 CMakeFiles/pico_tcp_client.dir/home/sudharsan/pico-sdk/src/rp2_common/hardware_timer/timer.c.o
                0x10001770                busy_wait_until
 .text.clock_configure_undivided
                0x10001794       0xd0 CMakeFiles/pico_tcp_client.dir/home/sudharsan/pico-sdk/src/rp2_common/hardware_clocks/clocks.c.o
                0x10001794                clock_configure_undivided
 .text.clock_get_hz
                0x10001864        0xc CMakeFiles/pico_tcp_client.dir/home/sudharsan/pico-sdk/src/rp2_common/hardware_clocks/clocks.c.o
                0x10001864                clock_get_hz
 .text.pll_init
                0x10001870       0x8c CMakeFiles/pico_tcp_client.dir/home/sudharsan/pico-sdk/src/rp2_common/hardware_pll/pll.c.o
                0x10001870                pll_init
 .text.watchdog_reboot
                0x100018fc       0x98 CMakeFiles/pico_tcp_client.dir/home/sudharsan/pico-sdk/src/rp2_common/hardware_watchdog/watchdog.c.o
                0x100018fc                watchdog_reboot
 .text.tick_start
                0x10001994       0x18 CMakeFiles/pico_tcp_client.dir/home/sudharsan/pico-sdk/src/rp2_common/hardware_ticks/ticks.c.o
                0x10001994                tick_start
 .text.rom_reboot.constprop.0.isra.0
                0x100019ac       0x34 CMakeFiles/pico_tcp_client.dir/home/sudharsan/pico-sdk/src/rp2_common/pico_bootrom/bootrom.c.o
 .text.rom_func_lookup
                0x100019e0       0x18 CMakeFiles/pico_tcp_client.dir/home/sudharsan/pico-sdk/src/rp2_common/pico_bootrom/bootrom.c.o
                0x100019e0                rom_func_lookup
 .text.rom_reset_usb_boot_extra
                0x100019f8       0x1c CMakeFiles/pico_tcp_client.dir/home/sudharsan/pico-sdk/src/rp2_common/pico_bootrom/bootrom.c.o
                0x100019f8                rom_reset_usb_boot_extra
 .text.rom_get_boot_random
                0x10001a14       0x48 CMakeFiles/pico_tcp_client.dir/home/sudharsan/pico-sdk/src/rp2_common/pico_bootrom/bootrom.c.o
                0x10001a14                rom_get_boot_random
 .text.runtime_init_bootrom_locking_enable
                0x10001a5c       0x14 CMakeFiles/pico_tcp_client.dir/home/sudharsan/pico-sdk/src/rp2_common/pico_bootrom/bootrom_lock.c.o
                0x10001a5c                runtime_init_bootrom_locking_enable
 .text.runtime_init_boot_locks_reset
                0x10001a70       0x1c CMakeFiles/pico_tcp_client.dir/home/sudharsan/pico-sdk/src/rp2_common/hardware_boot_lock/boot_lock.c.o
                0x10001a70                runtime_init_boot_locks_reset
 .text.xosc_init
                0x10001a8c       0x30 CMakeFiles/pico_tcp_client.dir/home/sudharsan/pico-sdk/src/rp2_common/hardware_xosc/xosc.c.o
                0x10001a8c                xosc_init
 .text.first_per_core_initializer
                0x10001abc        0x4 CMakeFiles/pico_tcp_client.dir/home/sudharsan/pico-sdk/src/rp2_common/pico_runtime/runtime.c.o
 .text.hard_assertion_failure
                0x10001ac0        0xc CMakeFiles/pico_tcp_client.dir/home/sudharsan/pico-sdk/src/rp2_common/pico_runtime/runtime.c.o
                0x10001ac0                hard_assertion_failure
 .text.runtime_run_initializers
                0x10001acc       0x20 CMakeFiles/pico_tcp_client.dir/home/sudharsan/pico-sdk/src/rp2_common/pico_runtime/runtime.c.o
                0x10001acc                runtime_run_initializers
 .text.runtime_init_early_resets
                0x10001aec       0x34 CMakeFiles/pico_tcp_client.dir/home/sudharsan/pico-sdk/src/rp2_common/pico_runtime_init/runtime_init.c.o
                0x10001aec                runtime_init_early_resets
 .text.runtime_init_usb_power_down
                0x10001b20       0x1c CMakeFiles/pico_tcp_client.dir/home/sudharsan/pico-sdk/src/rp2_common/pico_runtime_init/runtime_init.c.o
                0x10001b20                runtime_init_usb_power_down
 .text.runtime_init_per_core_enable_coprocessors
                0x10001b3c       0x1c CMakeFiles/pico_tcp_client.dir/home/sudharsan/pico-sdk/src/rp2_common/pico_runtime_init/runtime_init.c.o
                0x10001b3c                runtime_init_per_core_enable_coprocessors
 .text.runtime_init_post_clock_resets
                0x10001b58       0x20 CMakeFiles/pico_tcp_client.dir/home/sudharsan/pico-sdk/src/rp2_common/pico_runtime_init/runtime_init.c.o
                0x10001b58                runtime_init_post_clock_resets
 .text.runtime_init_bootrom_reset
                0x10001b78       0x14 CMakeFiles/pico_tcp_client.dir/home/sudharsan/pico-sdk/src/rp2_common/pico_runtime_init/runtime_init.c.o
                0x10001b78                runtime_init_bootrom_reset
 .text.runtime_init_per_core_bootrom_reset
                0x10001b8c       0x14 CMakeFiles/pico_tcp_client.dir/home/sudharsan/pico-sdk/src/rp2_common/pico_runtime_init/runtime_init.c.o
                0x10001b8c                runtime_init_per_core_bootrom_reset
 .text.runtime_init_spin_locks_reset
                0x10001ba0        0x4 CMakeFiles/pico_tcp_client.dir/home/sudharsan/pico-sdk/src/rp2_common/pico_runtime_init/runtime_init.c.o
                0x10001ba0                runtime_init_spin_locks_reset
 .text.runtime_init_install_ram_vector_table
                0x10001ba4       0x68 CMakeFiles/pico_tcp_client.dir/home/sudharsan/pico-sdk/src/rp2_common/pico_runtime_init/runtime_init.c.o
                0x10001ba4                runtime_init_install_ram_vector_table
 .text.runtime_init_clocks
                0x10001c0c       0xdc CMakeFiles/pico_tcp_client.dir/home/sudharsan/pico-sdk/src/rp2_common/pico_runtime_init/runtime_init_clocks.c.o
                0x10001c0c                runtime_init_clocks
 .text.__rp2350_dcp_engaged_state_save_restore
                0x10001ce8       0x3a CMakeFiles/pico_tcp_client.dir/home/sudharsan/pico-sdk/src/rp2_common/pico_double/double_aeabi_dcp.S.o
 *fill*         0x10001d22        0x2 
 .text.__wrap___aeabi_dadd
                0x10001d24       0x28 CMakeFiles/pico_tcp_client.dir/home/sudharsan/pico-sdk/src/rp2_common/pico_double/double_aeabi_dcp.S.o
                0x10001d2c                __wrap___aeabi_dadd
 .text.__wrap___aeabi_dsub
                0x10001d4c       0x28 CMakeFiles/pico_tcp_client.dir/home/sudharsan/pico-sdk/src/rp2_common/pico_double/double_aeabi_dcp.S.o
                0x10001d54                __wrap___aeabi_dsub
 .text.__wrap___aeabi_dmul
                0x10001d74       0x4c CMakeFiles/pico_tcp_client.dir/home/sudharsan/pico-sdk/src/rp2_common/pico_double/double_aeabi_dcp.S.o
                0x10001d7c                __wrap___aeabi_dmul
 .text.__wrap___aeabi_ddiv
                0x10001dc0       0x9c CMakeFiles/pico_tcp_client.dir/home/sudharsan/pico-sdk/src/rp2_common/pico_double/double_aeabi_dcp.S.o
                0x10001dc8                __wrap___aeabi_ddiv
 .text.__wrap___aeabi_i2d
                0x10001e5c       0x24 CMakeFiles/pico_tcp_client.dir/home/sudharsan/pico-sdk/src/rp2_common/pico_double/double_aeabi_dcp.S.o
                0x10001e64                __wrap___aeabi_i2d
                0x10001e64                int2double
 .text.__wrap___aeabi_ui2d
                0x10001e80       0x24 CMakeFiles/pico_tcp_client.dir/home/sudharsan/pico-sdk/src/rp2_common/pico_double/double_aeabi_dcp.S.o
                0x10001e88                __wrap___aeabi_ui2d
                0x10001e88                uint2double
 .text.__wrap___aeabi_d2iz
                0x10001ea4       0x24 CMakeFiles/pico_tcp_client.dir/home/sudharsan/pico-sdk/src/rp2_common/pico_double/double_aeabi_dcp.S.o
                0x10001eac                __wrap___aeabi_d2iz
                0x10001eac                double2int_z
 .text.__wrap___aeabi_d2uiz
                0x10001ec8       0x24 CMakeFiles/pico_tcp_client.dir/home/sudharsan/pico-sdk/src/rp2_common/pico_double/double_aeabi_dcp.S.o
                0x10001ed0                double2uint_z
                0x10001ed0                double2uint
                0x10001ed0                __wrap___aeabi_d2uiz
 .text.__wrap___aeabi_dcmpun
                0x10001eec       0x24 CMakeFiles/pico_tcp_client.dir/home/sudharsan/pico-sdk/src/rp2_common/pico_double/double_aeabi_dcp.S.o
                0x10001ef4                __wrap___aeabi_dcmpun
 .text.__wrap___aeabi_dcmplt
                0x10001f10       0x28 CMakeFiles/pico_tcp_client.dir/home/sudharsan/pico-sdk/src/rp2_common/pico_double/double_aeabi_dcp.S.o
                0x10001f18                __wrap___aeabi_dcmplt
 .text.__wrap___aeabi_dcmpge
                0x10001f38       0x28 CMakeFiles/pico_tcp_client.dir/home/sudharsan/pico-sdk/src/rp2_common/pico_double/double_aeabi_dcp.S.o
                0x10001f40                __wrap___aeabi_dcmpge
 .text.__wrap___aeabi_dcmpgt
                0x10001f60       0x28 CMakeFiles/pico_tcp_client.dir/home/sudharsan/pico-sdk/src/rp2_common/pico_double/double_aeabi_dcp.S.o
                0x10001f68                __wrap___aeabi_dcmpgt
 .text._out_null
                0x10001f88        0x4 CMakeFiles/pico_tcp_client.dir/home/sudharsan/pico-sdk/src/rp2_common/pico_printf/printf.c.o
 .text._out_rev
                0x10001f8c       0x9c CMakeFiles/pico_tcp_client.dir/home/sudharsan/pico-sdk/src/rp2_common/pico_printf/printf.c.o
 .text._ntoa_format
                0x10002028      0x2a4 CMakeFiles/pico_tcp_client.dir/home/sudharsan/pico-sdk/src/rp2_common/pico_printf/printf.c.o
 .text._out_char
                0x100022cc        0x8 CMakeFiles/pico_tcp_client.dir/home/sudharsan/pico-sdk/src/rp2_common/pico_printf/printf.c.o
 .text._out_fct
                0x100022d4        0xc CMakeFiles/pico_tcp_client.dir/home/sudharsan/pico-sdk/src/rp2_common/pico_printf/printf.c.o
 .text._etoa    0x100022e0      0x460 CMakeFiles/pico_tcp_client.dir/home/sudharsan/pico-sdk/src/rp2_common/pico_printf/printf.c.o
 .text._ftoa    0x10002740      0x3f4 CMakeFiles/pico_tcp_client.dir/home/sudharsan/pico-sdk/src/rp2_common/pico_printf/printf.c.o
 .text._vsnprintf
                0x10002b34      0x9e8 CMakeFiles/pico_tcp_client.dir/home/sudharsan/pico-sdk/src/rp2_common/pico_printf/printf.c.o
 .text.vfctprintf
                0x1000351c       0x28 CMakeFiles/pico_tcp_client.dir/home/sudharsan/pico-sdk/src/rp2_common/pico_printf/printf.c.o
                0x1000351c                vfctprintf
 .text.weak_raw_vprintf
                0x10003544       0x30 CMakeFiles/pico_tcp_client.dir/home/sudharsan/pico-sdk/src/rp2_common/pico_printf/printf.c.o
                0x10003544                weak_raw_vprintf
 .text._exit    0x10003574        0x4 CMakeFiles/pico_tcp_client.dir/home/sudharsan/pico-sdk/src/rp2_common/pico_clib_interface/newlib_interface.c.o
                0x10003574                _exit
 .text._sbrk    0x10003578       0x2c CMakeFiles/pico_tcp_client.dir/home/sudharsan/pico-sdk/src/rp2_common/pico_clib_interface/newlib_interface.c.o
                0x10003578                _sbrk
 .text._read    0x100035a4       0x1c CMakeFiles/pico_tcp_client.dir/home/sudharsan/pico-sdk/src/rp2_common/pico_clib_interface/newlib_interface.c.o
                0x100035a4                _read
 .text._write   0x100035c0       0x20 CMakeFiles/pico_tcp_client.dir/home/sudharsan/pico-sdk/src/rp2_common/pico_clib_interface/newlib_interface.c.o
                0x100035c0                _write
 .text._close   0x100035e0        0x8 CMakeFiles/pico_tcp_client.dir/home/sudharsan/pico-sdk/src/rp2_common/pico_clib_interface/newlib_interface.c.o
                0x100035e0                _close
 .text._lseek   0x100035e8        0x8 CMakeFiles/pico_tcp_client.dir/home/sudharsan/pico-sdk/src/rp2_common/pico_clib_interface/newlib_interface.c.o
                0x100035e8                _lseek
 .text._fstat   0x100035f0        0x8 CMakeFiles/pico_tcp_client.dir/home/sudharsan/pico-sdk/src/rp2_common/pico_clib_interface/newlib_interface.c.o
                0x100035f0                _fstat
 .text._isatty  0x100035f8        0xc CMakeFiles/pico_tcp_client.dir/home/sudharsan/pico-sdk/src/rp2_common/pico_clib_interface/newlib_interface.c.o
                0x100035f8                _isatty
 .text.exit     0x10003604        0x8 CMakeFiles/pico_tcp_client.dir/home/sudharsan/pico-sdk/src/rp2_common/pico_clib_interface/newlib_interface.c.o
                0x10003604                exit
 .text.runtime_init
                0x1000360c       0x24 CMakeFiles/pico_tcp_client.dir/home/sudharsan/pico-sdk/src/rp2_common/pico_clib_interface/newlib_interface.c.o
                0x1000360c                runtime_init
 .text.stdio_out_chars_no_crlf
                0x10003630        0x8 CMakeFiles/pico_tcp_client.dir/home/sudharsan/pico-sdk/src/rp2_common/pico_stdio/stdio.c.o
 .text.stdio_out_chars_crlf
                0x10003638       0xac CMakeFiles/pico_tcp_client.dir/home/sudharsan/pico-sdk/src/rp2_common/pico_stdio/stdio.c.o
 .text.stdio_buffered_printer
                0x100036e4       0x60 CMakeFiles/pico_tcp_client.dir/home/sudharsan/pico-sdk/src/rp2_common/pico_stdio/stdio.c.o
 .text.stdio_put_string
                0x10003744       0xf0 CMakeFiles/pico_tcp_client.dir/home/sudharsan/pico-sdk/src/rp2_common/pico_stdio/stdio.c.o
                0x10003744                stdio_put_string
 .text.stdio_get_until
                0x10003834       0x7c CMakeFiles/pico_tcp_client.dir/home/sudharsan/pico-sdk/src/rp2_common/pico_stdio/stdio.c.o
                0x10003834                stdio_get_until
 .text.stdio_set_driver_enabled
                0x100038b0       0x30 CMakeFiles/pico_tcp_client.dir/home/sudharsan/pico-sdk/src/rp2_common/pico_stdio/stdio.c.o
                0x100038b0                stdio_set_driver_enabled
 .text.stdio_init_all
                0x100038e0        0x4 CMakeFiles/pico_tcp_client.dir/home/sudharsan/pico-sdk/src/rp2_common/pico_stdio/stdio.c.o
                0x100038e0                stdio_init_all
 .text.__wrap_putchar
                0x100038e4       0x84 CMakeFiles/pico_tcp_client.dir/home/sudharsan/pico-sdk/src/rp2_common/pico_stdio/stdio.c.o
                0x100038e4                stdio_putchar
                0x100038e4                __wrap_putchar
 .text.__wrap_puts
                0x10003968       0x3c CMakeFiles/pico_tcp_client.dir/home/sudharsan/pico-sdk/src/rp2_common/pico_stdio/stdio.c.o
                0x10003968                __wrap_puts
                0x10003968                stdio_puts
 .text.__wrap_vprintf
                0x100039a4       0xc8 CMakeFiles/pico_tcp_client.dir/home/sudharsan/pico-sdk/src/rp2_common/pico_stdio/stdio.c.o
                0x100039a4                __wrap_vprintf
                0x100039a4                stdio_vprintf
 .text.__wrap_printf
                0x10003a6c       0x1c CMakeFiles/pico_tcp_client.dir/home/sudharsan/pico-sdk/src/rp2_common/pico_stdio/stdio.c.o
                0x10003a6c                stdio_printf
                0x10003a6c                __wrap_printf
 .text.resetd_init
                0x10003a88        0x4 CMakeFiles/pico_tcp_client.dir/home/sudharsan/pico-sdk/src/rp2_common/pico_stdio_usb/reset_interface.c.o
 .text.resetd_reset
                0x10003a8c        0xc CMakeFiles/pico_tcp_client.dir/home/sudharsan/pico-sdk/src/rp2_common/pico_stdio_usb/reset_interface.c.o
 .text.resetd_open
                0x10003a98       0x28 CMakeFiles/pico_tcp_client.dir/home/sudharsan/pico-sdk/src/rp2_common/pico_stdio_usb/reset_interface.c.o
 .text.resetd_xfer_cb
                0x10003ac0        0x4 CMakeFiles/pico_tcp_client.dir/home/sudharsan/pico-sdk/src/rp2_common/pico_stdio_usb/reset_interface.c.o
 .text.resetd_control_xfer_cb
                0x10003ac4       0x50 CMakeFiles/pico_tcp_client.dir/home/sudharsan/pico-sdk/src/rp2_common/pico_stdio_usb/reset_interface.c.o
 .text.tud_descriptor_bos_cb
                0x10003b14        0x8 CMakeFiles/pico_tcp_client.dir/home/sudharsan/pico-sdk/src/rp2_common/pico_stdio_usb/reset_interface.c.o
                0x10003b14                tud_descriptor_bos_cb
 .text.tud_vendor_control_xfer_cb
                0x10003b1c       0x28 CMakeFiles/pico_tcp_client.dir/home/sudharsan/pico-sdk/src/rp2_common/pico_stdio_usb/reset_interface.c.o
                0x10003b1c                tud_vendor_control_xfer_cb
 .text.usbd_app_driver_get_cb
                0x10003b44       0x10 CMakeFiles/pico_tcp_client.dir/home/sudharsan/pico-sdk/src/rp2_common/pico_stdio_usb/reset_interface.c.o
                0x10003b44                usbd_app_driver_get_cb
 .text.tud_cdc_line_coding_cb
                0x10003b54       0x18 CMakeFiles/pico_tcp_client.dir/home/sudharsan/pico-sdk/src/rp2_common/pico_stdio_usb/reset_interface.c.o
                0x10003b54                tud_cdc_line_coding_cb
 .text.stdio_usb_set_chars_available_callback
                0x10003b6c       0x14 CMakeFiles/pico_tcp_client.dir/home/sudharsan/pico-sdk/src/rp2_common/pico_stdio_usb/stdio_usb.c.o
                0x10003b6c                stdio_usb_set_chars_available_callback
 .text.timer_task
                0x10003b80       0x70 CMakeFiles/pico_tcp_client.dir/home/sudharsan/pico-sdk/src/rp2_common/pico_stdio_usb/stdio_usb.c.o
 .text.usb_irq  0x10003bf0        0xc CMakeFiles/pico_tcp_client.dir/home/sudharsan/pico-sdk/src/rp2_common/pico_stdio_usb/stdio_usb.c.o
 .text.stdio_usb_in_chars
                0x10003bfc       0x88 CMakeFiles/pico_tcp_client.dir/home/sudharsan/pico-sdk/src/rp2_common/pico_stdio_usb/stdio_usb.c.o
                0x10003bfc                stdio_usb_in_chars
 .text.stdio_usb_out_flush
                0x10003c84       0x54 CMakeFiles/pico_tcp_client.dir/home/sudharsan/pico-sdk/src/rp2_common/pico_stdio_usb/stdio_usb.c.o
 .text.stdio_usb_out_chars
                0x10003cd8       0xf4 CMakeFiles/pico_tcp_client.dir/home/sudharsan/pico-sdk/src/rp2_common/pico_stdio_usb/stdio_usb.c.o
 .text.low_priority_worker_irq
                0x10003dcc       0xd8 CMakeFiles/pico_tcp_client.dir/home/sudharsan/pico-sdk/src/rp2_common/pico_stdio_usb/stdio_usb.c.o
 .text.stdio_usb_init
                0x10003ea4       0xe8 CMakeFiles/pico_tcp_client.dir/home/sudharsan/pico-sdk/src/rp2_common/pico_stdio_usb/stdio_usb.c.o
                0x10003ea4                stdio_usb_init
 .text.tud_descriptor_device_cb
                0x10003f8c        0x8 CMakeFiles/pico_tcp_client.dir/home/sudharsan/pico-sdk/src/rp2_common/pico_stdio_usb/stdio_usb_descriptors.c.o
                0x10003f8c                tud_descriptor_device_cb
 .text.tud_descriptor_configuration_cb
                0x10003f94        0x8 CMakeFiles/pico_tcp_client.dir/home/sudharsan/pico-sdk/src/rp2_common/pico_stdio_usb/stdio_usb_descriptors.c.o
                0x10003f94                tud_descriptor_configuration_cb
 .text.tud_descriptor_string_cb
                0x10003f9c       0x70 CMakeFiles/pico_tcp_client.dir/home/sudharsan/pico-sdk/src/rp2_common/pico_stdio_usb/stdio_usb_descriptors.c.o
                0x10003f9c                tud_descriptor_string_cb
 .text.startup._retrieve_unique_id_on_boot
                0x1000400c       0x30 CMakeFiles/pico_tcp_client.dir/home/sudharsan/pico-sdk/src/rp2_common/pico_unique_id/unique_id.c.o
 .text.pico_get_unique_board_id
                0x1000403c       0x10 CMakeFiles/pico_tcp_client.dir/home/sudharsan/pico-sdk/src/rp2_common/pico_unique_id/unique_id.c.o
                0x1000403c                pico_get_unique_board_id
 .text.pico_get_unique_board_id_string
                0x1000404c      0x184 CMakeFiles/pico_tcp_client.dir/home/sudharsan/pico-sdk/src/rp2_common/pico_unique_id/unique_id.c.o
                0x1000404c                pico_get_unique_board_id_string
 .text.dcd_init
                0x100041d0       0x90 CMakeFiles/pico_tcp_client.dir/home/sudharsan/pico-sdk/lib/tinyusb/src/portable/raspberrypi/rp2040/dcd_rp2040.c.o
                0x100041d0                dcd_init
 .text.dcd_int_enable
                0x10004260        0x8 CMakeFiles/pico_tcp_client.dir/home/sudharsan/pico-sdk/lib/tinyusb/src/portable/raspberrypi/rp2040/dcd_rp2040.c.o
                0x10004260                dcd_int_enable
 .text.dcd_set_address
                0x10004268       0x10 CMakeFiles/pico_tcp_client.dir/home/sudharsan/pico-sdk/lib/tinyusb/src/portable/raspberrypi/rp2040/dcd_rp2040.c.o
                0x10004268                dcd_set_address
 .text.dcd_sof_enable
                0x10004278       0x1c CMakeFiles/pico_tcp_client.dir/home/sudharsan/pico-sdk/lib/tinyusb/src/portable/raspberrypi/rp2040/dcd_rp2040.c.o
                0x10004278                dcd_sof_enable
 .text.dcd_edpt0_status_complete
                0x10004294       0x1c CMakeFiles/pico_tcp_client.dir/home/sudharsan/pico-sdk/lib/tinyusb/src/portable/raspberrypi/rp2040/dcd_rp2040.c.o
                0x10004294                dcd_edpt0_status_complete
 .text.dcd_edpt_open
                0x100042b0      0x108 CMakeFiles/pico_tcp_client.dir/home/sudharsan/pico-sdk/lib/tinyusb/src/portable/raspberrypi/rp2040/dcd_rp2040.c.o
                0x100042b0                dcd_edpt_open
 .text.dcd_edpt_close_all
                0x100043b8        0x4 CMakeFiles/pico_tcp_client.dir/home/sudharsan/pico-sdk/lib/tinyusb/src/portable/raspberrypi/rp2040/dcd_rp2040.c.o
                0x100043b8                dcd_edpt_close_all
 .text.dcd_edpt_xfer
                0x100043bc       0x28 CMakeFiles/pico_tcp_client.dir/home/sudharsan/pico-sdk/lib/tinyusb/src/portable/raspberrypi/rp2040/dcd_rp2040.c.o
                0x100043bc                dcd_edpt_xfer
 .text.dcd_edpt_stall
                0x100043e4       0x2c CMakeFiles/pico_tcp_client.dir/home/sudharsan/pico-sdk/lib/tinyusb/src/portable/raspberrypi/rp2040/dcd_rp2040.c.o
                0x100043e4                dcd_edpt_stall
 .text.dcd_edpt_clear_stall
                0x10004410       0x2c CMakeFiles/pico_tcp_client.dir/home/sudharsan/pico-sdk/lib/tinyusb/src/portable/raspberrypi/rp2040/dcd_rp2040.c.o
                0x10004410                dcd_edpt_clear_stall
 .text.rp2040_usb_init
                0x1000443c       0x40 CMakeFiles/pico_tcp_client.dir/home/sudharsan/pico-sdk/lib/tinyusb/src/portable/raspberrypi/rp2040/rp2040_usb.c.o
                0x1000443c                rp2040_usb_init
 .text.hw_endpoint_xfer_start
                0x1000447c       0x40 CMakeFiles/pico_tcp_client.dir/home/sudharsan/pico-sdk/lib/tinyusb/src/portable/raspberrypi/rp2040/rp2040_usb.c.o
                0x1000447c                hw_endpoint_xfer_start
 .text.configuration_reset
                0x100044bc       0x8c CMakeFiles/pico_tcp_client.dir/home/sudharsan/pico-sdk/lib/tinyusb/src/device/usbd.c.o
 .text.tud_event_hook_cb
                0x10004548        0x4 CMakeFiles/pico_tcp_client.dir/home/sudharsan/pico-sdk/lib/tinyusb/src/device/usbd.c.o
                0x10004548                tud_event_hook_cb
 .text.tud_sof_cb
                0x1000454c        0x4 CMakeFiles/pico_tcp_client.dir/home/sudharsan/pico-sdk/lib/tinyusb/src/device/usbd.c.o
                0x1000454c                tud_sof_cb
 .text.tud_descriptor_device_qualifier_cb
                0x10004550        0x4 CMakeFiles/pico_tcp_client.dir/home/sudharsan/pico-sdk/lib/tinyusb/src/device/usbd.c.o
                0x10004550                tud_descriptor_device_qualifier_cb
 .text.tud_descriptor_other_speed_configuration_cb
                0x10004554        0x4 CMakeFiles/pico_tcp_client.dir/home/sudharsan/pico-sdk/lib/tinyusb/src/device/usbd.c.o
                0x10004554                tud_descriptor_other_speed_configuration_cb
 .text.tud_mount_cb
                0x10004558        0x4 CMakeFiles/pico_tcp_client.dir/home/sudharsan/pico-sdk/lib/tinyusb/src/device/usbd.c.o
                0x10004558                tud_mount_cb
 .text.tud_umount_cb
                0x1000455c        0x4 CMakeFiles/pico_tcp_client.dir/home/sudharsan/pico-sdk/lib/tinyusb/src/device/usbd.c.o
                0x1000455c                tud_umount_cb
 .text.tud_suspend_cb
                0x10004560        0x4 CMakeFiles/pico_tcp_client.dir/home/sudharsan/pico-sdk/lib/tinyusb/src/device/usbd.c.o
                0x10004560                tud_suspend_cb
 .text.tud_resume_cb
                0x10004564        0x4 CMakeFiles/pico_tcp_client.dir/home/sudharsan/pico-sdk/lib/tinyusb/src/device/usbd.c.o
                0x10004564                tud_resume_cb
 .text.tud_mounted
                0x10004568       0x10 CMakeFiles/pico_tcp_client.dir/home/sudharsan/pico-sdk/lib/tinyusb/src/device/usbd.c.o
                0x10004568                tud_mounted
 .text.tud_suspended
                0x10004578       0x10 CMakeFiles/pico_tcp_client.dir/home/sudharsan/pico-sdk/lib/tinyusb/src/device/usbd.c.o
                0x10004578                tud_suspended
 .text.tud_rhport_init
                0x10004588       0xf8 CMakeFiles/pico_tcp_client.dir/home/sudharsan/pico-sdk/lib/tinyusb/src/device/usbd.c.o
                0x10004588                tud_rhport_init
 .text.tud_task_ext
                0x10004680      0x784 CMakeFiles/pico_tcp_client.dir/home/sudharsan/pico-sdk/lib/tinyusb/src/device/usbd.c.o
                0x10004680                tud_task_ext
 .text.usbd_open_edpt_pair
                0x10004e04       0x9c CMakeFiles/pico_tcp_client.dir/home/sudharsan/pico-sdk/lib/tinyusb/src/device/usbd.c.o
                0x10004e04                usbd_open_edpt_pair
 .text.usbd_edpt_open
                0x10004ea0       0x44 CMakeFiles/pico_tcp_client.dir/home/sudharsan/pico-sdk/lib/tinyusb/src/device/usbd.c.o
                0x10004ea0                usbd_edpt_open
 .text.usbd_edpt_claim
                0x10004ee4       0x24 CMakeFiles/pico_tcp_client.dir/home/sudharsan/pico-sdk/lib/tinyusb/src/device/usbd.c.o
                0x10004ee4                usbd_edpt_claim
 .text.usbd_edpt_release
                0x10004f08       0x24 CMakeFiles/pico_tcp_client.dir/home/sudharsan/pico-sdk/lib/tinyusb/src/device/usbd.c.o
                0x10004f08                usbd_edpt_release
 .text.usbd_edpt_xfer
                0x10004f2c       0x70 CMakeFiles/pico_tcp_client.dir/home/sudharsan/pico-sdk/lib/tinyusb/src/device/usbd.c.o
                0x10004f2c                usbd_edpt_xfer
 .text.tud_control_status
                0x10004f9c       0x34 CMakeFiles/pico_tcp_client.dir/home/sudharsan/pico-sdk/lib/tinyusb/src/device/usbd_control.c.o
                0x10004f9c                tud_control_status
 .text.tud_control_xfer
                0x10004fd0       0xac CMakeFiles/pico_tcp_client.dir/home/sudharsan/pico-sdk/lib/tinyusb/src/device/usbd_control.c.o
                0x10004fd0                tud_control_xfer
 .text.usbd_control_reset
                0x1000507c       0x14 CMakeFiles/pico_tcp_client.dir/home/sudharsan/pico-sdk/lib/tinyusb/src/device/usbd_control.c.o
                0x1000507c                usbd_control_reset
 .text.usbd_control_set_complete_callback
                0x10005090        0xc CMakeFiles/pico_tcp_client.dir/home/sudharsan/pico-sdk/lib/tinyusb/src/device/usbd_control.c.o
                0x10005090                usbd_control_set_complete_callback
 .text.usbd_control_set_request
                0x1000509c       0x1c CMakeFiles/pico_tcp_client.dir/home/sudharsan/pico-sdk/lib/tinyusb/src/device/usbd_control.c.o
                0x1000509c                usbd_control_set_request
 .text.usbd_control_xfer_cb
                0x100050b8       0xfc CMakeFiles/pico_tcp_client.dir/home/sudharsan/pico-sdk/lib/tinyusb/src/device/usbd_control.c.o
                0x100050b8                usbd_control_xfer_cb
 .text._prep_out_transaction.isra.0
                0x100051b4       0x74 CMakeFiles/pico_tcp_client.dir/home/sudharsan/pico-sdk/lib/tinyusb/src/class/cdc/cdc_device.c.o
 .text.tud_cdc_n_connected
                0x10005228       0x2c CMakeFiles/pico_tcp_client.dir/home/sudharsan/pico-sdk/lib/tinyusb/src/class/cdc/cdc_device.c.o
                0x10005228                tud_cdc_n_connected
 .text.tud_cdc_n_available
                0x10005254       0x18 CMakeFiles/pico_tcp_client.dir/home/sudharsan/pico-sdk/lib/tinyusb/src/class/cdc/cdc_device.c.o
                0x10005254                tud_cdc_n_available
 .text.tud_cdc_n_read
                0x1000526c       0x8c CMakeFiles/pico_tcp_client.dir/home/sudharsan/pico-sdk/lib/tinyusb/src/class/cdc/cdc_device.c.o
                0x1000526c                tud_cdc_n_read
 .text.tud_cdc_n_write_flush
                0x100052f8       0x8c CMakeFiles/pico_tcp_client.dir/home/sudharsan/pico-sdk/lib/tinyusb/src/class/cdc/cdc_device.c.o
                0x100052f8                tud_cdc_n_write_flush
 .text.tud_cdc_n_write
                0x10005384       0x44 CMakeFiles/pico_tcp_client.dir/home/sudharsan/pico-sdk/lib/tinyusb/src/class/cdc/cdc_device.c.o
                0x10005384                tud_cdc_n_write
 .text.tud_cdc_n_write_available
                0x100053c8       0x18 CMakeFiles/pico_tcp_client.dir/home/sudharsan/pico-sdk/lib/tinyusb/src/class/cdc/cdc_device.c.o
                0x100053c8                tud_cdc_n_write_available
 .text.cdcd_init
                0x100053e0       0x70 CMakeFiles/pico_tcp_client.dir/home/sudharsan/pico-sdk/lib/tinyusb/src/class/cdc/cdc_device.c.o
                0x100053e0                cdcd_init
 .text.cdcd_deinit
                0x10005450       0x2c CMakeFiles/pico_tcp_client.dir/home/sudharsan/pico-sdk/lib/tinyusb/src/class/cdc/cdc_device.c.o
                0x10005450                cdcd_deinit
 .text.cdcd_reset
                0x1000547c       0x4c CMakeFiles/pico_tcp_client.dir/home/sudharsan/pico-sdk/lib/tinyusb/src/class/cdc/cdc_device.c.o
                0x1000547c                cdcd_reset
 .text.cdcd_open
                0x100054c8       0xbc CMakeFiles/pico_tcp_client.dir/home/sudharsan/pico-sdk/lib/tinyusb/src/class/cdc/cdc_device.c.o
                0x100054c8                cdcd_open
 .text.cdcd_control_xfer_cb
                0x10005584       0xc0 CMakeFiles/pico_tcp_client.dir/home/sudharsan/pico-sdk/lib/tinyusb/src/class/cdc/cdc_device.c.o
                0x10005584                cdcd_control_xfer_cb
 .text.cdcd_xfer_cb
                0x10005644       0xfc CMakeFiles/pico_tcp_client.dir/home/sudharsan/pico-sdk/lib/tinyusb/src/class/cdc/cdc_device.c.o
                0x10005644                cdcd_xfer_cb
 .text.vendord_init
                0x10005740       0x5c CMakeFiles/pico_tcp_client.dir/home/sudharsan/pico-sdk/lib/tinyusb/src/class/vendor/vendor_device.c.o
                0x10005740                vendord_init
 .text.vendord_deinit
                0x1000579c       0x1c CMakeFiles/pico_tcp_client.dir/home/sudharsan/pico-sdk/lib/tinyusb/src/class/vendor/vendor_device.c.o
                0x1000579c                vendord_deinit
 .text.vendord_reset
                0x100057b8       0x24 CMakeFiles/pico_tcp_client.dir/home/sudharsan/pico-sdk/lib/tinyusb/src/class/vendor/vendor_device.c.o
                0x100057b8                vendord_reset
 .text.vendord_open
                0x100057dc      0x104 CMakeFiles/pico_tcp_client.dir/home/sudharsan/pico-sdk/lib/tinyusb/src/class/vendor/vendor_device.c.o
                0x100057dc                vendord_open
 .text.vendord_xfer_cb
                0x100058e0       0x88 CMakeFiles/pico_tcp_client.dir/home/sudharsan/pico-sdk/lib/tinyusb/src/class/vendor/vendor_device.c.o
                0x100058e0                vendord_xfer_cb
 .text.tusb_rhport_init
                0x10005968       0x60 CMakeFiles/pico_tcp_client.dir/home/sudharsan/pico-sdk/lib/tinyusb/src/tusb.c.o
                0x10005968                tusb_rhport_init
 .text.tu_edpt_claim
                0x100059c8       0x54 CMakeFiles/pico_tcp_client.dir/home/sudharsan/pico-sdk/lib/tinyusb/src/tusb.c.o
                0x100059c8                tu_edpt_claim
 .text.tu_edpt_release
                0x10005a1c       0x38 CMakeFiles/pico_tcp_client.dir/home/sudharsan/pico-sdk/lib/tinyusb/src/tusb.c.o
                0x10005a1c                tu_edpt_release
 .text.tu_edpt_validate
                0x10005a54       0x64 CMakeFiles/pico_tcp_client.dir/home/sudharsan/pico-sdk/lib/tinyusb/src/tusb.c.o
                0x10005a54                tu_edpt_validate
 .text.tu_edpt_bind_driver
                0x10005ab8       0x58 CMakeFiles/pico_tcp_client.dir/home/sudharsan/pico-sdk/lib/tinyusb/src/tusb.c.o
                0x10005ab8                tu_edpt_bind_driver
 .text.tu_edpt_stream_init
                0x10005b10       0x58 CMakeFiles/pico_tcp_client.dir/home/sudharsan/pico-sdk/lib/tinyusb/src/tusb.c.o
                0x10005b10                tu_edpt_stream_init
 .text.tu_edpt_stream_deinit
                0x10005b68        0x4 CMakeFiles/pico_tcp_client.dir/home/sudharsan/pico-sdk/lib/tinyusb/src/tusb.c.o
                0x10005b68                tu_edpt_stream_deinit
 .text.tu_edpt_stream_write_zlp_if_needed
                0x10005b6c       0x68 CMakeFiles/pico_tcp_client.dir/home/sudharsan/pico-sdk/lib/tinyusb/src/tusb.c.o
                0x10005b6c                tu_edpt_stream_write_zlp_if_needed
 .text.tu_edpt_stream_write_xfer
                0x10005bd4       0x70 CMakeFiles/pico_tcp_client.dir/home/sudharsan/pico-sdk/lib/tinyusb/src/tusb.c.o
                0x10005bd4                tu_edpt_stream_write_xfer
 .text.tu_edpt_stream_read_xfer
                0x10005c44       0xd0 CMakeFiles/pico_tcp_client.dir/home/sudharsan/pico-sdk/lib/tinyusb/src/tusb.c.o
                0x10005c44                tu_edpt_stream_read_xfer
 .text.tu_fifo_config
                0x10005d14       0x60 CMakeFiles/pico_tcp_client.dir/home/sudharsan/pico-sdk/lib/tinyusb/src/common/tusb_fifo.c.o
                0x10005d14                tu_fifo_config
 .text.tu_fifo_count
                0x10005d74       0x20 CMakeFiles/pico_tcp_client.dir/home/sudharsan/pico-sdk/lib/tinyusb/src/common/tusb_fifo.c.o
                0x10005d74                tu_fifo_count
 .text.tu_fifo_empty
                0x10005d94       0x14 CMakeFiles/pico_tcp_client.dir/home/sudharsan/pico-sdk/lib/tinyusb/src/common/tusb_fifo.c.o
                0x10005d94                tu_fifo_empty
 .text.tu_fifo_remaining
                0x10005da8       0x24 CMakeFiles/pico_tcp_client.dir/home/sudharsan/pico-sdk/lib/tinyusb/src/common/tusb_fifo.c.o
                0x10005da8                tu_fifo_remaining
 .text.tu_fifo_read
                0x10005dcc       0x94 CMakeFiles/pico_tcp_client.dir/home/sudharsan/pico-sdk/lib/tinyusb/src/common/tusb_fifo.c.o
                0x10005dcc                tu_fifo_read
 .text.tu_fifo_read_n
                0x10005e60       0xd8 CMakeFiles/pico_tcp_client.dir/home/sudharsan/pico-sdk/lib/tinyusb/src/common/tusb_fifo.c.o
                0x10005e60                tu_fifo_read_n
 .text.tu_fifo_write
                0x10005f38       0xa0 CMakeFiles/pico_tcp_client.dir/home/sudharsan/pico-sdk/lib/tinyusb/src/common/tusb_fifo.c.o
                0x10005f38                tu_fifo_write
 .text.tu_fifo_write_n
                0x10005fd8      0x158 CMakeFiles/pico_tcp_client.dir/home/sudharsan/pico-sdk/lib/tinyusb/src/common/tusb_fifo.c.o
                0x10005fd8                tu_fifo_write_n
 .text.tu_fifo_clear
                0x10006130       0x38 CMakeFiles/pico_tcp_client.dir/home/sudharsan/pico-sdk/lib/tinyusb/src/common/tusb_fifo.c.o
                0x10006130                tu_fifo_clear
 .text.tu_fifo_set_overwritable
                0x10006168       0x3c CMakeFiles/pico_tcp_client.dir/home/sudharsan/pico-sdk/lib/tinyusb/src/common/tusb_fifo.c.o
                0x10006168                tu_fifo_set_overwritable
 .text.lwip_timeout_reached
                0x100061a4        0x4 CMakeFiles/pico_tcp_client.dir/home/sudharsan/pico-sdk/src/rp2_common/pico_lwip/lwip_nosys.c.o
 .text.update_next_timeout
                0x100061a8       0x5c CMakeFiles/pico_tcp_client.dir/home/sudharsan/pico-sdk/src/rp2_common/pico_lwip/lwip_nosys.c.o
 .text.lwip_nosys_init
                0x10006204       0x30 CMakeFiles/pico_tcp_client.dir/home/sudharsan/pico-sdk/src/rp2_common/pico_lwip/lwip_nosys.c.o
                0x10006204                lwip_nosys_init
 .text.lwip_nosys_deinit
                0x10006234       0x24 CMakeFiles/pico_tcp_client.dir/home/sudharsan/pico-sdk/src/rp2_common/pico_lwip/lwip_nosys.c.o
                0x10006234                lwip_nosys_deinit
 .text.sys_arch_protect
                0x10006258        0x4 CMakeFiles/pico_tcp_client.dir/home/sudharsan/pico-sdk/src/rp2_common/pico_lwip/lwip_nosys.c.o
                0x10006258                sys_arch_protect
 .text.sys_arch_unprotect
                0x1000625c        0x4 CMakeFiles/pico_tcp_client.dir/home/sudharsan/pico-sdk/src/rp2_common/pico_lwip/lwip_nosys.c.o
                0x1000625c                sys_arch_unprotect
 .text.sys_now  0x10006260       0x24 CMakeFiles/pico_tcp_client.dir/home/sudharsan/pico-sdk/src/rp2_common/pico_lwip/lwip_nosys.c.o
                0x10006260                sys_now
 .text.async_context_base_add_at_time_worker
                0x10006284       0x24 CMakeFiles/pico_tcp_client.dir/home/sudharsan/pico-sdk/src/rp2_common/pico_async_context/async_context_base.c.o
                0x10006284                async_context_base_add_at_time_worker
 .text.async_context_base_remove_at_time_worker
                0x100062a8       0x28 CMakeFiles/pico_tcp_client.dir/home/sudharsan/pico-sdk/src/rp2_common/pico_async_context/async_context_base.c.o
                0x100062a8                async_context_base_remove_at_time_worker
 .text.async_context_base_add_when_pending_worker
                0x100062d0       0x20 CMakeFiles/pico_tcp_client.dir/home/sudharsan/pico-sdk/src/rp2_common/pico_async_context/async_context_base.c.o
                0x100062d0                async_context_base_add_when_pending_worker
 .text.async_context_base_remove_when_pending_worker
                0x100062f0       0x24 CMakeFiles/pico_tcp_client.dir/home/sudharsan/pico-sdk/src/rp2_common/pico_async_context/async_context_base.c.o
                0x100062f0                async_context_base_remove_when_pending_worker
 .text.async_context_base_execute_once
                0x10006314       0xd8 CMakeFiles/pico_tcp_client.dir/home/sudharsan/pico-sdk/src/rp2_common/pico_async_context/async_context_base.c.o
                0x10006314                async_context_base_execute_once
 .text.splitmix64
                0x100063ec       0x70 CMakeFiles/pico_tcp_client.dir/home/sudharsan/pico-sdk/src/rp2_common/pico_rand/rand.c.o
 .text.capture_additional_trng_samples
                0x1000645c       0xa0 CMakeFiles/pico_tcp_client.dir/home/sudharsan/pico-sdk/src/rp2_common/pico_rand/rand.c.o
 .text.xoroshiro128ss
                0x100064fc       0x8c CMakeFiles/pico_tcp_client.dir/home/sudharsan/pico-sdk/src/rp2_common/pico_rand/rand.c.o
 .text.get_rand_64
                0x10006588      0x184 CMakeFiles/pico_tcp_client.dir/home/sudharsan/pico-sdk/src/rp2_common/pico_rand/rand.c.o
                0x10006588                get_rand_64
 .text.get_rand_32
                0x1000670c        0x8 CMakeFiles/pico_tcp_client.dir/home/sudharsan/pico-sdk/src/rp2_common/pico_rand/rand.c.o
                0x1000670c                get_rand_32
 .text.lwip_init
                0x10006714       0x28 CMakeFiles/pico_tcp_client.dir/home/sudharsan/pico-sdk/lib/lwip/src/core/init.c.o
                0x10006714                lwip_init
 .text.lwip_htons
                0x1000673c        0x8 CMakeFiles/pico_tcp_client.dir/home/sudharsan/pico-sdk/lib/lwip/src/core/def.c.o
                0x1000673c                lwip_htons
 .text.lwip_htonl
                0x10006744        0x4 CMakeFiles/pico_tcp_client.dir/home/sudharsan/pico-sdk/lib/lwip/src/core/def.c.o
                0x10006744                lwip_htonl
 .text.dns_call_found
                0x10006748      0x154 CMakeFiles/pico_tcp_client.dir/home/sudharsan/pico-sdk/lib/lwip/src/core/dns.c.o
 .text.dns_send.isra.0
                0x1000689c      0x168 CMakeFiles/pico_tcp_client.dir/home/sudharsan/pico-sdk/lib/lwip/src/core/dns.c.o
 .text.dns_init
                0x10006a04        0x4 CMakeFiles/pico_tcp_client.dir/home/sudharsan/pico-sdk/lib/lwip/src/core/dns.c.o
                0x10006a04                dns_init
 .text.dns_setserver
                0x10006a08       0x28 CMakeFiles/pico_tcp_client.dir/home/sudharsan/pico-sdk/lib/lwip/src/core/dns.c.o
                0x10006a08                dns_setserver
 .text.dns_tmr  0x10006a30      0x13c CMakeFiles/pico_tcp_client.dir/home/sudharsan/pico-sdk/lib/lwip/src/core/dns.c.o
                0x10006a30                dns_tmr
 .text.lwip_standard_chksum
                0x10006b6c       0xdc CMakeFiles/pico_tcp_client.dir/home/sudharsan/pico-sdk/lib/lwip/src/core/inet_chksum.c.o
                0x10006b6c                lwip_standard_chksum
 .text.inet_chksum_pseudo
                0x10006c48       0x8c CMakeFiles/pico_tcp_client.dir/home/sudharsan/pico-sdk/lib/lwip/src/core/inet_chksum.c.o
                0x10006c48                inet_chksum_pseudo
 .text.ip_chksum_pseudo
                0x10006cd4        0x4 CMakeFiles/pico_tcp_client.dir/home/sudharsan/pico-sdk/lib/lwip/src/core/inet_chksum.c.o
                0x10006cd4                ip_chksum_pseudo
 .text.inet_chksum
                0x10006cd8        0xc CMakeFiles/pico_tcp_client.dir/home/sudharsan/pico-sdk/lib/lwip/src/core/inet_chksum.c.o
                0x10006cd8                inet_chksum
 .text.inet_chksum_pbuf
                0x10006ce4       0x54 CMakeFiles/pico_tcp_client.dir/home/sudharsan/pico-sdk/lib/lwip/src/core/inet_chksum.c.o
                0x10006ce4                inet_chksum_pbuf
 .text.mem_init
                0x10006d38       0x48 CMakeFiles/pico_tcp_client.dir/home/sudharsan/pico-sdk/lib/lwip/src/core/mem.c.o
                0x10006d38                mem_init
 .text.mem_free
                0x10006d80      0x128 CMakeFiles/pico_tcp_client.dir/home/sudharsan/pico-sdk/lib/lwip/src/core/mem.c.o
                0x10006d80                mem_free
 .text.mem_trim
                0x10006ea8       0xe0 CMakeFiles/pico_tcp_client.dir/home/sudharsan/pico-sdk/lib/lwip/src/core/mem.c.o
                0x10006ea8                mem_trim
 .text.mem_malloc
                0x10006f88      0x100 CMakeFiles/pico_tcp_client.dir/home/sudharsan/pico-sdk/lib/lwip/src/core/mem.c.o
                0x10006f88                mem_malloc
 .text.memp_init
                0x10007088       0x58 CMakeFiles/pico_tcp_client.dir/home/sudharsan/pico-sdk/lib/lwip/src/core/memp.c.o
                0x10007088                memp_init
 .text.memp_malloc
                0x100070e0       0x40 CMakeFiles/pico_tcp_client.dir/home/sudharsan/pico-sdk/lib/lwip/src/core/memp.c.o
                0x100070e0                memp_malloc
 .text.memp_free
                0x10007120       0x3c CMakeFiles/pico_tcp_client.dir/home/sudharsan/pico-sdk/lib/lwip/src/core/memp.c.o
                0x10007120                memp_free
 .text.netif_null_output_ip4
                0x1000715c        0x8 CMakeFiles/pico_tcp_client.dir/home/sudharsan/pico-sdk/lib/lwip/src/core/netif.c.o
 .text.netif_do_set_ipaddr.isra.0
                0x10007164       0x64 CMakeFiles/pico_tcp_client.dir/home/sudharsan/pico-sdk/lib/lwip/src/core/netif.c.o
 .text.netif_init
                0x100071c8        0x4 CMakeFiles/pico_tcp_client.dir/home/sudharsan/pico-sdk/lib/lwip/src/core/netif.c.o
                0x100071c8                netif_init
 .text.netif_add
                0x100071cc      0x138 CMakeFiles/pico_tcp_client.dir/home/sudharsan/pico-sdk/lib/lwip/src/core/netif.c.o
                0x100071cc                netif_add
 .text.netif_set_addr
                0x10007304       0xa0 CMakeFiles/pico_tcp_client.dir/home/sudharsan/pico-sdk/lib/lwip/src/core/netif.c.o
                0x10007304                netif_set_addr
 .text.netif_remove
                0x100073a4       0x90 CMakeFiles/pico_tcp_client.dir/home/sudharsan/pico-sdk/lib/lwip/src/core/netif.c.o
                0x100073a4                netif_remove
 .text.netif_set_default
                0x10007434        0xc CMakeFiles/pico_tcp_client.dir/home/sudharsan/pico-sdk/lib/lwip/src/core/netif.c.o
                0x10007434                netif_set_default
 .text.netif_set_up
                0x10007440       0x40 CMakeFiles/pico_tcp_client.dir/home/sudharsan/pico-sdk/lib/lwip/src/core/netif.c.o
                0x10007440                netif_set_up
 .text.netif_set_link_up
                0x10007480       0x4c CMakeFiles/pico_tcp_client.dir/home/sudharsan/pico-sdk/lib/lwip/src/core/netif.c.o
                0x10007480                netif_set_link_up
 .text.netif_set_link_down
                0x100074cc       0x1c CMakeFiles/pico_tcp_client.dir/home/sudharsan/pico-sdk/lib/lwip/src/core/netif.c.o
                0x100074cc                netif_set_link_down
 .text.netif_get_by_index
                0x100074e8       0x24 CMakeFiles/pico_tcp_client.dir/home/sudharsan/pico-sdk/lib/lwip/src/core/netif.c.o
                0x100074e8                netif_get_by_index
 .text.pbuf_free.part.0
                0x1000750c       0x74 CMakeFiles/pico_tcp_client.dir/home/sudharsan/pico-sdk/lib/lwip/src/core/pbuf.c.o
 .text.pbuf_free_ooseq
                0x10007580       0x34 CMakeFiles/pico_tcp_client.dir/home/sudharsan/pico-sdk/lib/lwip/src/core/pbuf.c.o
                0x10007580                pbuf_free_ooseq
 .text.pbuf_alloc
                0x100075b4      0x12c CMakeFiles/pico_tcp_client.dir/home/sudharsan/pico-sdk/lib/lwip/src/core/pbuf.c.o
                0x100075b4                pbuf_alloc
 .text.pbuf_realloc
                0x100076e0       0x88 CMakeFiles/pico_tcp_client.dir/home/sudharsan/pico-sdk/lib/lwip/src/core/pbuf.c.o
                0x100076e0                pbuf_realloc
 .text.pbuf_add_header
                0x10007768       0x4c CMakeFiles/pico_tcp_client.dir/home/sudharsan/pico-sdk/lib/lwip/src/core/pbuf.c.o
                0x10007768                pbuf_add_header
 .text.pbuf_remove_header
                0x100077b4       0x38 CMakeFiles/pico_tcp_client.dir/home/sudharsan/pico-sdk/lib/lwip/src/core/pbuf.c.o
                0x100077b4                pbuf_remove_header
 .text.pbuf_header_force
                0x100077ec       0x74 CMakeFiles/pico_tcp_client.dir/home/sudharsan/pico-sdk/lib/lwip/src/core/pbuf.c.o
                0x100077ec                pbuf_header_force
 .text.pbuf_free
                0x10007860       0x14 CMakeFiles/pico_tcp_client.dir/home/sudharsan/pico-sdk/lib/lwip/src/core/pbuf.c.o
                0x10007860                pbuf_free
 .text.pbuf_clen
                0x10007874       0x14 CMakeFiles/pico_tcp_client.dir/home/sudharsan/pico-sdk/lib/lwip/src/core/pbuf.c.o
                0x10007874                pbuf_clen
 .text.pbuf_ref
                0x10007888       0x28 CMakeFiles/pico_tcp_client.dir/home/sudharsan/pico-sdk/lib/lwip/src/core/pbuf.c.o
                0x10007888                pbuf_ref
 .text.pbuf_cat
                0x100078b0       0x50 CMakeFiles/pico_tcp_client.dir/home/sudharsan/pico-sdk/lib/lwip/src/core/pbuf.c.o
                0x100078b0                pbuf_cat
 .text.pbuf_chain
                0x10007900       0x68 CMakeFiles/pico_tcp_client.dir/home/sudharsan/pico-sdk/lib/lwip/src/core/pbuf.c.o
                0x10007900                pbuf_chain
 .text.pbuf_copy_partial_pbuf
                0x10007968      0x120 CMakeFiles/pico_tcp_client.dir/home/sudharsan/pico-sdk/lib/lwip/src/core/pbuf.c.o
                0x10007968                pbuf_copy_partial_pbuf
 .text.pbuf_copy
                0x10007a88       0x10 CMakeFiles/pico_tcp_client.dir/home/sudharsan/pico-sdk/lib/lwip/src/core/pbuf.c.o
                0x10007a88                pbuf_copy
 .text.pbuf_copy_partial
                0x10007a98       0x78 CMakeFiles/pico_tcp_client.dir/home/sudharsan/pico-sdk/lib/lwip/src/core/pbuf.c.o
                0x10007a98                pbuf_copy_partial
 .text.pbuf_take
                0x10007b10       0x6c CMakeFiles/pico_tcp_client.dir/home/sudharsan/pico-sdk/lib/lwip/src/core/pbuf.c.o
                0x10007b10                pbuf_take
 .text.pbuf_take_at
                0x10007b7c       0xc4 CMakeFiles/pico_tcp_client.dir/home/sudharsan/pico-sdk/lib/lwip/src/core/pbuf.c.o
                0x10007b7c                pbuf_take_at
 .text.pbuf_clone
                0x10007c40       0x2c CMakeFiles/pico_tcp_client.dir/home/sudharsan/pico-sdk/lib/lwip/src/core/pbuf.c.o
                0x10007c40                pbuf_clone
 .text.pbuf_put_at
                0x10007c6c       0x1c CMakeFiles/pico_tcp_client.dir/home/sudharsan/pico-sdk/lib/lwip/src/core/pbuf.c.o
                0x10007c6c                pbuf_put_at
 .text.raw_input
                0x10007c88      0x124 CMakeFiles/pico_tcp_client.dir/home/sudharsan/pico-sdk/lib/lwip/src/core/raw.c.o
                0x10007c88                raw_input
 .text.raw_netif_ip_addr_changed
                0x10007dac       0x3c CMakeFiles/pico_tcp_client.dir/home/sudharsan/pico-sdk/lib/lwip/src/core/raw.c.o
                0x10007dac                raw_netif_ip_addr_changed
 .text.stats_init
                0x10007de8        0x4 CMakeFiles/pico_tcp_client.dir/home/sudharsan/pico-sdk/lib/lwip/src/core/stats.c.o
                0x10007de8                stats_init
 .text.tcp_close_shutdown_fin
                0x10007dec       0x50 CMakeFiles/pico_tcp_client.dir/home/sudharsan/pico-sdk/lib/lwip/src/core/tcp.c.o
 .text.tcp_pcb_purge.part.0
                0x10007e3c       0xb0 CMakeFiles/pico_tcp_client.dir/home/sudharsan/pico-sdk/lib/lwip/src/core/tcp.c.o
 .text.tcp_init
                0x10007eec       0x18 CMakeFiles/pico_tcp_client.dir/home/sudharsan/pico-sdk/lib/lwip/src/core/tcp.c.o
                0x10007eec                tcp_init
 .text.tcp_free
                0x10007f04       0x20 CMakeFiles/pico_tcp_client.dir/home/sudharsan/pico-sdk/lib/lwip/src/core/tcp.c.o
                0x10007f04                tcp_free
 .text.tcp_update_rcv_ann_wnd
                0x10007f24       0x58 CMakeFiles/pico_tcp_client.dir/home/sudharsan/pico-sdk/lib/lwip/src/core/tcp.c.o
                0x10007f24                tcp_update_rcv_ann_wnd
 .text.tcp_recved
                0x10007f7c       0x90 CMakeFiles/pico_tcp_client.dir/home/sudharsan/pico-sdk/lib/lwip/src/core/tcp.c.o
                0x10007f7c                tcp_recved
 .text.tcp_connect
                0x1000800c      0x188 CMakeFiles/pico_tcp_client.dir/home/sudharsan/pico-sdk/lib/lwip/src/core/tcp.c.o
                0x1000800c                tcp_connect
 .text.tcp_slowtmr
                0x10008194      0x500 CMakeFiles/pico_tcp_client.dir/home/sudharsan/pico-sdk/lib/lwip/src/core/tcp.c.o
                0x10008194                tcp_slowtmr
 .text.tcp_segs_free
                0x10008694       0x34 CMakeFiles/pico_tcp_client.dir/home/sudharsan/pico-sdk/lib/lwip/src/core/tcp.c.o
                0x10008694                tcp_segs_free
 .text.tcp_seg_free
                0x100086c8       0x1c CMakeFiles/pico_tcp_client.dir/home/sudharsan/pico-sdk/lib/lwip/src/core/tcp.c.o
                0x100086c8                tcp_seg_free
 .text.tcp_seg_copy
                0x100086e4       0x34 CMakeFiles/pico_tcp_client.dir/home/sudharsan/pico-sdk/lib/lwip/src/core/tcp.c.o
                0x100086e4                tcp_seg_copy
 .text.tcp_recv
                0x10008718       0x1c CMakeFiles/pico_tcp_client.dir/home/sudharsan/pico-sdk/lib/lwip/src/core/tcp.c.o
                0x10008718                tcp_recv
 .text.tcp_pcb_purge
                0x10008734       0x14 CMakeFiles/pico_tcp_client.dir/home/sudharsan/pico-sdk/lib/lwip/src/core/tcp.c.o
                0x10008734                tcp_pcb_purge
 .text.tcp_pcb_remove
                0x10008748       0xd4 CMakeFiles/pico_tcp_client.dir/home/sudharsan/pico-sdk/lib/lwip/src/core/tcp.c.o
                0x10008748                tcp_pcb_remove
 .text.tcp_abandon
                0x1000881c      0x188 CMakeFiles/pico_tcp_client.dir/home/sudharsan/pico-sdk/lib/lwip/src/core/tcp.c.o
                0x1000881c                tcp_abandon
 .text.tcp_abort
                0x100089a4        0x8 CMakeFiles/pico_tcp_client.dir/home/sudharsan/pico-sdk/lib/lwip/src/core/tcp.c.o
                0x100089a4                tcp_abort
 .text.tcp_alloc
                0x100089ac      0x1a0 CMakeFiles/pico_tcp_client.dir/home/sudharsan/pico-sdk/lib/lwip/src/core/tcp.c.o
                0x100089ac                tcp_alloc
 .text.tcp_new  0x10008b4c        0x8 CMakeFiles/pico_tcp_client.dir/home/sudharsan/pico-sdk/lib/lwip/src/core/tcp.c.o
                0x10008b4c                tcp_new
 .text.tcp_close_shutdown
                0x10008b54      0x184 CMakeFiles/pico_tcp_client.dir/home/sudharsan/pico-sdk/lib/lwip/src/core/tcp.c.o
 .text.tcp_recv_null
                0x10008cd8       0xc0 CMakeFiles/pico_tcp_client.dir/home/sudharsan/pico-sdk/lib/lwip/src/core/tcp.c.o
                0x10008cd8                tcp_recv_null
 .text.tcp_process_refused_data
                0x10008d98       0x70 CMakeFiles/pico_tcp_client.dir/home/sudharsan/pico-sdk/lib/lwip/src/core/tcp.c.o
                0x10008d98                tcp_process_refused_data
 .text.tcp_fasttmr
                0x10008e08       0x84 CMakeFiles/pico_tcp_client.dir/home/sudharsan/pico-sdk/lib/lwip/src/core/tcp.c.o
                0x10008e08                tcp_fasttmr
 .text.tcp_tmr  0x10008e8c       0x24 CMakeFiles/pico_tcp_client.dir/home/sudharsan/pico-sdk/lib/lwip/src/core/tcp.c.o
                0x10008e8c                tcp_tmr
 .text.tcp_close
                0x10008eb0      0x174 CMakeFiles/pico_tcp_client.dir/home/sudharsan/pico-sdk/lib/lwip/src/core/tcp.c.o
                0x10008eb0                tcp_close
 .text.tcp_next_iss
                0x10009024       0x24 CMakeFiles/pico_tcp_client.dir/home/sudharsan/pico-sdk/lib/lwip/src/core/tcp.c.o
                0x10009024                tcp_next_iss
 .text.tcp_eff_send_mss_netif
                0x10009048       0x28 CMakeFiles/pico_tcp_client.dir/home/sudharsan/pico-sdk/lib/lwip/src/core/tcp.c.o
                0x10009048                tcp_eff_send_mss_netif
 .text.tcp_netif_ip_addr_changed
                0x10009070       0x94 CMakeFiles/pico_tcp_client.dir/home/sudharsan/pico-sdk/lib/lwip/src/core/tcp.c.o
                0x10009070                tcp_netif_ip_addr_changed
 .text.tcp_free_ooseq
                0x10009104       0x38 CMakeFiles/pico_tcp_client.dir/home/sudharsan/pico-sdk/lib/lwip/src/core/tcp.c.o
                0x10009104                tcp_free_ooseq
 .text.tcp_parseopt
                0x1000913c      0x1c0 CMakeFiles/pico_tcp_client.dir/home/sudharsan/pico-sdk/lib/lwip/src/core/tcp_in.c.o
 .text.tcp_oos_insert_segment
                0x100092fc       0x98 CMakeFiles/pico_tcp_client.dir/home/sudharsan/pico-sdk/lib/lwip/src/core/tcp_in.c.o
 .text.tcp_free_acked_segments.isra.0
                0x10009394       0xb0 CMakeFiles/pico_tcp_client.dir/home/sudharsan/pico-sdk/lib/lwip/src/core/tcp_in.c.o
 .text.tcp_receive
                0x10009444      0x8c4 CMakeFiles/pico_tcp_client.dir/home/sudharsan/pico-sdk/lib/lwip/src/core/tcp_in.c.o
 .text.tcp_input
                0x10009d08      0xc6c CMakeFiles/pico_tcp_client.dir/home/sudharsan/pico-sdk/lib/lwip/src/core/tcp_in.c.o
                0x10009d08                tcp_input
 .text.tcp_trigger_input_pcb_close
                0x1000a974       0x10 CMakeFiles/pico_tcp_client.dir/home/sudharsan/pico-sdk/lib/lwip/src/core/tcp_in.c.o
                0x1000a974                tcp_trigger_input_pcb_close
 .text.tcp_create_segment
                0x1000a984       0xd8 CMakeFiles/pico_tcp_client.dir/home/sudharsan/pico-sdk/lib/lwip/src/core/tcp_out.c.o
 .text.tcp_output_control_segment
                0x1000aa5c       0xb8 CMakeFiles/pico_tcp_client.dir/home/sudharsan/pico-sdk/lib/lwip/src/core/tcp_out.c.o
 .text.tcp_output_alloc_header.constprop.0
                0x1000ab14       0x8c CMakeFiles/pico_tcp_client.dir/home/sudharsan/pico-sdk/lib/lwip/src/core/tcp_out.c.o
 .text.tcp_write
                0x1000aba0      0x430 CMakeFiles/pico_tcp_client.dir/home/sudharsan/pico-sdk/lib/lwip/src/core/tcp_out.c.o
                0x1000aba0                tcp_write
 .text.tcp_split_unsent_seg
                0x1000afd0      0x180 CMakeFiles/pico_tcp_client.dir/home/sudharsan/pico-sdk/lib/lwip/src/core/tcp_out.c.o
                0x1000afd0                tcp_split_unsent_seg
 .text.tcp_send_fin
                0x1000b150      0x100 CMakeFiles/pico_tcp_client.dir/home/sudharsan/pico-sdk/lib/lwip/src/core/tcp_out.c.o
                0x1000b150                tcp_send_fin
 .text.tcp_enqueue_flags
                0x1000b250       0xf8 CMakeFiles/pico_tcp_client.dir/home/sudharsan/pico-sdk/lib/lwip/src/core/tcp_out.c.o
                0x1000b250                tcp_enqueue_flags
 .text.tcp_rexmit_rto_prepare
                0x1000b348       0x74 CMakeFiles/pico_tcp_client.dir/home/sudharsan/pico-sdk/lib/lwip/src/core/tcp_out.c.o
                0x1000b348                tcp_rexmit_rto_prepare
 .text.tcp_rexmit
                0x1000b3bc       0x78 CMakeFiles/pico_tcp_client.dir/home/sudharsan/pico-sdk/lib/lwip/src/core/tcp_out.c.o
                0x1000b3bc                tcp_rexmit
 .text.tcp_rexmit_fast
                0x1000b434       0x64 CMakeFiles/pico_tcp_client.dir/home/sudharsan/pico-sdk/lib/lwip/src/core/tcp_out.c.o
                0x1000b434                tcp_rexmit_fast
 .text.tcp_rst  0x1000b498       0xb4 CMakeFiles/pico_tcp_client.dir/home/sudharsan/pico-sdk/lib/lwip/src/core/tcp_out.c.o
                0x1000b498                tcp_rst
 .text.tcp_rst_netif
                0x1000b54c       0xfc CMakeFiles/pico_tcp_client.dir/home/sudharsan/pico-sdk/lib/lwip/src/core/tcp_out.c.o
                0x1000b54c                tcp_rst_netif
 .text.tcp_send_empty_ack
                0x1000b648       0x50 CMakeFiles/pico_tcp_client.dir/home/sudharsan/pico-sdk/lib/lwip/src/core/tcp_out.c.o
                0x1000b648                tcp_send_empty_ack
 .text.tcp_output
                0x1000b698      0x370 CMakeFiles/pico_tcp_client.dir/home/sudharsan/pico-sdk/lib/lwip/src/core/tcp_out.c.o
                0x1000b698                tcp_output
 .text.tcp_rexmit_rto_commit
                0x1000ba08       0x24 CMakeFiles/pico_tcp_client.dir/home/sudharsan/pico-sdk/lib/lwip/src/core/tcp_out.c.o
                0x1000ba08                tcp_rexmit_rto_commit
 .text.tcp_rexmit_rto
                0x1000ba2c       0x84 CMakeFiles/pico_tcp_client.dir/home/sudharsan/pico-sdk/lib/lwip/src/core/tcp_out.c.o
                0x1000ba2c                tcp_rexmit_rto
 .text.tcp_keepalive
                0x1000bab0       0xa8 CMakeFiles/pico_tcp_client.dir/home/sudharsan/pico-sdk/lib/lwip/src/core/tcp_out.c.o
                0x1000bab0                tcp_keepalive
 .text.tcp_zero_window_probe
                0x1000bb58       0xc4 CMakeFiles/pico_tcp_client.dir/home/sudharsan/pico-sdk/lib/lwip/src/core/tcp_out.c.o
                0x1000bb58                tcp_zero_window_probe
 .text.tcpip_tcp_timer
                0x1000bc1c       0x70 CMakeFiles/pico_tcp_client.dir/home/sudharsan/pico-sdk/lib/lwip/src/core/timeouts.c.o
 .text.lwip_cyclic_timer
                0x1000bc8c       0x90 CMakeFiles/pico_tcp_client.dir/home/sudharsan/pico-sdk/lib/lwip/src/core/timeouts.c.o
 .text.tcp_timer_needed
                0x1000bd1c       0x74 CMakeFiles/pico_tcp_client.dir/home/sudharsan/pico-sdk/lib/lwip/src/core/timeouts.c.o
                0x1000bd1c                tcp_timer_needed
 .text.sys_timeouts_init
                0x1000bd90       0x90 CMakeFiles/pico_tcp_client.dir/home/sudharsan/pico-sdk/lib/lwip/src/core/timeouts.c.o
                0x1000bd90                sys_timeouts_init
 .text.sys_check_timeouts
                0x1000be20       0x5c CMakeFiles/pico_tcp_client.dir/home/sudharsan/pico-sdk/lib/lwip/src/core/timeouts.c.o
                0x1000be20                sys_check_timeouts
 .text.sys_timeouts_sleeptime
                0x1000be7c       0x24 CMakeFiles/pico_tcp_client.dir/home/sudharsan/pico-sdk/lib/lwip/src/core/timeouts.c.o
                0x1000be7c                sys_timeouts_sleeptime
 .text.udp_init
                0x1000bea0       0x18 CMakeFiles/pico_tcp_client.dir/home/sudharsan/pico-sdk/lib/lwip/src/core/udp.c.o
                0x1000bea0                udp_init
 .text.udp_input
                0x1000beb8      0x2cc CMakeFiles/pico_tcp_client.dir/home/sudharsan/pico-sdk/lib/lwip/src/core/udp.c.o
                0x1000beb8                udp_input
 .text.udp_bind
                0x1000c184      0x104 CMakeFiles/pico_tcp_client.dir/home/sudharsan/pico-sdk/lib/lwip/src/core/udp.c.o
                0x1000c184                udp_bind
 .text.udp_sendto_if_src
                0x1000c288      0x118 CMakeFiles/pico_tcp_client.dir/home/sudharsan/pico-sdk/lib/lwip/src/core/udp.c.o
                0x1000c288                udp_sendto_if_src
 .text.udp_sendto_if
                0x1000c3a0       0x40 CMakeFiles/pico_tcp_client.dir/home/sudharsan/pico-sdk/lib/lwip/src/core/udp.c.o
                0x1000c3a0                udp_sendto_if
 .text.udp_sendto
                0x1000c3e0       0x7c CMakeFiles/pico_tcp_client.dir/home/sudharsan/pico-sdk/lib/lwip/src/core/udp.c.o
                0x1000c3e0                udp_sendto
 .text.udp_connect
                0x1000c45c       0x5c CMakeFiles/pico_tcp_client.dir/home/sudharsan/pico-sdk/lib/lwip/src/core/udp.c.o
                0x1000c45c                udp_connect
 .text.udp_recv
                0x1000c4b8        0x8 CMakeFiles/pico_tcp_client.dir/home/sudharsan/pico-sdk/lib/lwip/src/core/udp.c.o
                0x1000c4b8                udp_recv
 .text.udp_remove
                0x1000c4c0       0x34 CMakeFiles/pico_tcp_client.dir/home/sudharsan/pico-sdk/lib/lwip/src/core/udp.c.o
                0x1000c4c0                udp_remove
 .text.udp_new  0x1000c4f4       0x1c CMakeFiles/pico_tcp_client.dir/home/sudharsan/pico-sdk/lib/lwip/src/core/udp.c.o
                0x1000c4f4                udp_new
 .text.udp_netif_ip_addr_changed
                0x1000c510       0x3c CMakeFiles/pico_tcp_client.dir/home/sudharsan/pico-sdk/lib/lwip/src/core/udp.c.o
                0x1000c510                udp_netif_ip_addr_changed
 .text.dhcp_create_msg
                0x1000c54c      0x108 CMakeFiles/pico_tcp_client.dir/home/sudharsan/pico-sdk/lib/lwip/src/core/ipv4/dhcp.c.o
 .text.dhcp_inc_pcb_refcount
                0x1000c654       0x64 CMakeFiles/pico_tcp_client.dir/home/sudharsan/pico-sdk/lib/lwip/src/core/ipv4/dhcp.c.o
 .text.dhcp_bind
                0x1000c6b8      0x130 CMakeFiles/pico_tcp_client.dir/home/sudharsan/pico-sdk/lib/lwip/src/core/ipv4/dhcp.c.o
 .text.dhcp_option_hostname.isra.0
                0x1000c7e8       0x88 CMakeFiles/pico_tcp_client.dir/home/sudharsan/pico-sdk/lib/lwip/src/core/ipv4/dhcp.c.o
 .text.dhcp_handle_ack.isra.0
                0x1000c870       0xbc CMakeFiles/pico_tcp_client.dir/home/sudharsan/pico-sdk/lib/lwip/src/core/ipv4/dhcp.c.o
 .text.dhcp_reboot.isra.0
                0x1000c92c      0x19c CMakeFiles/pico_tcp_client.dir/home/sudharsan/pico-sdk/lib/lwip/src/core/ipv4/dhcp.c.o
 .text.dhcp_discover
                0x1000cac8      0x144 CMakeFiles/pico_tcp_client.dir/home/sudharsan/pico-sdk/lib/lwip/src/core/ipv4/dhcp.c.o
 .text.dhcp_select.isra.0
                0x1000cc0c      0x1f8 CMakeFiles/pico_tcp_client.dir/home/sudharsan/pico-sdk/lib/lwip/src/core/ipv4/dhcp.c.o
 .text.dhcp_recv
                0x1000ce04      0x5b4 CMakeFiles/pico_tcp_client.dir/home/sudharsan/pico-sdk/lib/lwip/src/core/ipv4/dhcp.c.o
 .text.dhcp_set_struct
                0x1000d3b8       0x3c CMakeFiles/pico_tcp_client.dir/home/sudharsan/pico-sdk/lib/lwip/src/core/ipv4/dhcp.c.o
                0x1000d3b8                dhcp_set_struct
 .text.dhcp_network_changed_link_up
                0x1000d3f4       0x40 CMakeFiles/pico_tcp_client.dir/home/sudharsan/pico-sdk/lib/lwip/src/core/ipv4/dhcp.c.o
                0x1000d3f4                dhcp_network_changed_link_up
 .text.dhcp_renew
                0x1000d434      0x154 CMakeFiles/pico_tcp_client.dir/home/sudharsan/pico-sdk/lib/lwip/src/core/ipv4/dhcp.c.o
                0x1000d434                dhcp_renew
 .text.dhcp_release_and_stop
                0x1000d588      0x158 CMakeFiles/pico_tcp_client.dir/home/sudharsan/pico-sdk/lib/lwip/src/core/ipv4/dhcp.c.o
                0x1000d588                dhcp_release_and_stop
 .text.dhcp_start
                0x1000d6e0       0xac CMakeFiles/pico_tcp_client.dir/home/sudharsan/pico-sdk/lib/lwip/src/core/ipv4/dhcp.c.o
                0x1000d6e0                dhcp_start
 .text.dhcp_coarse_tmr
                0x1000d78c      0x1e4 CMakeFiles/pico_tcp_client.dir/home/sudharsan/pico-sdk/lib/lwip/src/core/ipv4/dhcp.c.o
                0x1000d78c                dhcp_coarse_tmr
 .text.dhcp_fine_tmr
                0x1000d970       0xa0 CMakeFiles/pico_tcp_client.dir/home/sudharsan/pico-sdk/lib/lwip/src/core/ipv4/dhcp.c.o
                0x1000d970                dhcp_fine_tmr
 .text.dhcp_stop
                0x1000da10      0x158 CMakeFiles/pico_tcp_client.dir/home/sudharsan/pico-sdk/lib/lwip/src/core/ipv4/dhcp.c.o
                0x1000da10                dhcp_stop
 .text.etharp_find_entry
                0x1000db68      0x3e4 CMakeFiles/pico_tcp_client.dir/home/sudharsan/pico-sdk/lib/lwip/src/core/ipv4/etharp.c.o
 .text.etharp_raw
                0x1000df4c       0xd4 CMakeFiles/pico_tcp_client.dir/home/sudharsan/pico-sdk/lib/lwip/src/core/ipv4/etharp.c.o
 .text.etharp_output_to_arp_index
                0x1000e020       0xbc CMakeFiles/pico_tcp_client.dir/home/sudharsan/pico-sdk/lib/lwip/src/core/ipv4/etharp.c.o
 .text.etharp_tmr
                0x1000e0dc       0x84 CMakeFiles/pico_tcp_client.dir/home/sudharsan/pico-sdk/lib/lwip/src/core/ipv4/etharp.c.o
                0x1000e0dc                etharp_tmr
 .text.etharp_cleanup_netif
                0x1000e160      0x164 CMakeFiles/pico_tcp_client.dir/home/sudharsan/pico-sdk/lib/lwip/src/core/ipv4/etharp.c.o
                0x1000e160                etharp_cleanup_netif
 .text.etharp_input
                0x1000e2c4      0x178 CMakeFiles/pico_tcp_client.dir/home/sudharsan/pico-sdk/lib/lwip/src/core/ipv4/etharp.c.o
                0x1000e2c4                etharp_input
 .text.etharp_query
                0x1000e43c      0x19c CMakeFiles/pico_tcp_client.dir/home/sudharsan/pico-sdk/lib/lwip/src/core/ipv4/etharp.c.o
                0x1000e43c                etharp_query
 .text.etharp_output
                0x1000e5d8      0x224 CMakeFiles/pico_tcp_client.dir/home/sudharsan/pico-sdk/lib/lwip/src/core/ipv4/etharp.c.o
                0x1000e5d8                etharp_output
 .text.etharp_request
                0x1000e7fc       0xd0 CMakeFiles/pico_tcp_client.dir/home/sudharsan/pico-sdk/lib/lwip/src/core/ipv4/etharp.c.o
                0x1000e7fc                etharp_request
 .text.icmp_input
                0x1000e8cc      0x1b8 CMakeFiles/pico_tcp_client.dir/home/sudharsan/pico-sdk/lib/lwip/src/core/ipv4/icmp.c.o
                0x1000e8cc                icmp_input
 .text.icmp_dest_unreach
                0x1000ea84       0xac CMakeFiles/pico_tcp_client.dir/home/sudharsan/pico-sdk/lib/lwip/src/core/ipv4/icmp.c.o
                0x1000ea84                icmp_dest_unreach
 .text.icmp_time_exceeded
                0x1000eb30       0xac CMakeFiles/pico_tcp_client.dir/home/sudharsan/pico-sdk/lib/lwip/src/core/ipv4/icmp.c.o
                0x1000eb30                icmp_time_exceeded
 .text.ip_reass_free_complete_datagram
                0x1000ebdc       0xe4 CMakeFiles/pico_tcp_client.dir/home/sudharsan/pico-sdk/lib/lwip/src/core/ipv4/ip4_frag.c.o
 .text.ip_reass_remove_oldest_datagram
                0x1000ecc0       0x88 CMakeFiles/pico_tcp_client.dir/home/sudharsan/pico-sdk/lib/lwip/src/core/ipv4/ip4_frag.c.o
 .text.ip_reass_tmr
                0x1000ed48       0x30 CMakeFiles/pico_tcp_client.dir/home/sudharsan/pico-sdk/lib/lwip/src/core/ipv4/ip4_frag.c.o
                0x1000ed48                ip_reass_tmr
 .text.ip4_reass
                0x1000ed78      0x444 CMakeFiles/pico_tcp_client.dir/home/sudharsan/pico-sdk/lib/lwip/src/core/ipv4/ip4_frag.c.o
                0x1000ed78                ip4_reass
 .text.ip4_frag
                0x1000f1bc      0x22c CMakeFiles/pico_tcp_client.dir/home/sudharsan/pico-sdk/lib/lwip/src/core/ipv4/ip4_frag.c.o
                0x1000f1bc                ip4_frag
 .text.ip4_route
                0x1000f3e8       0x6c CMakeFiles/pico_tcp_client.dir/home/sudharsan/pico-sdk/lib/lwip/src/core/ipv4/ip4.c.o
                0x1000f3e8                ip4_route
 .text.ip4_input
                0x1000f454      0x2b0 CMakeFiles/pico_tcp_client.dir/home/sudharsan/pico-sdk/lib/lwip/src/core/ipv4/ip4.c.o
                0x1000f454                ip4_input
 .text.ip4_output_if
                0x1000f704      0x138 CMakeFiles/pico_tcp_client.dir/home/sudharsan/pico-sdk/lib/lwip/src/core/ipv4/ip4.c.o
                0x1000f704                ip4_output_if
 .text.ip4_output_if_src
                0x1000f83c      0x138 CMakeFiles/pico_tcp_client.dir/home/sudharsan/pico-sdk/lib/lwip/src/core/ipv4/ip4.c.o
                0x1000f83c                ip4_output_if_src
 .text.ip4_addr_isbroadcast_u32
                0x1000f974       0x38 CMakeFiles/pico_tcp_client.dir/home/sudharsan/pico-sdk/lib/lwip/src/core/ipv4/ip4_addr.c.o
                0x1000f974                ip4_addr_isbroadcast_u32
 .text.ip4addr_aton
                0x1000f9ac      0x18c CMakeFiles/pico_tcp_client.dir/home/sudharsan/pico-sdk/lib/lwip/src/core/ipv4/ip4_addr.c.o
                0x1000f9ac                ip4addr_aton
 .text.ethernet_input
                0x1000fb38       0xc4 CMakeFiles/pico_tcp_client.dir/home/sudharsan/pico-sdk/lib/lwip/src/netif/ethernet.c.o
                0x1000fb38                ethernet_input
 .text.ethernet_output
                0x1000fbfc       0x60 CMakeFiles/pico_tcp_client.dir/home/sudharsan/pico-sdk/lib/lwip/src/netif/ethernet.c.o
                0x1000fbfc                ethernet_output
 .text.cyw43_arch_wifi_connect_bssid_until.part.0
                0x1000fc5c      0x13c CMakeFiles/pico_tcp_client.dir/home/sudharsan/pico-sdk/src/rp2_common/pico_cyw43_arch/cyw43_arch.c.o
 .text.cyw43_arch_set_async_context
                0x1000fd98        0xc CMakeFiles/pico_tcp_client.dir/home/sudharsan/pico-sdk/src/rp2_common/pico_cyw43_arch/cyw43_arch.c.o
                0x1000fd98                cyw43_arch_set_async_context
 .text.cyw43_arch_enable_sta_mode
                0x1000fda4       0x18 CMakeFiles/pico_tcp_client.dir/home/sudharsan/pico-sdk/src/rp2_common/pico_cyw43_arch/cyw43_arch.c.o
                0x1000fda4                cyw43_arch_enable_sta_mode
 .text.cyw43_arch_wifi_connect_timeout_ms
                0x1000fdbc       0x84 CMakeFiles/pico_tcp_client.dir/home/sudharsan/pico-sdk/src/rp2_common/pico_cyw43_arch/cyw43_arch.c.o
                0x1000fdbc                cyw43_arch_wifi_connect_timeout_ms
 .text.cyw43_arch_async_context
                0x1000fe40        0xc CMakeFiles/pico_tcp_client.dir/home/sudharsan/pico-sdk/src/rp2_common/pico_cyw43_arch/cyw43_arch.c.o
                0x1000fe40                cyw43_arch_async_context
 .text.cyw43_arch_poll
                0x1000fe4c       0x14 CMakeFiles/pico_tcp_client.dir/home/sudharsan/pico-sdk/src/rp2_common/pico_cyw43_arch/cyw43_arch.c.o
                0x1000fe4c                cyw43_arch_poll
 .text.cyw43_arch_init
                0x1000fe60       0x70 CMakeFiles/pico_tcp_client.dir/home/sudharsan/pico-sdk/src/rp2_common/pico_cyw43_arch/cyw43_arch_threadsafe_background.c.o
                0x1000fe60                cyw43_arch_init
 .text.ns_delay.constprop.0
                0x1000fed0       0x24 CMakeFiles/pico_tcp_client.dir/home/sudharsan/pico-sdk/src/rp2_common/pico_cyw43_driver/cyw43_bus_pio_spi.c.o
 .text.cyw43_spi_deinit
                0x1000fef4       0x6c CMakeFiles/pico_tcp_client.dir/home/sudharsan/pico-sdk/src/rp2_common/pico_cyw43_driver/cyw43_bus_pio_spi.c.o
                0x1000fef4                cyw43_spi_deinit
 .text.cyw43_spi_init
                0x1000ff60      0x128 CMakeFiles/pico_tcp_client.dir/home/sudharsan/pico-sdk/src/rp2_common/pico_cyw43_driver/cyw43_bus_pio_spi.c.o
                0x1000ff60                cyw43_spi_init
 .text.cyw43_spi_transfer
                0x10010088      0x3a0 CMakeFiles/pico_tcp_client.dir/home/sudharsan/pico-sdk/src/rp2_common/pico_cyw43_driver/cyw43_bus_pio_spi.c.o
                0x10010088                cyw43_spi_transfer
 .text.cyw43_spi_gpio_setup
                0x10010428       0x40 CMakeFiles/pico_tcp_client.dir/home/sudharsan/pico-sdk/src/rp2_common/pico_cyw43_driver/cyw43_bus_pio_spi.c.o
                0x10010428                cyw43_spi_gpio_setup
 .text.cyw43_spi_reset
                0x10010468       0x30 CMakeFiles/pico_tcp_client.dir/home/sudharsan/pico-sdk/src/rp2_common/pico_cyw43_driver/cyw43_bus_pio_spi.c.o
                0x10010468                cyw43_spi_reset
 .text.read_reg_u32_swap
                0x10010498       0x3c CMakeFiles/pico_tcp_client.dir/home/sudharsan/pico-sdk/src/rp2_common/pico_cyw43_driver/cyw43_bus_pio_spi.c.o
                0x10010498                read_reg_u32_swap
 .text.cyw43_read_reg_u32
                0x100104d4       0x50 CMakeFiles/pico_tcp_client.dir/home/sudharsan/pico-sdk/src/rp2_common/pico_cyw43_driver/cyw43_bus_pio_spi.c.o
                0x100104d4                cyw43_read_reg_u32
 .text.cyw43_read_reg_u16
                0x10010524       0x54 CMakeFiles/pico_tcp_client.dir/home/sudharsan/pico-sdk/src/rp2_common/pico_cyw43_driver/cyw43_bus_pio_spi.c.o
                0x10010524                cyw43_read_reg_u16
 .text.cyw43_read_reg_u8
                0x10010578       0x54 CMakeFiles/pico_tcp_client.dir/home/sudharsan/pico-sdk/src/rp2_common/pico_cyw43_driver/cyw43_bus_pio_spi.c.o
                0x10010578                cyw43_read_reg_u8
 .text.write_reg_u32_swap
                0x100105cc      0x1cc CMakeFiles/pico_tcp_client.dir/home/sudharsan/pico-sdk/src/rp2_common/pico_cyw43_driver/cyw43_bus_pio_spi.c.o
                0x100105cc                write_reg_u32_swap
 .text.cyw43_write_reg_u32
                0x10010798      0x1c8 CMakeFiles/pico_tcp_client.dir/home/sudharsan/pico-sdk/src/rp2_common/pico_cyw43_driver/cyw43_bus_pio_spi.c.o
                0x10010798                cyw43_write_reg_u32
 .text.cyw43_write_reg_u16
                0x10010960      0x1c8 CMakeFiles/pico_tcp_client.dir/home/sudharsan/pico-sdk/src/rp2_common/pico_cyw43_driver/cyw43_bus_pio_spi.c.o
                0x10010960                cyw43_write_reg_u16
 .text.cyw43_write_reg_u8
                0x10010b28      0x1c8 CMakeFiles/pico_tcp_client.dir/home/sudharsan/pico-sdk/src/rp2_common/pico_cyw43_driver/cyw43_bus_pio_spi.c.o
                0x10010b28                cyw43_write_reg_u8
 .text.cyw43_read_bytes
                0x10010cf0       0x80 CMakeFiles/pico_tcp_client.dir/home/sudharsan/pico-sdk/src/rp2_common/pico_cyw43_driver/cyw43_bus_pio_spi.c.o
                0x10010cf0                cyw43_read_bytes
 .text.cyw43_write_bytes
                0x10010d70       0xcc CMakeFiles/pico_tcp_client.dir/home/sudharsan/pico-sdk/src/rp2_common/pico_cyw43_driver/cyw43_bus_pio_spi.c.o
                0x10010d70                cyw43_write_bytes
 .text.cyw43_set_backplane_window
                0x10010e3c       0x70 CMakeFiles/pico_tcp_client.dir/home/sudharsan/pico-sdk/lib/cyw43-driver/src/cyw43_ll.c.o
 .text.cyw43_ll_parse_async_event
                0x10010eac      0x10c CMakeFiles/pico_tcp_client.dir/home/sudharsan/pico-sdk/lib/cyw43-driver/src/cyw43_ll.c.o
 .text.cyw43_kso_set
                0x10010fb8       0x7c CMakeFiles/pico_tcp_client.dir/home/sudharsan/pico-sdk/lib/cyw43-driver/src/cyw43_ll.c.o
 .text.cyw43_ll_sdpcm_poll_device
                0x10011034      0x230 CMakeFiles/pico_tcp_client.dir/home/sudharsan/pico-sdk/lib/cyw43-driver/src/cyw43_ll.c.o
 .text.cyw43_sdpcm_send_common
                0x10011264       0xe8 CMakeFiles/pico_tcp_client.dir/home/sudharsan/pico-sdk/lib/cyw43-driver/src/cyw43_ll.c.o
 .text.cyw43_do_ioctl.part.0
                0x1001134c       0xc0 CMakeFiles/pico_tcp_client.dir/home/sudharsan/pico-sdk/lib/cyw43-driver/src/cyw43_ll.c.o
 .text.cyw43_download_resource
                0x1001140c       0xb8 CMakeFiles/pico_tcp_client.dir/home/sudharsan/pico-sdk/lib/cyw43-driver/src/cyw43_ll.c.o
 .text.cyw43_write_iovar_u32.constprop.0
                0x100114c4       0x74 CMakeFiles/pico_tcp_client.dir/home/sudharsan/pico-sdk/lib/cyw43-driver/src/cyw43_ll.c.o
 .text.cyw43_write_iovar_n
                0x10011538       0x80 CMakeFiles/pico_tcp_client.dir/home/sudharsan/pico-sdk/lib/cyw43-driver/src/cyw43_ll.c.o
 .text.cyw43_write_iovar_u32_u32.constprop.0
                0x100115b8       0xa0 CMakeFiles/pico_tcp_client.dir/home/sudharsan/pico-sdk/lib/cyw43-driver/src/cyw43_ll.c.o
 .text.cyw43_read_backplane.constprop.0
                0x10011658       0xe4 CMakeFiles/pico_tcp_client.dir/home/sudharsan/pico-sdk/lib/cyw43-driver/src/cyw43_ll.c.o
 .text.cyw43_write_backplane
                0x1001173c       0xf8 CMakeFiles/pico_tcp_client.dir/home/sudharsan/pico-sdk/lib/cyw43-driver/src/cyw43_ll.c.o
 .text.reset_device_core.constprop.0