Archive member included to satisfy reference by file (symbol)

/usr/lib/gcc/arm-none-eabi/13.2.1/../../../arm-none-eabi/lib/thumb/v8-m.main+fp/softfp/libm.a(libm_a-wf_sqrt.o)
                              CMakeFiles/pico_tcp_client.dir/home/sudharsan/pico-sdk/src/rp2_common/pico_float/float_math.c.o (sqrtf)
/usr/lib/gcc/arm-none-eabi/13.2.1/../../../arm-none-eabi/lib/thumb/v8-m.main+fp/softfp/libm.a(libm_a-ef_sqrt.o)
                              /usr/lib/gcc/arm-none-eabi/13.2.1/../../../arm-none-eabi/lib/thumb/v8-m.main+fp/softfp/libm.a(libm_a-wf_sqrt.o) (__ieee754_sqrtf)
/usr/lib/gcc/arm-none-eabi/13.2.1/thumb/v8-m.main+fp/softfp/libgcc.a(_arm_addsubdf3.o)
                              CMakeFiles/pico_tcp_client.dir/home/sudharsan/pico-sdk/src/rp2_common/pico_float/float_math.c.o (__aeabi_f2d)
/usr/lib/gcc/arm-none-eabi/13.2.1/thumb/v8-m.main+fp/softfp/libgcc.a(_aeabi_ldivmod.o)
                              CMakeFiles/pico_tcp_client.dir/home/sudharsan/pico-sdk/src/common/pico_time/time.c.o (__aeabi_ldivmod)
/usr/lib/gcc/arm-none-eabi/13.2.1/thumb/v8-m.main+fp/softfp/libgcc.a(_aeabi_uldivmod.o)
                              CMakeFiles/pico_tcp_client.dir/main.c.o (__aeabi_uldivmod)
/usr/lib/gcc/arm-none-eabi/13.2.1/thumb/v8-m.main+fp/softfp/libgcc.a(_udivmoddi4.o)
                              /usr/lib/gcc/arm-none-eabi/13.2.1/thumb/v8-m.main+fp/softfp/libgcc.a(_aeabi_ldivmod.o) (__udivmoddi4)
/usr/lib/gcc/arm-none-eabi/13.2.1/thumb/v8-m.main+fp/softfp/libgcc.a(_dvmd_tls.o)
                              /usr/lib/gcc/arm-none-eabi/13.2.1/thumb/v8-m.main+fp/softfp/libgcc.a(_aeabi_ldivmod.o) (__aeabi_ldiv0)
/usr/lib/gcc/arm-none-eabi/13.2.1/../../../arm-none-eabi/lib/thumb/v8-m.main+fp/softfp/libg.a(libc_a-memset.o)
                              /usr/lib/gcc/arm-none-eabi/13.2.1/../../../arm-none-eabi/lib/thumb/v8-m.main+fp/softfp/crt0.o (memset)
/usr/lib/gcc/arm-none-eabi/13.2.1/../../../arm-none-eabi/lib/thumb/v8-m.main+fp/softfp/libg.a(libc_a-strncmp.o)
                              CMakeFiles/pico_tcp_client.dir/home/sudharsan/pico-sdk/lib/lwip/src/core/def.c.o (strncmp)
/usr/lib/gcc/arm-none-eabi/13.2.1/../../../arm-none-eabi/lib/thumb/v8-m.main+fp/softfp/libg.a(libc_a-memmove.o)
                              CMakeFiles/pico_tcp_client.dir/home/sudharsan/pico-sdk/lib/lwip/src/core/def.c.o (memmove)
/usr/lib/gcc/arm-none-eabi/13.2.1/../../../arm-none-eabi/lib/thumb/v8-m.main+fp/softfp/libg.a(libc_a-calloc.o)
                              CMakeFiles/pico_tcp_client.dir/home/sudharsan/pico-sdk/src/rp2_common/pico_malloc/malloc.c.o (calloc)
/usr/lib/gcc/arm-none-eabi/13.2.1/../../../arm-none-eabi/lib/thumb/v8-m.main+fp/softfp/libg.a(libc_a-errno.o)
                              /usr/lib/gcc/arm-none-eabi/13.2.1/../../../arm-none-eabi/lib/thumb/v8-m.main+fp/softfp/libm.a(libm_a-wf_sqrt.o) (__errno)
/usr/lib/gcc/arm-none-eabi/13.2.1/../../../arm-none-eabi/lib/thumb/v8-m.main+fp/softfp/libg.a(libc_a-impure.o)
                              CMakeFiles/pico_tcp_client.dir/main.c.o (_impure_ptr)
/usr/lib/gcc/arm-none-eabi/13.2.1/../../../arm-none-eabi/lib/thumb/v8-m.main+fp/softfp/libg.a(libc_a-callocr.o)
                              /usr/lib/gcc/arm-none-eabi/13.2.1/../../../arm-none-eabi/lib/thumb/v8-m.main+fp/softfp/libg.a(libc_a-calloc.o) (_calloc_r)
/usr/lib/gcc/arm-none-eabi/13.2.1/../../../arm-none-eabi/lib/thumb/v8-m.main+fp/softfp/libg.a(libc_a-realloc.o)
                              CMakeFiles/pico_tcp_client.dir/home/sudharsan/pico-sdk/src/rp2_common/pico_malloc/malloc.c.o (realloc)
/usr/lib/gcc/arm-none-eabi/13.2.1/../../../arm-none-eabi/lib/thumb/v8-m.main+fp/softfp/libg.a(libc_a-mallocr.o)
                              /usr/lib/gcc/arm-none-eabi/13.2.1/../../../arm-none-eabi/lib/thumb/v8-m.main+fp/softfp/libg.a(libc_a-callocr.o) (_malloc_r)
/usr/lib/gcc/arm-none-eabi/13.2.1/../../../arm-none-eabi/lib/thumb/v8-m.main+fp/softfp/libg.a(libc_a-freer.o)
                              /usr/lib/gcc/arm-none-eabi/13.2.1/../../../arm-none-eabi/lib/thumb/v8-m.main+fp/softfp/libg.a(libc_a-mallocr.o) (_free_r)
/usr/lib/gcc/arm-none-eabi/13.2.1/../../../arm-none-eabi/lib/thumb/v8-m.main+fp/softfp/libg.a(libc_a-memcmp.o)
                              CMakeFiles/pico_tcp_client.dir/home/sudharsan/pico-sdk/src/rp2_common/pico_atomic/atomic.c.o (memcmp)
/usr/lib/gcc/arm-none-eabi/13.2.1/../../../arm-none-eabi/lib/thumb/v8-m.main+fp/softfp/libg.a(libc_a-atoi.o)
                              CMakeFiles/pico_tcp_client.dir/home/sudharsan/pico-sdk/lib/lwip/src/core/netif.c.o (atoi)
/usr/lib/gcc/arm-none-eabi/13.2.1/../../../arm-none-eabi/lib/thumb/v8-m.main+fp/softfp/libg.a(libc_a-strtol.o)
                              /usr/lib/gcc/arm-none-eabi/13.2.1/../../../arm-none-eabi/lib/thumb/v8-m.main+fp/softfp/libg.a(libc_a-atoi.o) (_strtol_r)
/usr/lib/gcc/arm-none-eabi/13.2.1/../../../arm-none-eabi/lib/thumb/v8-m.main+fp/softfp/libg.a(libc_a-malloc.o)
[...]
Memory Configuration

Name             Origin             Length             Attributes
FLASH            0x10000000         0x00400000         xr
RAM              0x20000000         0x00080000         xrw
SCRATCH_X        0x20080000         0x00001000         xrw
SCRATCH_Y        0x20081000         0x00001000         xrw
*default*        0x00000000         0xffffffff

Linker script and memory map

LOAD /usr/lib/gcc/arm-none-eabi/13.2.1/thumb/v8-m.main+fp/softfp/crti.o
LOAD /usr/lib/gcc/arm-none-eabi/13.2.1/thumb/v8-m.main+fp/softfp/crtbegin.o
LOAD /usr/lib/gcc/arm-none-eabi/13.2.1/../../../arm-none-eabi/lib/thumb/v8-m.main+fp/softfp/crt0.o

.flash_begin    0x10000000        0x0
                0x10000000                        __flash_binary_start = .

.text           0x10000000    0x15e3c
                0x10000000                        __logical_binary_start = .
 *(.vectors)
 .vectors       0x10000000      0x124 CMakeFiles/pico_tcp_client.dir/home/sudharsan/pico-sdk/src/rp2_common/pico_crt0/crt0.S.o
                0x10000000                __vectors
                0x10000000                __VECTOR_TABLE
                0x10000110                isr_securefault
                0x10000110                isr_irq30
                0x10000110                __unhandled_user_irq
                0x10000110                isr_irq49
                0x10000110                isr_irq13
                0x10000110                isr_irq43
                0x10000110                isr_irq45
                0x10000110                isr_irq27
                0x10000110                isr_irq32
                0x10000110                isr_irq31
                0x10000110                isr_irq5
                0x10000110                isr_irq11
                0x10000110                isr_irq23
                0x10000110                isr_usagefault
                0x10000110                isr_irq48
                0x10000110                isr_irq35
                0x10000110                isr_irq18
                0x10000110                isr_irq50
                0x10000110                isr_irq40
                0x10000110                isr_irq28
                0x10000110                isr_irq19
                0x10000110                isr_irq36
                0x10000110                isr_irq41
                0x10000110                isr_irq0
                0x10000110                isr_irq6
                0x10000110                isr_memmanage
                0x10000110                isr_irq37
                0x10000110                isr_irq42
                0x10000110                isr_irq22
                0x10000110                isr_irq17
                0x10000110                isr_irq38
                0x10000110                isr_irq14
                0x10000110                __vectors_end
                0x10000110                __default_isrs_start
                0x10000110                isr_irq2
                0x10000110                isr_irq10
                0x10000110                isr_irq8
                0x10000110                isr_debugmonitor
                0x10000110                isr_irq24
                0x10000110                isr_irq46
                0x10000110                isr_irq1
                0x10000110                isr_irq47
                0x10000110                isr_irq51
                0x10000110                isr_irq7
                0x10000110                isr_irq21
                0x10000110                isr_irq39
                0x10000110                isr_irq20
                0x10000110                isr_irq15
                0x10000110                isr_irq25
                0x10000110                isr_irq34
                0x10000110                isr_irq4
                0x10000110                isr_busfault
                0x10000110                isr_irq16
                0x10000110                isr_irq44
                0x10000110                isr_irq29
                0x10000110                isr_irq26
                0x10000110                isr_irq33
                0x10000110                isr_irq3
                0x10000110                isr_irq12
                0x10000110                isr_irq9
                0x10000116                unhandled_user_irq_num_in_r0
                0x10000118                isr_invalid
                0x1000011a                isr_nmi
                0x1000011c                isr_hardfault
                0x1000011e                isr_svcall
                0x10000120                isr_pendsv
                0x10000122                isr_systick
                0x10000124                __default_isrs_end
 *(.binary_info_header)
 .binary_info_header
                0x10000124       0x14 CMakeFiles/pico_tcp_client.dir/home/sudharsan/pico-sdk/src/rp2_common/pico_crt0/crt0.S.o
                0x10000138                        __binary_info_header_end = .
 *(.embedded_block)
 .embedded_block
                0x10000138       0x14 CMakeFiles/pico_tcp_client.dir/home/sudharsan/pico-sdk/src/rp2_common/pico_crt0/crt0.S.o
                0x1000014c                        __embedded_block_end = .
 *(.reset)
 .reset         0x1000014c       0x98 CMakeFiles/pico_tcp_client.dir/home/sudharsan/pico-sdk/src/rp2_common/pico_crt0/crt0.S.o
                0x1000014c                _entry_point
 *(.init)
 .init          0x100001e4        0x4 /usr/lib/gcc/arm-none-eabi/13.2.1/thumb/v8-m.main+fp/softfp/crti.o
                0x100001e4                _init
 *libgcc.a:cmse_nonsecure_call.o()
 *(EXCLUDE_FILE(*libm.a: *libc.a:*lib_a-mem*.o *libgcc.a:) .text*)
 .text          0x100001e8       0x8c /usr/lib/gcc/arm-none-eabi/13.2.1/thumb/v8-m.main+fp/softfp/crtbegin.o
 .text.connected_callback
                0x10000274       0x38 CMakeFiles/pico_tcp_client.dir/main.c.o
 .text.recv_callback
                0x100002ac       0x5c CMakeFiles/pico_tcp_client.dir/main.c.o
 .text.wifi_init
                0x10000308       0x6c CMakeFiles/pico_tcp_client.dir/main.c.o
                0x10000308                wifi_init
 .text.tcp_connect_to_server
                0x10000374       0x48 CMakeFiles/pico_tcp_client.dir/main.c.o
                0x10000374                tcp_connect_to_server
 .text.startup.main
                0x100003bc       0x80 CMakeFiles/pico_tcp_client.dir/main.c.o
                0x100003bc                main
 .text.gpio_set_function
                0x1000043c       0x3c CMakeFiles/pico_tcp_client.dir/home/sudharsan/pico-sdk/src/rp2_common/hardware_gpio/gpio.c.o
                0x1000043c                gpio_set_function
 .text.gpio_set_pulls
                0x10000478       0x28 CMakeFiles/pico_tcp_client.dir/home/sudharsan/pico-sdk/src/rp2_common/hardware_gpio/gpio.c.o
                0x10000478                gpio_set_pulls
 .text.gpio_set_input_hysteresis_enabled
                0x100004a0       0x20 CMakeFiles/pico_tcp_client.dir/home/sudharsan/pico-sdk/src/rp2_common/hardware_gpio/gpio.c.o
                0x100004a0                gpio_set_input_hysteresis_enabled
 .text.gpio_set_irq_enabled
                0x100004c0       0x50 CMakeFiles/pico_tcp_client.dir/home/sudharsan/pico-sdk/src/rp2_common/hardware_gpio/gpio.c.o
                0x100004c0                gpio_set_irq_enabled
 .text.gpio_add_raw_irq_handler_with_order_priority_masked
                0x10000510       0x44 CMakeFiles/pico_tcp_client.dir/home/sudharsan/pico-sdk/src/rp2_common/hardware_gpio/gpio.c.o
                0x10000510                gpio_add_raw_irq_handler_with_order_priority_masked
 .text.gpio_remove_raw_irq_handler_masked
                0x10000554       0x24 CMakeFiles/pico_tcp_client.dir/home/sudharsan/pico-sdk/src/rp2_common/hardware_gpio/gpio.c.o
                0x10000554                gpio_remove_raw_irq_handler_masked
 .text.gpio_init
                0x10000578       0x48 CMakeFiles/pico_tcp_client.dir/home/sudharsan/pico-sdk/src/rp2_common/hardware_gpio/gpio.c.o
                0x10000578                gpio_init
 .text.panic    0x100005c0       0x30 CMakeFiles/pico_tcp_client.dir/home/sudharsan/pico-sdk/src/rp2_common/pico_platform_panic/panic.c.o
                0x100005c0                panic
 .text.hw_claim_lock
                0x100005f0       0x24 CMakeFiles/pico_tcp_client.dir/home/sudharsan/pico-sdk/src/common/hardware_claim/claim.c.o
                0x100005f0                hw_claim_lock
 .text.hw_claim_unlock
                0x10000614       0x14 CMakeFiles/pico_tcp_client.dir/home/sudharsan/pico-sdk/src/common/hardware_claim/claim.c.o
                0x10000614                hw_claim_unlock
 .text.hw_claim_or_assert
                0x10000628       0x58 CMakeFiles/pico_tcp_client.dir/home/sudharsan/pico-sdk/src/common/hardware_claim/claim.c.o
                0x10000628                hw_claim_or_assert
 .text.hw_claim_unused_from_range
                0x10000680       0x9c CMakeFiles/pico_tcp_client.dir/home/sudharsan/pico-sdk/src/common/hardware_claim/claim.c.o
                0x10000680                hw_claim_unused_from_range
 .text.hw_claim_clear
                0x1000071c       0x50 CMakeFiles/pico_tcp_client.dir/home/sudharsan/pico-sdk/src/common/hardware_claim/claim.c.o
                0x1000071c                hw_claim_clear
 .text.next_striped_spin_lock_num
                0x1000076c       0x18 CMakeFiles/pico_tcp_client.dir/home/sudharsan/pico-sdk/src/rp2_common/hardware_sync/sync.c.o
                0x1000076c                next_striped_spin_lock_num
 .text.spin_lock_claim_unused
                0x10000784       0x20 CMakeFiles/pico_tcp_client.dir/home/sudharsan/pico-sdk/src/rp2_common/hardware_sync/sync.c.o
                0x10000784                spin_lock_claim_unused
 .text.spinlock_set_extexclall
                0x100007a4       0x10 CMakeFiles/pico_tcp_client.dir/home/sudharsan/pico-sdk/src/rp2_common/hardware_sync_spin_lock/sync_spin_lock.c.o
 .text.spin_locks_reset
                0x100007b4       0x18 CMakeFiles/pico_tcp_client.dir/home/sudharsan/pico-sdk/src/rp2_common/hardware_sync_spin_lock/sync_spin_lock.c.o
                0x100007b4                spin_locks_reset
 .text.runtime_init_per_core_irq_priorities
                0x100007cc       0x40 CMakeFiles/pico_tcp_client.dir/home/sudharsan/pico-sdk/src/rp2_common/hardware_irq/irq.c.o
                0x100007cc                runtime_init_per_core_irq_priorities
 .text.irq_set_enabled
                0x1000080c       0x2c CMakeFiles/pico_tcp_client.dir/home/sudharsan/pico-sdk/src/rp2_common/hardware_irq/irq.c.o
                0x1000080c                irq_set_enabled
 .text.irq_is_enabled
                0x10000838       0x20 CMakeFiles/pico_tcp_client.dir/home/sudharsan/pico-sdk/src/rp2_common/hardware_irq/irq.c.o
                0x10000838                irq_is_enabled
 .text.irq_set_pending
                0x10000858       0x18 CMakeFiles/pico_tcp_client.dir/home/sudharsan/pico-sdk/src/rp2_common/hardware_irq/irq.c.o
                0x10000858                irq_set_pending
 .text.irq_has_shared_handler
                0x10000870       0x20 CMakeFiles/pico_tcp_client.dir/home/sudharsan/pico-sdk/src/rp2_common/hardware_irq/irq.c.o
                0x10000870                irq_has_shared_handler
 .text.irq_set_exclusive_handler
                0x10000890       0x60 CMakeFiles/pico_tcp_client.dir/home/sudharsan/pico-sdk/src/rp2_common/hardware_irq/irq.c.o
                0x10000890                irq_set_exclusive_handler
 .text.irq_add_shared_handler
                0x100008f0      0x1e8 CMakeFiles/pico_tcp_client.dir/home/sudharsan/pico-sdk/src/rp2_common/hardware_irq/irq.c.o
                0x100008f0                irq_add_shared_handler
 .text.irq_remove_handler
                0x10000ad8      0x1fc CMakeFiles/pico_tcp_client.dir/home/sudharsan/pico-sdk/src/rp2_common/hardware_irq/irq.c.o
                0x10000ad8                irq_remove_handler
 .text.irq_add_tail_to_free_list
                0x10000cd4       0xbc CMakeFiles/pico_tcp_client.dir/home/sudharsan/pico-sdk/src/rp2_common/hardware_irq/irq.c.o
                0x10000cd4                irq_add_tail_to_free_list
 .text.user_irq_claim_unused
                0x10000d90       0x28 CMakeFiles/pico_tcp_client.dir/home/sudharsan/pico-sdk/src/rp2_common/hardware_irq/irq.c.o
                0x10000d90                user_irq_claim_unused
 .text.sem_init
                0x10000db8       0x20 CMakeFiles/pico_tcp_client.dir/home/sudharsan/pico-sdk/src/common/pico_sync/sem.c.o
                0x10000db8                sem_init
 .text.lock_init
                0x10000dd8        0xc CMakeFiles/pico_tcp_client.dir/home/sudharsan/pico-sdk/src/common/pico_sync/lock_core.c.o
                0x10000dd8                lock_init
 .text.runtime_init_mutex
                0x10000de4       0x4c CMakeFiles/pico_tcp_client.dir/home/sudharsan/pico-sdk/src/common/pico_sync/mutex.c.o
                0x10000de4                runtime_init_mutex
 .text.mutex_init
                0x10000e30       0x1c CMakeFiles/pico_tcp_client.dir/home/sudharsan/pico-sdk/src/common/pico_sync/mutex.c.o
                0x10000e30                mutex_init
 .text.critical_section_init
                0x10000e4c       0x1c CMakeFiles/pico_tcp_client.dir/home/sudharsan/pico-sdk/src/common/pico_sync/critical_section.c.o
                0x10000e4c                critical_section_init
 .text.critical_section_init_with_lock_num
                0x10000e68       0x10 CMakeFiles/pico_tcp_client.dir/home/sudharsan/pico-sdk/src/common/pico_sync/critical_section.c.o
                0x10000e68                critical_section_init_with_lock_num
 .text.sleep_until_callback
                0x10000e78       0x3c CMakeFiles/pico_tcp_client.dir/home/sudharsan/pico-sdk/src/common/pico_time/time.c.o
 *fill*         0x10000eb4        0x4 
 .text.alarm_pool_irq_handler
                0x10000eb8      0x2f0 CMakeFiles/pico_tcp_client.dir/home/sudharsan/pico-sdk/src/common/pico_time/time.c.o
 .text.runtime_init_default_alarm_pool
                0x100011a8      0x100 CMakeFiles/pico_tcp_client.dir/home/sudharsan/pico-sdk/src/common/pico_time/time.c.o
                0x100011a8                runtime_init_default_alarm_pool
 .text.alarm_pool_get_default
                0x100012a8        0x8 CMakeFiles/pico_tcp_client.dir/home/sudharsan/pico-sdk/src/common/pico_time/time.c.o
                0x100012a8                alarm_pool_get_default
 .text.alarm_pool_add_alarm_at
                0x100012b0       0xdc CMakeFiles/pico_tcp_client.dir/home/sudharsan/pico-sdk/src/common/pico_time/time.c.o
                0x100012b0                alarm_pool_add_alarm_at
 .text.alarm_pool_add_alarm_at_force_in_context
                0x1000138c       0xc8 CMakeFiles/pico_tcp_client.dir/home/sudharsan/pico-sdk/src/common/pico_time/time.c.o
                0x1000138c                alarm_pool_add_alarm_at_force_in_context
 .text.alarm_pool_cancel_alarm
                0x10001454       0x80 CMakeFiles/pico_tcp_client.dir/home/sudharsan/pico-sdk/src/common/pico_time/time.c.o
                0x10001454                alarm_pool_cancel_alarm
 .text.alarm_pool_core_num
                0x100014d4        0x4 CMakeFiles/pico_tcp_client.dir/home/sudharsan/pico-sdk/src/common/pico_time/time.c.o
                0x100014d4                alarm_pool_core_num
 .text.sleep_until
                0x100014d8       0xbc CMakeFiles/pico_tcp_client.dir/home/sudharsan/pico-sdk/src/common/pico_time/time.c.o
                0x100014d8                sleep_until
 .text.sleep_ms
                0x10001594       0x2c CMakeFiles/pico_tcp_client.dir/home/sudharsan/pico-sdk/src/common/pico_time/time.c.o
                0x10001594                sleep_ms
 .text.best_effort_wfe_or_timeout
                0x100015c0       0xbc CMakeFiles/pico_tcp_client.dir/home/sudharsan/pico-sdk/src/common/pico_time/time.c.o
                0x100015c0                best_effort_wfe_or_timeout
 .text.timer_hardware_alarm_claim
                0x1000167c       0x24 CMakeFiles/pico_tcp_client.dir/home/sudharsan/pico-sdk/src/rp2_common/hardware_timer/timer.c.o
                0x1000167c                timer_hardware_alarm_claim
 .text.timer_time_us_64
                0x100016a0       0x10 CMakeFiles/pico_tcp_client.dir/home/sudharsan/pico-sdk/src/rp2_common/hardware_timer/timer.c.o
                0x100016a0                timer_time_us_64
 .text.time_us_64
                0x100016b0       0x14 CMakeFiles/pico_tcp_client.dir/home/sudharsan/pico-sdk/src/rp2_common/hardware_timer/timer.c.o
                0x100016b0                time_us_64
 .text.busy_wait_us
                0x100016c4       0x64 CMakeFiles/pico_tcp_client.dir/home/sudharsan/pico-sdk/src/rp2_common/hardware_timer/timer.c.o
                0x100016c4                busy_wait_us
 .text.busy_wait_until
                0x10001728       0x24 CMakeFiles/pico_tcp_client.dir/home/sudharsan/pico-sdk/src/rp2_common/hardware_timer/timer.c.o
                0x10001728                busy_wait_until
 .text.clock_configure_undivided
                0x1000174c       0xd0 CMakeFiles/pico_tcp_client.dir/home/sudharsan/pico-sdk/src/rp2_common/hardware_clocks/clocks.c.o
                0x1000174c                clock_configure_undivided
 .text.clock_get_hz
                0x1000181c        0xc CMakeFiles/pico_tcp_client.dir/home/sudharsan/pico-sdk/src/rp2_common/hardware_clocks/clocks.c.o
                0x1000181c                clock_get_hz
 .text.pll_init
                0x10001828       0x8c CMakeFiles/pico_tcp_client.dir/home/sudharsan/pico-sdk/src/rp2_common/hardware_pll/pll.c.o
                0x10001828                pll_init
 .text.watchdog_reboot
                0x100018b4       0x98 CMakeFiles/pico_tcp_client.dir/home/sudharsan/pico-sdk/src/rp2_common/hardware_watchdog/watchdog.c.o
                0x100018b4                watchdog_reboot
 .text.tick_start
                0x1000194c       0x18 CMakeFiles/pico_tcp_client.dir/home/sudharsan/pico-sdk/src/rp2_common/hardware_ticks/ticks.c.o
                0x1000194c                tick_start
 .text.rom_reboot.constprop.0.isra.0
                0x10001964       0x34 CMakeFiles/pico_tcp_client.dir/home/sudharsan/pico-sdk/src/rp2_common/pico_bootrom/bootrom.c.o
 .text.rom_func_lookup
                0x10001998       0x18 CMakeFiles/pico_tcp_client.dir/home/sudharsan/pico-sdk/src/rp2_common/pico_bootrom/bootrom.c.o
                0x10001998                rom_func_lookup
 .text.rom_reset_usb_boot_extra
                0x100019b0       0x1c CMakeFiles/pico_tcp_client.dir/home/sudharsan/pico-sdk/src/rp2_common/pico_bootrom/bootrom.c.o
                0x100019b0                rom_reset_usb_boot_extra
 .text.rom_get_boot_random
                0x100019cc       0x48 CMakeFiles/pico_tcp_client.dir/home/sudharsan/pico-sdk/src/rp2_common/pico_bootrom/bootrom.c.o
                0x100019cc                rom_get_boot_random
 .text.runtime_init_bootrom_locking_enable
                0x10001a14       0x14 CMakeFiles/pico_tcp_client.dir/home/sudharsan/pico-sdk/src/rp2_common/pico_bootrom/bootrom_lock.c.o
                0x10001a14                runtime_init_bootrom_locking_enable
 .text.runtime_init_boot_locks_reset
                0x10001a28       0x1c CMakeFiles/pico_tcp_client.dir/home/sudharsan/pico-sdk/src/rp2_common/hardware_boot_lock/boot_lock.c.o
                0x10001a28                runtime_init_boot_locks_reset
 .text.xosc_init
                0x10001a44       0x30 CMakeFiles/pico_tcp_client.dir/home/sudharsan/pico-sdk/src/rp2_common/hardware_xosc/xosc.c.o
                0x10001a44                xosc_init
 .text.first_per_core_initializer
                0x10001a74        0x4 CMakeFiles/pico_tcp_client.dir/home/sudharsan/pico-sdk/src/rp2_common/pico_runtime/runtime.c.o
 .text.hard_assertion_failure
                0x10001a78        0xc CMakeFiles/pico_tcp_client.dir/home/sudharsan/pico-sdk/src/rp2_common/pico_runtime/runtime.c.o
                0x10001a78                hard_assertion_failure
 .text.runtime_run_initializers
                0x10001a84       0x20 CMakeFiles/pico_tcp_client.dir/home/sudharsan/pico-sdk/src/rp2_common/pico_runtime/runtime.c.o
                0x10001a84                runtime_run_initializers
 .text.runtime_init_early_resets
                0x10001aa4       0x34 CMakeFiles/pico_tcp_client.dir/home/sudharsan/pico-sdk/src/rp2_common/pico_runtime_init/runtime_init.c.o
                0x10001aa4                runtime_init_early_resets
 .text.runtime_init_usb_power_down
                0x10001ad8       0x1c CMakeFiles/pico_tcp_client.dir/home/sudharsan/pico-sdk/src/rp2_common/pico_runtime_init/runtime_init.c.o
                0x10001ad8                runtime_init_usb_power_down
 .text.runtime_init_per_core_enable_coprocessors
                0x10001af4       0x1c CMakeFiles/pico_tcp_client.dir/home/sudharsan/pico-sdk/src/rp2_common/pico_runtime_init/runtime_init.c.o
                0x10001af4                runtime_init_per_core_enable_coprocessors
 .text.runtime_init_post_clock_resets
                0x10001b10       0x20 CMakeFiles/pico_tcp_client.dir/home/sudharsan/pico-sdk/src/rp2_common/pico_runtime_init/runtime_init.c.o
                0x10001b10                runtime_init_post_clock_resets
 .text.runtime_init_bootrom_reset
                0x10001b30       0x14 CMakeFiles/pico_tcp_client.dir/home/sudharsan/pico-sdk/src/rp2_common/pico_runtime_init/runtime_init.c.o
                0x10001b30                runtime_init_bootrom_reset
 .text.runtime_init_per_core_bootrom_reset
                0x10001b44       0x14 CMakeFiles/pico_tcp_client.dir/home/sudharsan/pico-sdk/src/rp2_common/pico_runtime_init/runtime_init.c.o
                0x10001b44                runtime_init_per_core_bootrom_reset
 .text.runtime_init_spin_locks_reset
                0x10001b58        0x4 CMakeFiles/pico_tcp_client.dir/home/sudharsan/pico-sdk/src/rp2_common/pico_runtime_init/runtime_init.c.o
                0x10001b58                runtime_init_spin_locks_reset
 .text.runtime_init_install_ram_vector_table
                0x10001b5c       0x68 CMakeFiles/pico_tcp_client.dir/home/sudharsan/pico-sdk/src/rp2_common/pico_runtime_init/runtime_init.c.o
                0x10001b5c                runtime_init_install_ram_vector_table
 .text.runtime_init_clocks
                0x10001bc4       0xdc CMakeFiles/pico_tcp_client.dir/home/sudharsan/pico-sdk/src/rp2_common/pico_runtime_init/runtime_init_clocks.c.o
                0x10001bc4                runtime_init_clocks
 .text.__rp2350_dcp_engaged_state_save_restore
                0x10001ca0       0x3a CMakeFiles/pico_tcp_client.dir/home/sudharsan/pico-sdk/src/rp2_common/pico_double/double_aeabi_dcp.S.o
 *fill*         0x10001cda        0x2 
 .text.__wrap___aeabi_dadd
                0x10001cdc       0x28 CMakeFiles/pico_tcp_client.dir/home/sudharsan/pico-sdk/src/rp2_common/pico_double/double_aeabi_dcp.S.o
                0x10001ce4                __wrap___aeabi_dadd
 .text.__wrap___aeabi_dsub
                0x10001d04       0x28 CMakeFiles/pico_tcp_client.dir/home/sudharsan/pico-sdk/src/rp2_common/pico_double/double_aeabi_dcp.S.o
                0x10001d0c                __wrap___aeabi_dsub
 .text.__wrap___aeabi_dmul
                0x10001d2c       0x4c CMakeFiles/pico_tcp_client.dir/home/sudharsan/pico-sdk/src/rp2_common/pico_double/double_aeabi_dcp.S.o
                0x10001d34                __wrap___aeabi_dmul
 .text.__wrap___aeabi_ddiv
                0x10001d78       0x9c CMakeFiles/pico_tcp_client.dir/home/sudharsan/pico-sdk/src/rp2_common/pico_double/double_aeabi_dcp.S.o
                0x10001d80                __wrap___aeabi_ddiv
 .text.__wrap___aeabi_i2d
                0x10001e14       0x24 CMakeFiles/pico_tcp_client.dir/home/sudharsan/pico-sdk/src/rp2_common/pico_double/double_aeabi_dcp.S.o
                0x10001e1c                __wrap___aeabi_i2d
                0x10001e1c                int2double
 .text.__wrap___aeabi_ui2d
                0x10001e38       0x24 CMakeFiles/pico_tcp_client.dir/home/sudharsan/pico-sdk/src/rp2_common/pico_double/double_aeabi_dcp.S.o
                0x10001e40                __wrap___aeabi_ui2d
                0x10001e40                uint2double
 .text.__wrap___aeabi_d2iz
                0x10001e5c       0x24 CMakeFiles/pico_tcp_client.dir/home/sudharsan/pico-sdk/src/rp2_common/pico_double/double_aeabi_dcp.S.o
                0x10001e64                __wrap___aeabi_d2iz
                0x10001e64                double2int_z
 .text.__wrap___aeabi_d2uiz
                0x10001e80       0x24 CMakeFiles/pico_tcp_client.dir/home/sudharsan/pico-sdk/src/rp2_common/pico_double/double_aeabi_dcp.S.o
                0x10001e88                double2uint_z
                0x10001e88                double2uint
                0x10001e88                __wrap___aeabi_d2uiz
 .text.__wrap___aeabi_dcmpun
                0x10001ea4       0x24 CMakeFiles/pico_tcp_client.dir/home/sudharsan/pico-sdk/src/rp2_common/pico_double/double_aeabi_dcp.S.o
                0x10001eac                __wrap___aeabi_dcmpun
 .text.__wrap___aeabi_dcmplt
                0x10001ec8       0x28 CMakeFiles/pico_tcp_client.dir/home/sudharsan/pico-sdk/src/rp2_common/pico_double/double_aeabi_dcp.S.o
                0x10001ed0                __wrap___aeabi_dcmplt
 .text.__wrap___aeabi_dcmpge
                0x10001ef0       0x28 CMakeFiles/pico_tcp_client.dir/home/sudharsan/pico-sdk/src/rp2_common/pico_double/double_aeabi_dcp.S.o
                0x10001ef8                __wrap___aeabi_dcmpge
 .text.__wrap___aeabi_dcmpgt
                0x10001f18       0x28 CMakeFiles/pico_tcp_client.dir/home/sudharsan/pico-sdk/src/rp2_common/pico_double/double_aeabi_dcp.S.o
                0x10001f20                __wrap___aeabi_dcmpgt
 .text.__wrap_malloc
                0x10001f40       0x24 CMakeFiles/pico_tcp_client.dir/home/sudharsan/pico-sdk/src/rp2_common/pico_malloc/malloc.c.o
                0x10001f40                __wrap_malloc
 .text.__wrap_free
                0x10001f64        0x4 CMakeFiles/pico_tcp_client.dir/home/sudharsan/pico-sdk/src/rp2_common/pico_malloc/malloc.c.o
                0x10001f64                __wrap_free
 .text._out_null
                0x10001f68        0x4 CMakeFiles/pico_tcp_client.dir/home/sudharsan/pico-sdk/src/rp2_common/pico_printf/printf.c.o
 .text._out_rev
                0x10001f6c       0x9c CMakeFiles/pico_tcp_client.dir/home/sudharsan/pico-sdk/src/rp2_common/pico_printf/printf.c.o
 .text._ntoa_format
                0x10002008      0x2a4 CMakeFiles/pico_tcp_client.dir/home/sudharsan/pico-sdk/src/rp2_common/pico_printf/printf.c.o
 .text._out_char
                0x100022ac        0x8 CMakeFiles/pico_tcp_client.dir/home/sudharsan/pico-sdk/src/rp2_common/pico_printf/printf.c.o
 .text._out_fct
                0x100022b4        0xc CMakeFiles/pico_tcp_client.dir/home/sudharsan/pico-sdk/src/rp2_common/pico_printf/printf.c.o
 .text._etoa    0x100022c0      0x460 CMakeFiles/pico_tcp_client.dir/home/sudharsan/pico-sdk/src/rp2_common/pico_printf/printf.c.o
 .text._ftoa    0x10002720      0x3f4 CMakeFiles/pico_tcp_client.dir/home/sudharsan/pico-sdk/src/rp2_common/pico_printf/printf.c.o
 .text._vsnprintf
                0x10002b14      0x9e8 CMakeFiles/pico_tcp_client.dir/home/sudharsan/pico-sdk/src/rp2_common/pico_printf/printf.c.o
 .text.vfctprintf
                0x100034fc       0x28 CMakeFiles/pico_tcp_client.dir/home/sudharsan/pico-sdk/src/rp2_common/pico_printf/printf.c.o
                0x100034fc                vfctprintf
 .text.weak_raw_vprintf
                0x10003524       0x30 CMakeFiles/pico_tcp_client.dir/home/sudharsan/pico-sdk/src/rp2_common/pico_printf/printf.c.o
                0x10003524                weak_raw_vprintf
 .text._exit    0x10003554        0x4 CMakeFiles/pico_tcp_client.dir/home/sudharsan/pico-sdk/src/rp2_common/pico_clib_interface/newlib_interface.c.o
                0x10003554                _exit
 .text._sbrk    0x10003558       0x2c CMakeFiles/pico_tcp_client.dir/home/sudharsan/pico-sdk/src/rp2_common/pico_clib_interface/newlib_interface.c.o
                0x10003558                _sbrk
 .text._read    0x10003584       0x1c CMakeFiles/pico_tcp_client.dir/home/sudharsan/pico-sdk/src/rp2_common/pico_clib_interface/newlib_interface.c.o
                0x10003584                _read
 .text._write   0x100035a0       0x20 CMakeFiles/pico_tcp_client.dir/home/sudharsan/pico-sdk/src/rp2_common/pico_clib_interface/newlib_interface.c.o
                0x100035a0                _write
 .text._close   0x100035c0        0x8 CMakeFiles/pico_tcp_client.dir/home/sudharsan/pico-sdk/src/rp2_common/pico_clib_interface/newlib_interface.c.o
                0x100035c0                _close
 .text._lseek   0x100035c8        0x8 CMakeFiles/pico_tcp_client.dir/home/sudharsan/pico-sdk/src/rp2_common/pico_clib_interface/newlib_interface.c.o
                0x100035c8                _lseek
 .text._fstat   0x100035d0        0x8 CMakeFiles/pico_tcp_client.dir/home/sudharsan/pico-sdk/src/rp2_common/pico_clib_interface/newlib_interface.c.o
                0x100035d0                _fstat
 .text._isatty  0x100035d8        0xc CMakeFiles/pico_tcp_client.dir/home/sudharsan/pico-sdk/src/rp2_common/pico_clib_interface/newlib_interface.c.o
                0x100035d8                _isatty
 .text.exit     0x100035e4        0x8 CMakeFiles/pico_tcp_client.dir/home/sudharsan/pico-sdk/src/rp2_common/pico_clib_interface/newlib_interface.c.o
                0x100035e4                exit
 .text.runtime_init
                0x100035ec       0x24 CMakeFiles/pico_tcp_client.dir/home/sudharsan/pico-sdk/src/rp2_common/pico_clib_interface/newlib_interface.c.o
                0x100035ec                runtime_init
 .text.stdio_out_chars_no_crlf
                0x10003610        0x8 CMakeFiles/pico_tcp_client.dir/home/sudharsan/pico-sdk/src/rp2_common/pico_stdio/stdio.c.o
 .text.stdio_out_chars_crlf
                0x10003618       0xac CMakeFiles/pico_tcp_client.dir/home/sudharsan/pico-sdk/src/rp2_common/pico_stdio/stdio.c.o
 .text.stdio_buffered_printer
                0x100036c4       0x60 CMakeFiles/pico_tcp_client.dir/home/sudharsan/pico-sdk/src/rp2_common/pico_stdio/stdio.c.o
 .text.stdio_put_string
                0x10003724       0xf0 CMakeFiles/pico_tcp_client.dir/home/sudharsan/pico-sdk/src/rp2_common/pico_stdio/stdio.c.o
                0x10003724                stdio_put_string
 .text.stdio_get_until
                0x10003814       0x7c CMakeFiles/pico_tcp_client.dir/home/sudharsan/pico-sdk/src/rp2_common/pico_stdio/stdio.c.o
                0x10003814                stdio_get_until
 .text.stdio_set_driver_enabled
                0x10003890       0x30 CMakeFiles/pico_tcp_client.dir/home/sudharsan/pico-sdk/src/rp2_common/pico_stdio/stdio.c.o
                0x10003890                stdio_set_driver_enabled
 .text.stdio_init_all
                0x100038c0        0x4 CMakeFiles/pico_tcp_client.dir/home/sudharsan/pico-sdk/src/rp2_common/pico_stdio/stdio.c.o
                0x100038c0                stdio_init_all
 .text.__wrap_putchar
                0x100038c4       0x84 CMakeFiles/pico_tcp_client.dir/home/sudharsan/pico-sdk/src/rp2_common/pico_stdio/stdio.c.o
                0x100038c4                stdio_putchar
                0x100038c4                __wrap_putchar
 .text.__wrap_puts
                0x10003948       0x3c CMakeFiles/pico_tcp_client.dir/home/sudharsan/pico-sdk/src/rp2_common/pico_stdio/stdio.c.o
                0x10003948                __wrap_puts
                0x10003948                stdio_puts
 .text.__wrap_vprintf
                0x10003984       0xc8 CMakeFiles/pico_tcp_client.dir/home/sudharsan/pico-sdk/src/rp2_common/pico_stdio/stdio.c.o
                0x10003984                __wrap_vprintf
                0x10003984                stdio_vprintf
 .text.__wrap_printf
                0x10003a4c       0x1c CMakeFiles/pico_tcp_client.dir/home/sudharsan/pico-sdk/src/rp2_common/pico_stdio/stdio.c.o
                0x10003a4c                stdio_printf
                0x10003a4c                __wrap_printf
 .text.resetd_init
                0x10003a68        0x4 CMakeFiles/pico_tcp_client.dir/home/sudharsan/pico-sdk/src/rp2_common/pico_stdio_usb/reset_interface.c.o
 .text.resetd_reset
                0x10003a6c        0xc CMakeFiles/pico_tcp_client.dir/home/sudharsan/pico-sdk/src/rp2_common/pico_stdio_usb/reset_interface.c.o
 .text.resetd_open
                0x10003a78       0x28 CMakeFiles/pico_tcp_client.dir/home/sudharsan/pico-sdk/src/rp2_common/pico_stdio_usb/reset_interface.c.o
 .text.resetd_xfer_cb
                0x10003aa0        0x4 CMakeFiles/pico_tcp_client.dir/home/sudharsan/pico-sdk/src/rp2_common/pico_stdio_usb/reset_interface.c.o
 .text.resetd_control_xfer_cb
                0x10003aa4       0x50 CMakeFiles/pico_tcp_client.dir/home/sudharsan/pico-sdk/src/rp2_common/pico_stdio_usb/reset_interface.c.o
 .text.tud_descriptor_bos_cb
                0x10003af4        0x8 CMakeFiles/pico_tcp_client.dir/home/sudharsan/pico-sdk/src/rp2_common/pico_stdio_usb/reset_interface.c.o
                0x10003af4                tud_descriptor_bos_cb
 .text.tud_vendor_control_xfer_cb
                0x10003afc       0x28 CMakeFiles/pico_tcp_client.dir/home/sudharsan/pico-sdk/src/rp2_common/pico_stdio_usb/reset_interface.c.o
                0x10003afc                tud_vendor_control_xfer_cb
 .text.usbd_app_driver_get_cb
                0x10003b24       0x10 CMakeFiles/pico_tcp_client.dir/home/sudharsan/pico-sdk/src/rp2_common/pico_stdio_usb/reset_interface.c.o
                0x10003b24                usbd_app_driver_get_cb
 .text.tud_cdc_line_coding_cb
                0x10003b34       0x18 CMakeFiles/pico_tcp_client.dir/home/sudharsan/pico-sdk/src/rp2_common/pico_stdio_usb/reset_interface.c.o
                0x10003b34                tud_cdc_line_coding_cb
 .text.stdio_usb_set_chars_available_callback
                0x10003b4c       0x14 CMakeFiles/pico_tcp_client.dir/home/sudharsan/pico-sdk/src/rp2_common/pico_stdio_usb/stdio_usb.c.o
                0x10003b4c                stdio_usb_set_chars_available_callback
 .text.timer_task
                0x10003b60       0x70 CMakeFiles/pico_tcp_client.dir/home/sudharsan/pico-sdk/src/rp2_common/pico_stdio_usb/stdio_usb.c.o
 .text.usb_irq  0x10003bd0        0xc CMakeFiles/pico_tcp_client.dir/home/sudharsan/pico-sdk/src/rp2_common/pico_stdio_usb/stdio_usb.c.o
 .text.stdio_usb_in_chars
                0x10003bdc       0x88 CMakeFiles/pico_tcp_client.dir/home/sudharsan/pico-sdk/src/rp2_common/pico_stdio_usb/stdio_usb.c.o
                0x10003bdc                stdio_usb_in_chars
 .text.stdio_usb_out_flush
                0x10003c64       0x54 CMakeFiles/pico_tcp_client.dir/home/sudharsan/pico-sdk/src/rp2_common/pico_stdio_usb/stdio_usb.c.o
 .text.stdio_usb_out_chars
                0x10003cb8       0xf4 CMakeFiles/pico_tcp_client.dir/home/sudharsan/pico-sdk/src/rp2_common/pico_stdio_usb/stdio_usb.c.o
 .text.low_priority_worker_irq
                0x10003dac       0xd8 CMakeFiles/pico_tcp_client.dir/home/sudharsan/pico-sdk/src/rp2_common/pico_stdio_usb/stdio_usb.c.o
 .text.stdio_usb_init
                0x10003e84       0xe8 CMakeFiles/pico_tcp_client.dir/home/sudharsan/pico-sdk/src/rp2_common/pico_stdio_usb/stdio_usb.c.o
                0x10003e84                stdio_usb_init
 .text.tud_descriptor_device_cb
                0x10003f6c        0x8 CMakeFiles/pico_tcp_client.dir/home/sudharsan/pico-sdk/src/rp2_common/pico_stdio_usb/stdio_usb_descriptors.c.o
                0x10003f6c                tud_descriptor_device_cb
 .text.tud_descriptor_configuration_cb
                0x10003f74        0x8 CMakeFiles/pico_tcp_client.dir/home/sudharsan/pico-sdk/src/rp2_common/pico_stdio_usb/stdio_usb_descriptors.c.o
                0x10003f74                tud_descriptor_configuration_cb
 .text.tud_descriptor_string_cb
                0x10003f7c       0x70 CMakeFiles/pico_tcp_client.dir/home/sudharsan/pico-sdk/src/rp2_common/pico_stdio_usb/stdio_usb_descriptors.c.o
                0x10003f7c                tud_descriptor_string_cb
 .text.startup._retrieve_unique_id_on_boot
                0x10003fec       0x30 CMakeFiles/pico_tcp_client.dir/home/sudharsan/pico-sdk/src/rp2_common/pico_unique_id/unique_id.c.o
 .text.pico_get_unique_board_id
                0x1000401c       0x10 CMakeFiles/pico_tcp_client.dir/home/sudharsan/pico-sdk/src/rp2_common/pico_unique_id/unique_id.c.o
                0x1000401c                pico_get_unique_board_id
 .text.pico_get_unique_board_id_string
                0x1000402c      0x184 CMakeFiles/pico_tcp_client.dir/home/sudharsan/pico-sdk/src/rp2_common/pico_unique_id/unique_id.c.o
                0x1000402c                pico_get_unique_board_id_string
 .text.dcd_init
                0x100041b0       0x90 CMakeFiles/pico_tcp_client.dir/home/sudharsan/pico-sdk/lib/tinyusb/src/portable/raspberrypi/rp2040/dcd_rp2040.c.o
                0x100041b0                dcd_init
 .text.dcd_int_enable
                0x10004240        0x8 CMakeFiles/pico_tcp_client.dir/home/sudharsan/pico-sdk/lib/tinyusb/src/portable/raspberrypi/rp2040/dcd_rp2040.c.o
                0x10004240                dcd_int_enable
 .text.dcd_set_address
                0x10004248       0x10 CMakeFiles/pico_tcp_client.dir/home/sudharsan/pico-sdk/lib/tinyusb/src/portable/raspberrypi/rp2040/dcd_rp2040.c.o
                0x10004248                dcd_set_address
 .text.dcd_sof_enable
                0x10004258       0x1c CMakeFiles/pico_tcp_client.dir/home/sudharsan/pico-sdk/lib/tinyusb/src/portable/raspberrypi/rp2040/dcd_rp2040.c.o
                0x10004258                dcd_sof_enable
 .text.dcd_edpt0_status_complete
                0x10004274       0x1c CMakeFiles/pico_tcp_client.dir/home/sudharsan/pico-sdk/lib/tinyusb/src/portable/raspberrypi/rp2040/dcd_rp2040.c.o
                0x10004274                dcd_edpt0_status_complete
 .text.dcd_edpt_open
                0x10004290      0x108 CMakeFiles/pico_tcp_client.dir/home/sudharsan/pico-sdk/lib/tinyusb/src/portable/raspberrypi/rp2040/dcd_rp2040.c.o
                0x10004290                dcd_edpt_open
 .text.dcd_edpt_close_all
                0x10004398        0x4 CMakeFiles/pico_tcp_client.dir/home/sudharsan/pico-sdk/lib/tinyusb/src/portable/raspberrypi/rp2040/dcd_rp2040.c.o
                0x10004398                dcd_edpt_close_all
 .text.dcd_edpt_xfer
                0x1000439c       0x28 CMakeFiles/pico_tcp_client.dir/home/sudharsan/pico-sdk/lib/tinyusb/src/portable/raspberrypi/rp2040/dcd_rp2040.c.o
                0x1000439c                dcd_edpt_xfer
 .text.dcd_edpt_stall
                0x100043c4       0x2c CMakeFiles/pico_tcp_client.dir/home/sudharsan/pico-sdk/lib/tinyusb/src/portable/raspberrypi/rp2040/dcd_rp2040.c.o
                0x100043c4                dcd_edpt_stall
 .text.dcd_edpt_clear_stall
                0x100043f0       0x2c CMakeFiles/pico_tcp_client.dir/home/sudharsan/pico-sdk/lib/tinyusb/src/portable/raspberrypi/rp2040/dcd_rp2040.c.o
                0x100043f0                dcd_edpt_clear_stall
 .text.rp2040_usb_init
                0x1000441c       0x40 CMakeFiles/pico_tcp_client.dir/home/sudharsan/pico-sdk/lib/tinyusb/src/portable/raspberrypi/rp2040/rp2040_usb.c.o
                0x1000441c                rp2040_usb_init
 .text.hw_endpoint_xfer_start
                0x1000445c       0x40 CMakeFiles/pico_tcp_client.dir/home/sudharsan/pico-sdk/lib/tinyusb/src/portable/raspberrypi/rp2040/rp2040_usb.c.o
                0x1000445c                hw_endpoint_xfer_start
 .text.configuration_reset
                0x1000449c       0x8c CMakeFiles/pico_tcp_client.dir/home/sudharsan/pico-sdk/lib/tinyusb/src/device/usbd.c.o
 .text.tud_event_hook_cb
                0x10004528        0x4 CMakeFiles/pico_tcp_client.dir/home/sudharsan/pico-sdk/lib/tinyusb/src/device/usbd.c.o
                0x10004528                tud_event_hook_cb
 .text.tud_sof_cb
                0x1000452c        0x4 CMakeFiles/pico_tcp_client.dir/home/sudharsan/pico-sdk/lib/tinyusb/src/device/usbd.c.o
                0x1000452c                tud_sof_cb
 .text.tud_descriptor_device_qualifier_cb
                0x10004530        0x4 CMakeFiles/pico_tcp_client.dir/home/sudharsan/pico-sdk/lib/tinyusb/src/device/usbd.c.o
                0x10004530                tud_descriptor_device_qualifier_cb
 .text.tud_descriptor_other_speed_configuration_cb
                0x10004534        0x4 CMakeFiles/pico_tcp_client.dir/home/sudharsan/pico-sdk/lib/tinyusb/src/device/usbd.c.o
                0x10004534                tud_descriptor_other_speed_configuration_cb
 .text.tud_mount_cb
                0x10004538        0x4 CMakeFiles/pico_tcp_client.dir/home/sudharsan/pico-sdk/lib/tinyusb/src/device/usbd.c.o
                0x10004538                tud_mount_cb
 .text.tud_umount_cb
                0x1000453c        0x4 CMakeFiles/pico_tcp_client.dir/home/sudharsan/pico-sdk/lib/tinyusb/src/device/usbd.c.o
                0x1000453c                tud_umount_cb
 .text.tud_suspend_cb
                0x10004540        0x4 CMakeFiles/pico_tcp_client.dir/home/sudharsan/pico-sdk/lib/tinyusb/src/device/usbd.c.o
                0x10004540                tud_suspend_cb
 .text.tud_resume_cb
                0x10004544        0x4 CMakeFiles/pico_tcp_client.dir/home/sudharsan/pico-sdk/lib/tinyusb/src/device/usbd.c.o
                0x10004544                tud_resume_cb
 .text.tud_mounted
                0x10004548       0x10 CMakeFiles/pico_tcp_client.dir/home/sudharsan/pico-sdk/lib/tinyusb/src/device/usbd.c.o
                0x10004548                tud_mounted
 .text.tud_suspended
                0x10004558       0x10 CMakeFiles/pico_tcp_client.dir/home/sudharsan/pico-sdk/lib/tinyusb/src/device/usbd.c.o
                0x10004558                tud_suspended
 .text.tud_rhport_init
                0x10004568       0xf8 CMakeFiles/pico_tcp_client.dir/home/sudharsan/pico-sdk/lib/tinyusb/src/device/usbd.c.o
                0x10004568                tud_rhport_init
 .text.tud_task_ext
                0x10004660      0x784 CMakeFiles/pico_tcp_client.dir/home/sudharsan/pico-sdk/lib/tinyusb/src/device/usbd.c.o
                0x10004660                tud_task_ext
 .text.usbd_open_edpt_pair
                0x10004de4       0x9c CMakeFiles/pico_tcp_client.dir/home/sudharsan/pico-sdk/lib/tinyusb/src/device/usbd.c.o
                0x10004de4                usbd_open_edpt_pair
 .text.usbd_edpt_open
                0x10004e80       0x44 CMakeFiles/pico_tcp_client.dir/home/sudharsan/pico-sdk/lib/tinyusb/src/device/usbd.c.o
                0x10004e80                usbd_edpt_open
 .text.usbd_edpt_claim
                0x10004ec4       0x24 CMakeFiles/pico_tcp_client.dir/home/sudharsan/pico-sdk/lib/tinyusb/src/device/usbd.c.o
                0x10004ec4                usbd_edpt_claim
 .text.usbd_edpt_release
                0x10004ee8       0x24 CMakeFiles/pico_tcp_client.dir/home/sudharsan/pico-sdk/lib/tinyusb/src/device/usbd.c.o
                0x10004ee8                usbd_edpt_release
 .text.usbd_edpt_xfer
                0x10004f0c       0x70 CMakeFiles/pico_tcp_client.dir/home/sudharsan/pico-sdk/lib/tinyusb/src/device/usbd.c.o
                0x10004f0c                usbd_edpt_xfer
 .text.tud_control_status
                0x10004f7c       0x34 CMakeFiles/pico_tcp_client.dir/home/sudharsan/pico-sdk/lib/tinyusb/src/device/usbd_control.c.o
                0x10004f7c                tud_control_status
 .text.tud_control_xfer
                0x10004fb0       0xac CMakeFiles/pico_tcp_client.dir/home/sudharsan/pico-sdk/lib/tinyusb/src/device/usbd_control.c.o
                0x10004fb0                tud_control_xfer
 .text.usbd_control_reset
                0x1000505c       0x14 CMakeFiles/pico_tcp_client.dir/home/sudharsan/pico-sdk/lib/tinyusb/src/device/usbd_control.c.o
                0x1000505c                usbd_control_reset
 .text.usbd_control_set_complete_callback
                0x10005070        0xc CMakeFiles/pico_tcp_client.dir/home/sudharsan/pico-sdk/lib/tinyusb/src/device/usbd_control.c.o
                0x10005070                usbd_control_set_complete_callback
 .text.usbd_control_set_request
                0x1000507c       0x1c CMakeFiles/pico_tcp_client.dir/home/sudharsan/pico-sdk/lib/tinyusb/src/device/usbd_control.c.o
                0x1000507c                usbd_control_set_request
 .text.usbd_control_xfer_cb
                0x10005098       0xfc CMakeFiles/pico_tcp_client.dir/home/sudharsan/pico-sdk/lib/tinyusb/src/device/usbd_control.c.o
                0x10005098                usbd_control_xfer_cb
 .text._prep_out_transaction.isra.0
                0x10005194       0x74 CMakeFiles/pico_tcp_client.dir/home/sudharsan/pico-sdk/lib/tinyusb/src/class/cdc/cdc_device.c.o
 .text.tud_cdc_n_connected
                0x10005208       0x2c CMakeFiles/pico_tcp_client.dir/home/sudharsan/pico-sdk/lib/tinyusb/src/class/cdc/cdc_device.c.o
                0x10005208                tud_cdc_n_connected
 .text.tud_cdc_n_available
                0x10005234       0x18 CMakeFiles/pico_tcp_client.dir/home/sudharsan/pico-sdk/lib/tinyusb/src/class/cdc/cdc_device.c.o
                0x10005234                tud_cdc_n_available
 .text.tud_cdc_n_read
                0x1000524c       0x8c CMakeFiles/pico_tcp_client.dir/home/sudharsan/pico-sdk/lib/tinyusb/src/class/cdc/cdc_device.c.o
                0x1000524c                tud_cdc_n_read
 .text.tud_cdc_n_write_flush
                0x100052d8       0x8c CMakeFiles/pico_tcp_client.dir/home/sudharsan/pico-sdk/lib/tinyusb/src/class/cdc/cdc_device.c.o
                0x100052d8                tud_cdc_n_write_flush
 .text.tud_cdc_n_write
                0x10005364       0x44 CMakeFiles/pico_tcp_client.dir/home/sudharsan/pico-sdk/lib/tinyusb/src/class/cdc/cdc_device.c.o
                0x10005364                tud_cdc_n_write
 .text.tud_cdc_n_write_available
                0x100053a8       0x18 CMakeFiles/pico_tcp_client.dir/home/sudharsan/pico-sdk/lib/tinyusb/src/class/cdc/cdc_device.c.o
                0x100053a8                tud_cdc_n_write_available
 .text.cdcd_init
                0x100053c0       0x70 CMakeFiles/pico_tcp_client.dir/home/sudharsan/pico-sdk/lib/tinyusb/src/class/cdc/cdc_device.c.o
                0x100053c0                cdcd_init
 .text.cdcd_deinit
                0x10005430       0x2c CMakeFiles/pico_tcp_client.dir/home/sudharsan/pico-sdk/lib/tinyusb/src/class/cdc/cdc_device.c.o
                0x10005430                cdcd_deinit
 .text.cdcd_reset
                0x1000545c       0x4c CMakeFiles/pico_tcp_client.dir/home/sudharsan/pico-sdk/lib/tinyusb/src/class/cdc/cdc_device.c.o
                0x1000545c                cdcd_reset
 .text.cdcd_open
                0x100054a8       0xbc CMakeFiles/pico_tcp_client.dir/home/sudharsan/pico-sdk/lib/tinyusb/src/class/cdc/cdc_device.c.o
                0x100054a8                cdcd_open
 .text.cdcd_control_xfer_cb
                0x10005564       0xc0 CMakeFiles/pico_tcp_client.dir/home/sudharsan/pico-sdk/lib/tinyusb/src/class/cdc/cdc_device.c.o
                0x10005564                cdcd_control_xfer_cb
 .text.cdcd_xfer_cb
                0x10005624       0xfc CMakeFiles/pico_tcp_client.dir/home/sudharsan/pico-sdk/lib/tinyusb/src/class/cdc/cdc_device.c.o
                0x10005624                cdcd_xfer_cb
 .text.vendord_init
                0x10005720       0x5c CMakeFiles/pico_tcp_client.dir/home/sudharsan/pico-sdk/lib/tinyusb/src/class/vendor/vendor_device.c.o
                0x10005720                vendord_init
 .text.vendord_deinit
                0x1000577c       0x1c CMakeFiles/pico_tcp_client.dir/home/sudharsan/pico-sdk/lib/tinyusb/src/class/vendor/vendor_device.c.o
                0x1000577c                vendord_deinit
 .text.vendord_reset
                0x10005798       0x24 CMakeFiles/pico_tcp_client.dir/home/sudharsan/pico-sdk/lib/tinyusb/src/class/vendor/vendor_device.c.o
                0x10005798                vendord_reset
 .text.vendord_open
                0x100057bc      0x104 CMakeFiles/pico_tcp_client.dir/home/sudharsan/pico-sdk/lib/tinyusb/src/class/vendor/vendor_device.c.o
                0x100057bc                vendord_open
 .text.vendord_xfer_cb
                0x100058c0       0x88 CMakeFiles/pico_tcp_client.dir/home/sudharsan/pico-sdk/lib/tinyusb/src/class/vendor/vendor_device.c.o
                0x100058c0                vendord_xfer_cb
 .text.tusb_rhport_init
                0x10005948       0x60 CMakeFiles/pico_tcp_client.dir/home/sudharsan/pico-sdk/lib/tinyusb/src/tusb.c.o
                0x10005948                tusb_rhport_init
 .text.tu_edpt_claim
                0x100059a8       0x54 CMakeFiles/pico_tcp_client.dir/home/sudharsan/pico-sdk/lib/tinyusb/src/tusb.c.o
                0x100059a8                tu_edpt_claim
 .text.tu_edpt_release
                0x100059fc       0x38 CMakeFiles/pico_tcp_client.dir/home/sudharsan/pico-sdk/lib/tinyusb/src/tusb.c.o
                0x100059fc                tu_edpt_release
 .text.tu_edpt_validate
                0x10005a34       0x64 CMakeFiles/pico_tcp_client.dir/home/sudharsan/pico-sdk/lib/tinyusb/src/tusb.c.o
                0x10005a34                tu_edpt_validate
 .text.tu_edpt_bind_driver
                0x10005a98       0x58 CMakeFiles/pico_tcp_client.dir/home/sudharsan/pico-sdk/lib/tinyusb/src/tusb.c.o
                0x10005a98                tu_edpt_bind_driver
 .text.tu_edpt_stream_init
                0x10005af0       0x58 CMakeFiles/pico_tcp_client.dir/home/sudharsan/pico-sdk/lib/tinyusb/src/tusb.c.o
                0x10005af0                tu_edpt_stream_init
 .text.tu_edpt_stream_deinit
                0x10005b48        0x4 CMakeFiles/pico_tcp_client.dir/home/sudharsan/pico-sdk/lib/tinyusb/src/tusb.c.o
                0x10005b48                tu_edpt_stream_deinit
 .text.tu_edpt_stream_write_zlp_if_needed
                0x10005b4c       0x68 CMakeFiles/pico_tcp_client.dir/home/sudharsan/pico-sdk/lib/tinyusb/src/tusb.c.o
                0x10005b4c                tu_edpt_stream_write_zlp_if_needed
 .text.tu_edpt_stream_write_xfer
                0x10005bb4       0x70 CMakeFiles/pico_tcp_client.dir/home/sudharsan/pico-sdk/lib/tinyusb/src/tusb.c.o
                0x10005bb4                tu_edpt_stream_write_xfer
 .text.tu_edpt_stream_read_xfer
                0x10005c24       0xd0 CMakeFiles/pico_tcp_client.dir/home/sudharsan/pico-sdk/lib/tinyusb/src/tusb.c.o
                0x10005c24                tu_edpt_stream_read_xfer
 .text.tu_fifo_config
                0x10005cf4       0x60 CMakeFiles/pico_tcp_client.dir/home/sudharsan/pico-sdk/lib/tinyusb/src/common/tusb_fifo.c.o
                0x10005cf4                tu_fifo_config
 .text.tu_fifo_count
                0x10005d54       0x20 CMakeFiles/pico_tcp_client.dir/home/sudharsan/pico-sdk/lib/tinyusb/src/common/tusb_fifo.c.o
                0x10005d54                tu_fifo_count
 .text.tu_fifo_empty
                0x10005d74       0x14 CMakeFiles/pico_tcp_client.dir/home/sudharsan/pico-sdk/lib/tinyusb/src/common/tusb_fifo.c.o
                0x10005d74                tu_fifo_empty
 .text.tu_fifo_remaining
                0x10005d88       0x24 CMakeFiles/pico_tcp_client.dir/home/sudharsan/pico-sdk/lib/tinyusb/src/common/tusb_fifo.c.o
                0x10005d88                tu_fifo_remaining
 .text.tu_fifo_read
                0x10005dac       0x94 CMakeFiles/pico_tcp_client.dir/home/sudharsan/pico-sdk/lib/tinyusb/src/common/tusb_fifo.c.o
                0x10005dac                tu_fifo_read
 .text.tu_fifo_read_n
                0x10005e40       0xd8 CMakeFiles/pico_tcp_client.dir/home/sudharsan/pico-sdk/lib/tinyusb/src/common/tusb_fifo.c.o
                0x10005e40                tu_fifo_read_n
 .text.tu_fifo_write
                0x10005f18       0xa0 CMakeFiles/pico_tcp_client.dir/home/sudharsan/pico-sdk/lib/tinyusb/src/common/tusb_fifo.c.o
                0x10005f18                tu_fifo_write
 .text.tu_fifo_write_n
                0x10005fb8      0x158 CMakeFiles/pico_tcp_client.dir/home/sudharsan/pico-sdk/lib/tinyusb/src/common/tusb_fifo.c.o
                0x10005fb8                tu_fifo_write_n
 .text.tu_fifo_clear
                0x10006110       0x38 CMakeFiles/pico_tcp_client.dir/home/sudharsan/pico-sdk/lib/tinyusb/src/common/tusb_fifo.c.o
                0x10006110                tu_fifo_clear
 .text.tu_fifo_set_overwritable
                0x10006148       0x3c CMakeFiles/pico_tcp_client.dir/home/sudharsan/pico-sdk/lib/tinyusb/src/common/tusb_fifo.c.o
                0x10006148                tu_fifo_set_overwritable
 .text.lwip_timeout_reached
                0x10006184        0x4 CMakeFiles/pico_tcp_client.dir/home/sudharsan/pico-sdk/src/rp2_common/pico_lwip/lwip_nosys.c.o
 .text.update_next_timeout
                0x10006188       0x5c CMakeFiles/pico_tcp_client.dir/home/sudharsan/pico-sdk/src/rp2_common/pico_lwip/lwip_nosys.c.o
 .text.lwip_nosys_init
                0x100061e4       0x30 CMakeFiles/pico_tcp_client.dir/home/sudharsan/pico-sdk/src/rp2_common/pico_lwip/lwip_nosys.c.o
                0x100061e4                lwip_nosys_init
 .text.lwip_nosys_deinit
                0x10006214       0x24 CMakeFiles/pico_tcp_client.dir/home/sudharsan/pico-sdk/src/rp2_common/pico_lwip/lwip_nosys.c.o
                0x10006214                lwip_nosys_deinit
 .text.sys_arch_protect
                0x10006238        0x4 CMakeFiles/pico_tcp_client.dir/home/sudharsan/pico-sdk/src/rp2_common/pico_lwip/lwip_nosys.c.o
                0x10006238                sys_arch_protect
 .text.sys_arch_unprotect
                0x1000623c        0x4 CMakeFiles/pico_tcp_client.dir/home/sudharsan/pico-sdk/src/rp2_common/pico_lwip/lwip_nosys.c.o
                0x1000623c                sys_arch_unprotect
 .text.sys_now  0x10006240       0x24 CMakeFiles/pico_tcp_client.dir/home/sudharsan/pico-sdk/src/rp2_common/pico_lwip/lwip_nosys.c.o
                0x10006240                sys_now
 .text.async_context_base_add_at_time_worker
                0x10006264       0x24 CMakeFiles/pico_tcp_client.dir/home/sudharsan/pico-sdk/src/rp2_common/pico_async_context/async_context_base.c.o
                0x10006264                async_context_base_add_at_time_worker
 .text.async_context_base_remove_at_time_worker
                0x10006288       0x28 CMakeFiles/pico_tcp_client.dir/home/sudharsan/pico-sdk/src/rp2_common/pico_async_context/async_context_base.c.o
                0x10006288                async_context_base_remove_at_time_worker
 .text.async_context_base_add_when_pending_worker
                0x100062b0       0x20 CMakeFiles/pico_tcp_client.dir/home/sudharsan/pico-sdk/src/rp2_common/pico_async_context/async_context_base.c.o
                0x100062b0                async_context_base_add_when_pending_worker
 .text.async_context_base_remove_when_pending_worker
                0x100062d0       0x24 CMakeFiles/pico_tcp_client.dir/home/sudharsan/pico-sdk/src/rp2_common/pico_async_context/async_context_base.c.o
                0x100062d0                async_context_base_remove_when_pending_worker
 .text.async_context_base_execute_once
                0x100062f4       0xd8 CMakeFiles/pico_tcp_client.dir/home/sudharsan/pico-sdk/src/rp2_common/pico_async_context/async_context_base.c.o
                0x100062f4                async_context_base_execute_once
 .text.splitmix64
                0x100063cc       0x70 CMakeFiles/pico_tcp_client.dir/home/sudharsan/pico-sdk/src/rp2_common/pico_rand/rand.c.o
 .text.capture_additional_trng_samples
                0x1000643c       0xa0 CMakeFiles/pico_tcp_client.dir/home/sudharsan/pico-sdk/src/rp2_common/pico_rand/rand.c.o
 .text.xoroshiro128ss
                0x100064dc       0x8c CMakeFiles/pico_tcp_client.dir/home/sudharsan/pico-sdk/src/rp2_common/pico_rand/rand.c.o
 .text.get_rand_64
                0x10006568      0x184 CMakeFiles/pico_tcp_client.dir/home/sudharsan/pico-sdk/src/rp2_common/pico_rand/rand.c.o
                0x10006568                get_rand_64
 .text.get_rand_32
                0x100066ec        0x8 CMakeFiles/pico_tcp_client.dir/home/sudharsan/pico-sdk/src/rp2_common/pico_rand/rand.c.o
                0x100066ec                get_rand_32
 .text.lwip_init
                0x100066f4       0x28 CMakeFiles/pico_tcp_client.dir/home/sudharsan/pico-sdk/lib/lwip/src/core/init.c.o
                0x100066f4                lwip_init
 .text.lwip_htons
                0x1000671c        0x8 CMakeFiles/pico_tcp_client.dir/home/sudharsan/pico-sdk/lib/lwip/src/core/def.c.o
                0x1000671c                lwip_htons
 .text.lwip_htonl
                0x10006724        0x4 CMakeFiles/pico_tcp_client.dir/home/sudharsan/pico-sdk/lib/lwip/src/core/def.c.o
                0x10006724                lwip_htonl
 .text.dns_call_found
                0x10006728      0x154 CMakeFiles/pico_tcp_client.dir/home/sudharsan/pico-sdk/lib/lwip/src/core/dns.c.o
 .text.dns_send.isra.0
                0x1000687c      0x168 CMakeFiles/pico_tcp_client.dir/home/sudharsan/pico-sdk/lib/lwip/src/core/dns.c.o
 .text.dns_init
                0x100069e4        0x4 CMakeFiles/pico_tcp_client.dir/home/sudharsan/pico-sdk/lib/lwip/src/core/dns.c.o
                0x100069e4                dns_init
 .text.dns_setserver
                0x100069e8       0x28 CMakeFiles/pico_tcp_client.dir/home/sudharsan/pico-sdk/lib/lwip/src/core/dns.c.o
                0x100069e8                dns_setserver
 .text.dns_tmr  0x10006a10      0x13c CMakeFiles/pico_tcp_client.dir/home/sudharsan/pico-sdk/lib/lwip/src/core/dns.c.o
                0x10006a10                dns_tmr
 .text.lwip_standard_chksum
                0x10006b4c       0xdc CMakeFiles/pico_tcp_client.dir/home/sudharsan/pico-sdk/lib/lwip/src/core/inet_chksum.c.o
                0x10006b4c                lwip_standard_chksum
 .text.inet_chksum_pseudo
                0x10006c28       0x8c CMakeFiles/pico_tcp_client.dir/home/sudharsan/pico-sdk/lib/lwip/src/core/inet_chksum.c.o
                0x10006c28                inet_chksum_pseudo
 .text.ip_chksum_pseudo
                0x10006cb4        0x4 CMakeFiles/pico_tcp_client.dir/home/sudharsan/pico-sdk/lib/lwip/src/core/inet_chksum.c.o
                0x10006cb4                ip_chksum_pseudo
 .text.inet_chksum
                0x10006cb8        0xc CMakeFiles/pico_tcp_client.dir/home/sudharsan/pico-sdk/lib/lwip/src/core/inet_chksum.c.o
                0x10006cb8                inet_chksum
 .text.inet_chksum_pbuf
                0x10006cc4       0x54 CMakeFiles/pico_tcp_client.dir/home/sudharsan/pico-sdk/lib/lwip/src/core/inet_chksum.c.o
                0x10006cc4                inet_chksum_pbuf
 .text.mem_init
                0x10006d18        0x4 CMakeFiles/pico_tcp_client.dir/home/sudharsan/pico-sdk/lib/lwip/src/core/mem.c.o
                0x10006d18                mem_init
 .text.mem_trim
                0x10006d1c        0x4 CMakeFiles/pico_tcp_client.dir/home/sudharsan/pico-sdk/lib/lwip/src/core/mem.c.o
                0x10006d1c                mem_trim
 .text.mem_malloc
                0x10006d20       0x2c CMakeFiles/pico_tcp_client.dir/home/sudharsan/pico-sdk/lib/lwip/src/core/mem.c.o
                0x10006d20                mem_malloc
 .text.mem_free
                0x10006d4c       0x2c CMakeFiles/pico_tcp_client.dir/home/sudharsan/pico-sdk/lib/lwip/src/core/mem.c.o
                0x10006d4c                mem_free
 .text.memp_init
                0x10006d78       0x58 CMakeFiles/pico_tcp_client.dir/home/sudharsan/pico-sdk/lib/lwip/src/core/memp.c.o
                0x10006d78                memp_init
 .text.memp_malloc
                0x10006dd0       0x40 CMakeFiles/pico_tcp_client.dir/home/sudharsan/pico-sdk/lib/lwip/src/core/memp.c.o
                0x10006dd0                memp_malloc
 .text.memp_free
                0x10006e10       0x3c CMakeFiles/pico_tcp_client.dir/home/sudharsan/pico-sdk/lib/lwip/src/core/memp.c.o
                0x10006e10                memp_free
 .text.netif_null_output_ip4
                0x10006e4c        0x8 CMakeFiles/pico_tcp_client.dir/home/sudharsan/pico-sdk/lib/lwip/src/core/netif.c.o
 .text.netif_do_set_ipaddr.isra.0
                0x10006e54       0x64 CMakeFiles/pico_tcp_client.dir/home/sudharsan/pico-sdk/lib/lwip/src/core/netif.c.o
 .text.netif_init
                0x10006eb8        0x4 CMakeFiles/pico_tcp_client.dir/home/sudharsan/pico-sdk/lib/lwip/src/core/netif.c.o
                0x10006eb8                netif_init
 .text.netif_add
                0x10006ebc      0x138 CMakeFiles/pico_tcp_client.dir/home/sudharsan/pico-sdk/lib/lwip/src/core/netif.c.o
                0x10006ebc                netif_add
 .text.netif_set_addr
                0x10006ff4       0xa0 CMakeFiles/pico_tcp_client.dir/home/sudharsan/pico-sdk/lib/lwip/src/core/netif.c.o
                0x10006ff4                netif_set_addr
 .text.netif_remove
                0x10007094       0x90 CMakeFiles/pico_tcp_client.dir/home/sudharsan/pico-sdk/lib/lwip/src/core/netif.c.o
                0x10007094                netif_remove
 .text.netif_set_default
                0x10007124        0xc CMakeFiles/pico_tcp_client.dir/home/sudharsan/pico-sdk/lib/lwip/src/core/netif.c.o
                0x10007124                netif_set_default
 .text.netif_set_up
                0x10007130       0x40 CMakeFiles/pico_tcp_client.dir/home/sudharsan/pico-sdk/lib/lwip/src/core/netif.c.o
                0x10007130                netif_set_up
 .text.netif_set_link_up
                0x10007170       0x4c CMakeFiles/pico_tcp_client.dir/home/sudharsan/pico-sdk/lib/lwip/src/core/netif.c.o
                0x10007170                netif_set_link_up
 .text.netif_set_link_down
                0x100071bc       0x1c CMakeFiles/pico_tcp_client.dir/home/sudharsan/pico-sdk/lib/lwip/src/core/netif.c.o
                0x100071bc                netif_set_link_down
 .text.netif_get_by_index
                0x100071d8       0x24 CMakeFiles/pico_tcp_client.dir/home/sudharsan/pico-sdk/lib/lwip/src/core/netif.c.o
                0x100071d8                netif_get_by_index
 .text.pbuf_free.part.0
                0x100071fc       0x74 CMakeFiles/pico_tcp_client.dir/home/sudharsan/pico-sdk/lib/lwip/src/core/pbuf.c.o
 .text.pbuf_free_ooseq
                0x10007270       0x34 CMakeFiles/pico_tcp_client.dir/home/sudharsan/pico-sdk/lib/lwip/src/core/pbuf.c.o
                0x10007270                pbuf_free_ooseq
 .text.pbuf_alloc
                0x100072a4      0x118 CMakeFiles/pico_tcp_client.dir/home/sudharsan/pico-sdk/lib/lwip/src/core/pbuf.c.o
                0x100072a4                pbuf_alloc
 .text.pbuf_realloc
                0x100073bc       0x84 CMakeFiles/pico_tcp_client.dir/home/sudharsan/pico-sdk/lib/lwip/src/core/pbuf.c.o
                0x100073bc                pbuf_realloc
 .text.pbuf_add_header
                0x10007440       0x4c CMakeFiles/pico_tcp_client.dir/home/sudharsan/pico-sdk/lib/lwip/src/core/pbuf.c.o
                0x10007440                pbuf_add_header
 .text.pbuf_remove_header
                0x1000748c       0x38 CMakeFiles/pico_tcp_client.dir/home/sudharsan/pico-sdk/lib/lwip/src/core/pbuf.c.o
                0x1000748c                pbuf_remove_header
 .text.pbuf_header_force
                0x100074c4       0x74 CMakeFiles/pico_tcp_client.dir/home/sudharsan/pico-sdk/lib/lwip/src/core/pbuf.c.o
                0x100074c4                pbuf_header_force
 .text.pbuf_free
                0x10007538       0x14 CMakeFiles/pico_tcp_client.dir/home/sudharsan/pico-sdk/lib/lwip/src/core/pbuf.c.o
                0x10007538                pbuf_free
 .text.pbuf_clen
                0x1000754c       0x14 CMakeFiles/pico_tcp_client.dir/home/sudharsan/pico-sdk/lib/lwip/src/core/pbuf.c.o
                0x1000754c                pbuf_clen
 .text.pbuf_ref
                0x10007560       0x28 CMakeFiles/pico_tcp_client.dir/home/sudharsan/pico-sdk/lib/lwip/src/core/pbuf.c.o
                0x10007560                pbuf_ref
 .text.pbuf_cat
                0x10007588       0x50 CMakeFiles/pico_tcp_client.dir/home/sudharsan/pico-sdk/lib/lwip/src/core/pbuf.c.o
                0x10007588                pbuf_cat
 .text.pbuf_chain
                0x100075d8       0x68 CMakeFiles/pico_tcp_client.dir/home/sudharsan/pico-sdk/lib/lwip/src/core/pbuf.c.o
                0x100075d8                pbuf_chain
 .text.pbuf_copy_partial_pbuf
                0x10007640      0x120 CMakeFiles/pico_tcp_client.dir/home/sudharsan/pico-sdk/lib/lwip/src/core/pbuf.c.o
                0x10007640                pbuf_copy_partial_pbuf
 .text.pbuf_copy
                0x10007760       0x10 CMakeFiles/pico_tcp_client.dir/home/sudharsan/pico-sdk/lib/lwip/src/core/pbuf.c.o
                0x10007760                pbuf_copy
 .text.pbuf_copy_partial
                0x10007770       0x78 CMakeFiles/pico_tcp_client.dir/home/sudharsan/pico-sdk/lib/lwip/src/core/pbuf.c.o
                0x10007770                pbuf_copy_partial
 .text.pbuf_take
                0x100077e8       0x6c CMakeFiles/pico_tcp_client.dir/home/sudharsan/pico-sdk/lib/lwip/src/core/pbuf.c.o
                0x100077e8                pbuf_take
 .text.pbuf_take_at
                0x10007854       0xc4 CMakeFiles/pico_tcp_client.dir/home/sudharsan/pico-sdk/lib/lwip/src/core/pbuf.c.o
                0x10007854                pbuf_take_at
 .text.pbuf_clone
                0x10007918       0x2c CMakeFiles/pico_tcp_client.dir/home/sudharsan/pico-sdk/lib/lwip/src/core/pbuf.c.o
                0x10007918                pbuf_clone
 .text.pbuf_put_at
                0x10007944       0x1c CMakeFiles/pico_tcp_client.dir/home/sudharsan/pico-sdk/lib/lwip/src/core/pbuf.c.o
                0x10007944                pbuf_put_at
 .text.raw_input
                0x10007960      0x124 CMakeFiles/pico_tcp_client.dir/home/sudharsan/pico-sdk/lib/lwip/src/core/raw.c.o
                0x10007960                raw_input
 .text.raw_netif_ip_addr_changed
                0x10007a84       0x3c CMakeFiles/pico_tcp_client.dir/home/sudharsan/pico-sdk/lib/lwip/src/core/raw.c.o
                0x10007a84                raw_netif_ip_addr_changed
 .text.stats_init
                0x10007ac0        0x4 CMakeFiles/pico_tcp_client.dir/home/sudharsan/pico-sdk/lib/lwip/src/core/stats.c.o
                0x10007ac0                stats_init
 .text.tcp_close_shutdown_fin
                0x10007ac4       0x50 CMakeFiles/pico_tcp_client.dir/home/sudharsan/pico-sdk/lib/lwip/src/core/tcp.c.o
 .text.tcp_pcb_purge.part.0
                0x10007b14       0xb0 CMakeFiles/pico_tcp_client.dir/home/sudharsan/pico-sdk/lib/lwip/src/core/tcp.c.o
 .text.tcp_init
                0x10007bc4       0x18 CMakeFiles/pico_tcp_client.dir/home/sudharsan/pico-sdk/lib/lwip/src/core/tcp.c.o
                0x10007bc4                tcp_init
 .text.tcp_free
                0x10007bdc       0x20 CMakeFiles/pico_tcp_client.dir/home/sudharsan/pico-sdk/lib/lwip/src/core/tcp.c.o
                0x10007bdc                tcp_free
 .text.tcp_update_rcv_ann_wnd
                0x10007bfc       0x58 CMakeFiles/pico_tcp_client.dir/home/sudharsan/pico-sdk/lib/lwip/src/core/tcp.c.o
                0x10007bfc                tcp_update_rcv_ann_wnd
 .text.tcp_recved
                0x10007c54       0x90 CMakeFiles/pico_tcp_client.dir/home/sudharsan/pico-sdk/lib/lwip/src/core/tcp.c.o
                0x10007c54                tcp_recved
 .text.tcp_connect
                0x10007ce4      0x188 CMakeFiles/pico_tcp_client.dir/home/sudharsan/pico-sdk/lib/lwip/src/core/tcp.c.o
                0x10007ce4                tcp_connect
 .text.tcp_slowtmr
                0x10007e6c      0x500 CMakeFiles/pico_tcp_client.dir/home/sudharsan/pico-sdk/lib/lwip/src/core/tcp.c.o
                0x10007e6c                tcp_slowtmr
 .text.tcp_segs_free
                0x1000836c       0x34 CMakeFiles/pico_tcp_client.dir/home/sudharsan/pico-sdk/lib/lwip/src/core/tcp.c.o
                0x1000836c                tcp_segs_free
 .text.tcp_seg_free
                0x100083a0       0x1c CMakeFiles/pico_tcp_client.dir/home/sudharsan/pico-sdk/lib/lwip/src/core/tcp.c.o
                0x100083a0                tcp_seg_free
 .text.tcp_seg_copy
                0x100083bc       0x34 CMakeFiles/pico_tcp_client.dir/home/sudharsan/pico-sdk/lib/lwip/src/core/tcp.c.o
                0x100083bc                tcp_seg_copy
 .text.tcp_recv
                0x100083f0       0x1c CMakeFiles/pico_tcp_client.dir/home/sudharsan/pico-sdk/lib/lwip/src/core/tcp.c.o
                0x100083f0                tcp_recv
 .text.tcp_pcb_purge
                0x1000840c       0x14 CMakeFiles/pico_tcp_client.dir/home/sudharsan/pico-sdk/lib/lwip/src/core/tcp.c.o
                0x1000840c                tcp_pcb_purge
 .text.tcp_pcb_remove
                0x10008420       0xd4 CMakeFiles/pico_tcp_client.dir/home/sudharsan/pico-sdk/lib/lwip/src/core/tcp.c.o
                0x10008420                tcp_pcb_remove
 .text.tcp_abandon
                0x100084f4      0x188 CMakeFiles/pico_tcp_client.dir/home/sudharsan/pico-sdk/lib/lwip/src/core/tcp.c.o
                0x100084f4                tcp_abandon
 .text.tcp_abort
                0x1000867c        0x8 CMakeFiles/pico_tcp_client.dir/home/sudharsan/pico-sdk/lib/lwip/src/core/tcp.c.o
                0x1000867c                tcp_abort
 .text.tcp_alloc
                0x10008684      0x1a0 CMakeFiles/pico_tcp_client.dir/home/sudharsan/pico-sdk/lib/lwip/src/core/tcp.c.o
                0x10008684                tcp_alloc
 .text.tcp_new  0x10008824        0x8 CMakeFiles/pico_tcp_client.dir/home/sudharsan/pico-sdk/lib/lwip/src/core/tcp.c.o
                0x10008824                tcp_new
 .text.tcp_close_shutdown
                0x1000882c      0x184 CMakeFiles/pico_tcp_client.dir/home/sudharsan/pico-sdk/lib/lwip/src/core/tcp.c.o
 .text.tcp_recv_null
                0x100089b0       0xc0 CMakeFiles/pico_tcp_client.dir/home/sudharsan/pico-sdk/lib/lwip/src/core/tcp.c.o
                0x100089b0                tcp_recv_null
 .text.tcp_process_refused_data
                0x10008a70       0x70 CMakeFiles/pico_tcp_client.dir/home/sudharsan/pico-sdk/lib/lwip/src/core/tcp.c.o
                0x10008a70                tcp_process_refused_data
 .text.tcp_fasttmr
                0x10008ae0       0x84 CMakeFiles/pico_tcp_client.dir/home/sudharsan/pico-sdk/lib/lwip/src/core/tcp.c.o
                0x10008ae0                tcp_fasttmr
 .text.tcp_tmr  0x10008b64       0x24 CMakeFiles/pico_tcp_client.dir/home/sudharsan/pico-sdk/lib/lwip/src/core/tcp.c.o
                0x10008b64                tcp_tmr
 .text.tcp_close
                0x10008b88      0x174 CMakeFiles/pico_tcp_client.dir/home/sudharsan/pico-sdk/lib/lwip/src/core/tcp.c.o
                0x10008b88                tcp_close
 .text.tcp_next_iss
                0x10008cfc       0x24 CMakeFiles/pico_tcp_client.dir/home/sudharsan/pico-sdk/lib/lwip/src/core/tcp.c.o
                0x10008cfc                tcp_next_iss
 .text.tcp_eff_send_mss_netif
                0x10008d20       0x28 CMakeFiles/pico_tcp_client.dir/home/sudharsan/pico-sdk/lib/lwip/src/core/tcp.c.o
                0x10008d20                tcp_eff_send_mss_netif
 .text.tcp_netif_ip_addr_changed
                0x10008d48       0x94 CMakeFiles/pico_tcp_client.dir/home/sudharsan/pico-sdk/lib/lwip/src/core/tcp.c.o
                0x10008d48                tcp_netif_ip_addr_changed
 .text.tcp_free_ooseq
                0x10008ddc       0x38 CMakeFiles/pico_tcp_client.dir/home/sudharsan/pico-sdk/lib/lwip/src/core/tcp.c.o
                0x10008ddc                tcp_free_ooseq
 .text.tcp_parseopt
                0x10008e14      0x1c0 CMakeFiles/pico_tcp_client.dir/home/sudharsan/pico-sdk/lib/lwip/src/core/tcp_in.c.o
 .text.tcp_oos_insert_segment
                0x10008fd4       0x98 CMakeFiles/pico_tcp_client.dir/home/sudharsan/pico-sdk/lib/lwip/src/core/tcp_in.c.o
 .text.tcp_free_acked_segments.isra.0
                0x1000906c       0xb0 CMakeFiles/pico_tcp_client.dir/home/sudharsan/pico-sdk/lib/lwip/src/core/tcp_in.c.o
 .text.tcp_receive
                0x1000911c      0x8c4 CMakeFiles/pico_tcp_client.dir/home/sudharsan/pico-sdk/lib/lwip/src/core/tcp_in.c.o
 .text.tcp_input
                0x100099e0      0xc6c CMakeFiles/pico_tcp_client.dir/home/sudharsan/pico-sdk/lib/lwip/src/core/tcp_in.c.o
                0x100099e0                tcp_input
 .text.tcp_trigger_input_pcb_close
                0x1000a64c       0x10 CMakeFiles/pico_tcp_client.dir/home/sudharsan/pico-sdk/lib/lwip/src/core/tcp_in.c.o
                0x1000a64c                tcp_trigger_input_pcb_close
 .text.tcp_create_segment
                0x1000a65c       0xd8 CMakeFiles/pico_tcp_client.dir/home/sudharsan/pico-sdk/lib/lwip/src/core/tcp_out.c.o
 .text.tcp_output_control_segment
                0x1000a734       0xb8 CMakeFiles/pico_tcp_client.dir/home/sudharsan/pico-sdk/lib/lwip/src/core/tcp_out.c.o
 .text.tcp_output_alloc_header.constprop.0
                0x1000a7ec       0x8c CMakeFiles/pico_tcp_client.dir/home/sudharsan/pico-sdk/lib/lwip/src/core/tcp_out.c.o
 .text.tcp_write
                0x1000a878      0x430 CMakeFiles/pico_tcp_client.dir/home/sudharsan/pico-sdk/lib/lwip/src/core/tcp_out.c.o
                0x1000a878                tcp_write
 .text.tcp_split_unsent_seg
                0x1000aca8      0x180 CMakeFiles/pico_tcp_client.dir/home/sudharsan/pico-sdk/lib/lwip/src/core/tcp_out.c.o
                0x1000aca8                tcp_split_unsent_seg
 .text.tcp_send_fin
                0x1000ae28      0x100 CMakeFiles/pico_tcp_client.dir/home/sudharsan/pico-sdk/lib/lwip/src/core/tcp_out.c.o
                0x1000ae28                tcp_send_fin
 .text.tcp_enqueue_flags
                0x1000af28       0xf8 CMakeFiles/pico_tcp_client.dir/home/sudharsan/pico-sdk/lib/lwip/src/core/tcp_out.c.o
                0x1000af28                tcp_enqueue_flags
 .text.tcp_rexmit_rto_prepare
                0x1000b020       0x74 CMakeFiles/pico_tcp_client.dir/home/sudharsan/pico-sdk/lib/lwip/src/core/tcp_out.c.o
                0x1000b020                tcp_rexmit_rto_prepare
 .text.tcp_rexmit
                0x1000b094       0x78 CMakeFiles/pico_tcp_client.dir/home/sudharsan/pico-sdk/lib/lwip/src/core/tcp_out.c.o
                0x1000b094                tcp_rexmit
 .text.tcp_rexmit_fast
                0x1000b10c       0x64 CMakeFiles/pico_tcp_client.dir/home/sudharsan/pico-sdk/lib/lwip/src/core/tcp_out.c.o
                0x1000b10c                tcp_rexmit_fast
 .text.tcp_rst  0x1000b170       0xb4 CMakeFiles/pico_tcp_client.dir/home/sudharsan/pico-sdk/lib/lwip/src/core/tcp_out.c.o
                0x1000b170                tcp_rst
 .text.tcp_rst_netif
                0x1000b224       0xfc CMakeFiles/pico_tcp_client.dir/home/sudharsan/pico-sdk/lib/lwip/src/core/tcp_out.c.o
                0x1000b224                tcp_rst_netif
 .text.tcp_send_empty_ack
                0x1000b320       0x50 CMakeFiles/pico_tcp_client.dir/home/sudharsan/pico-sdk/lib/lwip/src/core/tcp_out.c.o
                0x1000b320                tcp_send_empty_ack
 .text.tcp_output
                0x1000b370      0x370 CMakeFiles/pico_tcp_client.dir/home/sudharsan/pico-sdk/lib/lwip/src/core/tcp_out.c.o
                0x1000b370                tcp_output
 .text.tcp_rexmit_rto_commit
                0x1000b6e0       0x24 CMakeFiles/pico_tcp_client.dir/home/sudharsan/pico-sdk/lib/lwip/src/core/tcp_out.c.o
                0x1000b6e0                tcp_rexmit_rto_commit
 .text.tcp_rexmit_rto
                0x1000b704       0x84 CMakeFiles/pico_tcp_client.dir/home/sudharsan/pico-sdk/lib/lwip/src/core/tcp_out.c.o
                0x1000b704                tcp_rexmit_rto
 .text.tcp_keepalive
                0x1000b788       0xa8 CMakeFiles/pico_tcp_client.dir/home/sudharsan/pico-sdk/lib/lwip/src/core/tcp_out.c.o
                0x1000b788                tcp_keepalive
 .text.tcp_zero_window_probe
                0x1000b830       0xc4 CMakeFiles/pico_tcp_client.dir/home/sudharsan/pico-sdk/lib/lwip/src/core/tcp_out.c.o
                0x1000b830                tcp_zero_window_probe
 .text.tcpip_tcp_timer
                0x1000b8f4       0x70 CMakeFiles/pico_tcp_client.dir/home/sudharsan/pico-sdk/lib/lwip/src/core/timeouts.c.o
 .text.lwip_cyclic_timer
                0x1000b964       0x90 CMakeFiles/pico_tcp_client.dir/home/sudharsan/pico-sdk/lib/lwip/src/core/timeouts.c.o
 .text.tcp_timer_needed
                0x1000b9f4       0x74 CMakeFiles/pico_tcp_client.dir/home/sudharsan/pico-sdk/lib/lwip/src/core/timeouts.c.o
                0x1000b9f4                tcp_timer_needed
 .text.sys_timeouts_init
                0x1000ba68       0x90 CMakeFiles/pico_tcp_client.dir/home/sudharsan/pico-sdk/lib/lwip/src/core/timeouts.c.o
                0x1000ba68                sys_timeouts_init
 .text.sys_check_timeouts
                0x1000baf8       0x5c CMakeFiles/pico_tcp_client.dir/home/sudharsan/pico-sdk/lib/lwip/src/core/timeouts.c.o
                0x1000baf8                sys_check_timeouts
 .text.sys_timeouts_sleeptime
                0x1000bb54       0x24 CMakeFiles/pico_tcp_client.dir/home/sudharsan/pico-sdk/lib/lwip/src/core/timeouts.c.o
                0x1000bb54                sys_timeouts_sleeptime
 .text.udp_init
                0x1000bb78       0x18 CMakeFiles/pico_tcp_client.dir/home/sudharsan/pico-sdk/lib/lwip/src/core/udp.c.o
                0x1000bb78                udp_init
 .text.udp_input
                0x1000bb90      0x2cc CMakeFiles/pico_tcp_client.dir/home/sudharsan/pico-sdk/lib/lwip/src/core/udp.c.o
                0x1000bb90                udp_input
 .text.udp_bind
                0x1000be5c      0x104 CMakeFiles/pico_tcp_client.dir/home/sudharsan/pico-sdk/lib/lwip/src/core/udp.c.o
                0x1000be5c                udp_bind
 .text.udp_sendto_if_src
                0x1000bf60      0x118 CMakeFiles/pico_tcp_client.dir/home/sudharsan/pico-sdk/lib/lwip/src/core/udp.c.o
                0x1000bf60                udp_sendto_if_src
 .text.udp_sendto_if
                0x1000c078       0x40 CMakeFiles/pico_tcp_client.dir/home/sudharsan/pico-sdk/lib/lwip/src/core/udp.c.o
                0x1000c078                udp_sendto_if
 .text.udp_sendto
                0x1000c0b8       0x7c CMakeFiles/pico_tcp_client.dir/home/sudharsan/pico-sdk/lib/lwip/src/core/udp.c.o
                0x1000c0b8                udp_sendto
 .text.udp_connect
                0x1000c134       0x5c CMakeFiles/pico_tcp_client.dir/home/sudharsan/pico-sdk/lib/lwip/src/core/udp.c.o
                0x1000c134                udp_connect
 .text.udp_recv
                0x1000c190        0x8 CMakeFiles/pico_tcp_client.dir/home/sudharsan/pico-sdk/lib/lwip/src/core/udp.c.o
                0x1000c190                udp_recv
 .text.udp_remove
                0x1000c198       0x34 CMakeFiles/pico_tcp_client.dir/home/sudharsan/pico-sdk/lib/lwip/src/core/udp.c.o
                0x1000c198                udp_remove
 .text.udp_new  0x1000c1cc       0x1c CMakeFiles/pico_tcp_client.dir/home/sudharsan/pico-sdk/lib/lwip/src/core/udp.c.o
                0x1000c1cc                udp_new
 .text.udp_netif_ip_addr_changed
                0x1000c1e8       0x3c CMakeFiles/pico_tcp_client.dir/home/sudharsan/pico-sdk/lib/lwip/src/core/udp.c.o
                0x1000c1e8                udp_netif_ip_addr_changed
 .text.dhcp_create_msg
                0x1000c224      0x108 CMakeFiles/pico_tcp_client.dir/home/sudharsan/pico-sdk/lib/lwip/src/core/ipv4/dhcp.c.o
 .text.dhcp_inc_pcb_refcount
                0x1000c32c       0x64 CMakeFiles/pico_tcp_client.dir/home/sudharsan/pico-sdk/lib/lwip/src/core/ipv4/dhcp.c.o
 .text.dhcp_bind
                0x1000c390      0x130 CMakeFiles/pico_tcp_client.dir/home/sudharsan/pico-sdk/lib/lwip/src/core/ipv4/dhcp.c.o
 .text.dhcp_option_hostname.isra.0
                0x1000c4c0       0x88 CMakeFiles/pico_tcp_client.dir/home/sudharsan/pico-sdk/lib/lwip/src/core/ipv4/dhcp.c.o
 .text.dhcp_handle_ack.isra.0
                0x1000c548       0xbc CMakeFiles/pico_tcp_client.dir/home/sudharsan/pico-sdk/lib/lwip/src/core/ipv4/dhcp.c.o
 .text.dhcp_reboot.isra.0
                0x1000c604      0x19c CMakeFiles/pico_tcp_client.dir/home/sudharsan/pico-sdk/lib/lwip/src/core/ipv4/dhcp.c.o
 .text.dhcp_discover
                0x1000c7a0      0x144 CMakeFiles/pico_tcp_client.dir/home/sudharsan/pico-sdk/lib/lwip/src/core/ipv4/dhcp.c.o
 .text.dhcp_select.isra.0
                0x1000c8e4      0x1f8 CMakeFiles/pico_tcp_client.dir/home/sudharsan/pico-sdk/lib/lwip/src/core/ipv4/dhcp.c.o
 .text.dhcp_recv
                0x1000cadc      0x5b4 CMakeFiles/pico_tcp_client.dir/home/sudharsan/pico-sdk/lib/lwip/src/core/ipv4/dhcp.c.o
 .text.dhcp_set_struct
                0x1000d090       0x3c CMakeFiles/pico_tcp_client.dir/home/sudharsan/pico-sdk/lib/lwip/src/core/ipv4/dhcp.c.o
                0x1000d090                dhcp_set_struct
 .text.dhcp_network_changed_link_up
                0x1000d0cc       0x40 CMakeFiles/pico_tcp_client.dir/home/sudharsan/pico-sdk/lib/lwip/src/core/ipv4/dhcp.c.o
                0x1000d0cc                dhcp_network_changed_link_up
 .text.dhcp_renew
                0x1000d10c      0x154 CMakeFiles/pico_tcp_client.dir/home/sudharsan/pico-sdk/lib/lwip/src/core/ipv4/dhcp.c.o
                0x1000d10c                dhcp_renew
 .text.dhcp_release_and_stop
                0x1000d260      0x158 CMakeFiles/pico_tcp_client.dir/home/sudharsan/pico-sdk/lib/lwip/src/core/ipv4/dhcp.c.o
                0x1000d260                dhcp_release_and_stop
 .text.dhcp_start
                0x1000d3b8       0xac CMakeFiles/pico_tcp_client.dir/home/sudharsan/pico-sdk/lib/lwip/src/core/ipv4/dhcp.c.o
                0x1000d3b8                dhcp_start
 .text.dhcp_coarse_tmr
                0x1000d464      0x1e4 CMakeFiles/pico_tcp_client.dir/home/sudharsan/pico-sdk/lib/lwip/src/core/ipv4/dhcp.c.o
                0x1000d464                dhcp_coarse_tmr
 .text.dhcp_fine_tmr
                0x1000d648       0xa0 CMakeFiles/pico_tcp_client.dir/home/sudharsan/pico-sdk/lib/lwip/src/core/ipv4/dhcp.c.o
                0x1000d648                dhcp_fine_tmr
 .text.dhcp_stop
                0x1000d6e8      0x158 CMakeFiles/pico_tcp_client.dir/home/sudharsan/pico-sdk/lib/lwip/src/core/ipv4/dhcp.c.o
                0x1000d6e8                dhcp_stop
 .text.etharp_find_entry
                0x1000d840      0x3e4 CMakeFiles/pico_tcp_client.dir/home/sudharsan/pico-sdk/lib/lwip/src/core/ipv4/etharp.c.o
 .text.etharp_raw
                0x1000dc24       0xd4 CMakeFiles/pico_tcp_client.dir/home/sudharsan/pico-sdk/lib/lwip/src/core/ipv4/etharp.c.o
 .text.etharp_output_to_arp_index
                0x1000dcf8       0xbc CMakeFiles/pico_tcp_client.dir/home/sudharsan/pico-sdk/lib/lwip/src/core/ipv4/etharp.c.o
 .text.etharp_tmr
                0x1000ddb4       0x84 CMakeFiles/pico_tcp_client.dir/home/sudharsan/pico-sdk/lib/lwip/src/core/ipv4/etharp.c.o
                0x1000ddb4                etharp_tmr
 .text.etharp_cleanup_netif
                0x1000de38      0x164 CMakeFiles/pico_tcp_client.dir/home/sudharsan/pico-sdk/lib/lwip/src/core/ipv4/etharp.c.o
                0x1000de38                etharp_cleanup_netif
 .text.etharp_input
                0x1000df9c      0x178 CMakeFiles/pico_tcp_client.dir/home/sudharsan/pico-sdk/lib/lwip/src/core/ipv4/etharp.c.o
                0x1000df9c                etharp_input
 .text.etharp_query
                0x1000e114      0x19c CMakeFiles/pico_tcp_client.dir/home/sudharsan/pico-sdk/lib/lwip/src/core/ipv4/etharp.c.o
                0x1000e114                etharp_query
 .text.etharp_output
                0x1000e2b0      0x224 CMakeFiles/pico_tcp_client.dir/home/sudharsan/pico-sdk/lib/lwip/src/core/ipv4/etharp.c.o
                0x1000e2b0                etharp_output
 .text.etharp_request
                0x1000e4d4       0xd0 CMakeFiles/pico_tcp_client.dir/home/sudharsan/pico-sdk/lib/lwip/src/core/ipv4/etharp.c.o
                0x1000e4d4                etharp_request
 .text.icmp_input
                0x1000e5a4      0x1b8 CMakeFiles/pico_tcp_client.dir/home/sudharsan/pico-sdk/lib/lwip/src/core/ipv4/icmp.c.o
                0x1000e5a4                icmp_input
 .text.icmp_dest_unreach
                0x1000e75c       0xac CMakeFiles/pico_tcp_client.dir/home/sudharsan/pico-sdk/lib/lwip/src/core/ipv4/icmp.c.o
                0x1000e75c                icmp_dest_unreach
 .text.icmp_time_exceeded
                0x1000e808       0xac CMakeFiles/pico_tcp_client.dir/home/sudharsan/pico-sdk/lib/lwip/src/core/ipv4/icmp.c.o
                0x1000e808                icmp_time_exceeded
 .text.ip_reass_free_complete_datagram
                0x1000e8b4       0xe4 CMakeFiles/pico_tcp_client.dir/home/sudharsan/pico-sdk/lib/lwip/src/core/ipv4/ip4_frag.c.o
 .text.ip_reass_remove_oldest_datagram
                0x1000e998       0x88 CMakeFiles/pico_tcp_client.dir/home/sudharsan/pico-sdk/lib/lwip/src/core/ipv4/ip4_frag.c.o
 .text.ip_reass_tmr
                0x1000ea20       0x30 CMakeFiles/pico_tcp_client.dir/home/sudharsan/pico-sdk/lib/lwip/src/core/ipv4/ip4_frag.c.o
                0x1000ea20                ip_reass_tmr
 .text.ip4_reass
                0x1000ea50      0x444 CMakeFiles/pico_tcp_client.dir/home/sudharsan/pico-sdk/lib/lwip/src/core/ipv4/ip4_frag.c.o
                0x1000ea50                ip4_reass
 .text.ip4_frag
                0x1000ee94      0x22c CMakeFiles/pico_tcp_client.dir/home/sudharsan/pico-sdk/lib/lwip/src/core/ipv4/ip4_frag.c.o
                0x1000ee94                ip4_frag
 .text.ip4_route
                0x1000f0c0       0x6c CMakeFiles/pico_tcp_client.dir/home/sudharsan/pico-sdk/lib/lwip/src/core/ipv4/ip4.c.o
                0x1000f0c0                ip4_route
 .text.ip4_input
                0x1000f12c      0x2b0 CMakeFiles/pico_tcp_client.dir/home/sudharsan/pico-sdk/lib/lwip/src/core/ipv4/ip4.c.o
                0x1000f12c                ip4_input
 .text.ip4_output_if
                0x1000f3dc      0x138 CMakeFiles/pico_tcp_client.dir/home/sudharsan/pico-sdk/lib/lwip/src/core/ipv4/ip4.c.o
                0x1000f3dc                ip4_output_if
 .text.ip4_output_if_src
                0x1000f514      0x138 CMakeFiles/pico_tcp_client.dir/home/sudharsan/pico-sdk/lib/lwip/src/core/ipv4/ip4.c.o
                0x1000f514                ip4_output_if_src
 .text.ip4_addr_isbroadcast_u32
                0x1000f64c       0x38 CMakeFiles/pico_tcp_client.dir/home/sudharsan/pico-sdk/lib/lwip/src/core/ipv4/ip4_addr.c.o
                0x1000f64c                ip4_addr_isbroadcast_u32
 .text.ip4addr_aton
                0x1000f684      0x18c CMakeFiles/pico_tcp_client.dir/home/sudharsan/pico-sdk/lib/lwip/src/core/ipv4/ip4_addr.c.o
                0x1000f684                ip4addr_aton
 .text.ethernet_input
                0x1000f810       0xc4 CMakeFiles/pico_tcp_client.dir/home/sudharsan/pico-sdk/lib/lwip/src/netif/ethernet.c.o
                0x1000f810                ethernet_input
 .text.ethernet_output
                0x1000f8d4       0x60 CMakeFiles/pico_tcp_client.dir/home/sudharsan/pico-sdk/lib/lwip/src/netif/ethernet.c.o
                0x1000f8d4                ethernet_output
 .text.cyw43_arch_wifi_connect_bssid_until.part.0
                0x1000f934      0x13c CMakeFiles/pico_tcp_client.dir/home/sudharsan/pico-sdk/src/rp2_common/pico_cyw43_arch/cyw43_arch.c.o
 .text.cyw43_arch_set_async_context
                0x1000fa70        0xc CMakeFiles/pico_tcp_client.dir/home/sudharsan/pico-sdk/src/rp2_common/pico_cyw43_arch/cyw43_arch.c.o
                0x1000fa70                cyw43_arch_set_async_context
 .text.cyw43_arch_enable_sta_mode
                0x1000fa7c       0x18 CMakeFiles/pico_tcp_client.dir/home/sudharsan/pico-sdk/src/rp2_common/pico_cyw43_arch/cyw43_arch.c.o
                0x1000fa7c                cyw43_arch_enable_sta_mode
 .text.cyw43_arch_wifi_connect_timeout_ms
                0x1000fa94       0x84 CMakeFiles/pico_tcp_client.dir/home/sudharsan/pico-sdk/src/rp2_common/pico_cyw43_arch/cyw43_arch.c.o
                0x1000fa94                cyw43_arch_wifi_connect_timeout_ms
 .text.cyw43_arch_async_context
                0x1000fb18        0xc CMakeFiles/pico_tcp_client.dir/home/sudharsan/pico-sdk/src/rp2_common/pico_cyw43_arch/cyw43_arch.c.o
                0x1000fb18                cyw43_arch_async_context
 .text.cyw43_arch_poll
                0x1000fb24       0x14 CMakeFiles/pico_tcp_client.dir/home/sudharsan/pico-sdk/src/rp2_common/pico_cyw43_arch/cyw43_arch.c.o
                0x1000fb24                cyw43_arch_poll
 .text.cyw43_arch_init
                0x1000fb38       0x64 CMakeFiles/pico_tcp_client.dir/home/sudharsan/pico-sdk/src/rp2_common/pico_cyw43_arch/cyw43_arch_poll.c.o
                0x1000fb38                cyw43_arch_init
 .text.ns_delay.constprop.0
                0x1000fb9c       0x24 CMakeFiles/pico_tcp_client.dir/home/sudharsan/pico-sdk/src/rp2_common/pico_cyw43_driver/cyw43_bus_pio_spi.c.o
 .text.cyw43_spi_deinit
                0x1000fbc0       0x6c CMakeFiles/pico_tcp_client.dir/home/sudharsan/pico-sdk/src/rp2_common/pico_cyw43_driver/cyw43_bus_pio_spi.c.o
                0x1000fbc0                cyw43_spi_deinit
 .text.cyw43_spi_init
                0x1000fc2c      0x128 CMakeFiles/pico_tcp_client.dir/home/sudharsan/pico-sdk/src/rp2_common/pico_cyw43_driver/cyw43_bus_pio_spi.c.o
                0x1000fc2c                cyw43_spi_init
 .text.cyw43_spi_transfer
                0x1000fd54      0x3a0 CMakeFiles/pico_tcp_client.dir/home/sudharsan/pico-sdk/src/rp2_common/pico_cyw43_driver/cyw43_bus_pio_spi.c.o
                0x1000fd54                cyw43_spi_transfer
 .text.cyw43_spi_gpio_setup
                0x100100f4       0x40 CMakeFiles/pico_tcp_client.dir/home/sudharsan/pico-sdk/src/rp2_common/pico_cyw43_driver/cyw43_bus_pio_spi.c.o
                0x100100f4                cyw43_spi_gpio_setup
 .text.cyw43_spi_reset
                0x10010134       0x30 CMakeFiles/pico_tcp_client.dir/home/sudharsan/pico-sdk/src/rp2_common/pico_cyw43_driver/cyw43_bus_pio_spi.c.o
                0x10010134                cyw43_spi_reset
 .text.read_reg_u32_swap
                0x10010164       0x3c CMakeFiles/pico_tcp_client.dir/home/sudharsan/pico-sdk/src/rp2_common/pico_cyw43_driver/cyw43_bus_pio_spi.c.o
                0x10010164                read_reg_u32_swap
 .text.cyw43_read_reg_u32
                0x100101a0       0x50 CMakeFiles/pico_tcp_client.dir/home/sudharsan/pico-sdk/src/rp2_common/pico_cyw43_driver/cyw43_bus_pio_spi.c.o
                0x100101a0                cyw43_read_reg_u32
 .text.cyw43_read_reg_u16
                0x100101f0       0x54 CMakeFiles/pico_tcp_client.dir/home/sudharsan/pico-sdk/src/rp2_common/pico_cyw43_driver/cyw43_bus_pio_spi.c.o
                0x100101f0                cyw43_read_reg_u16
 .text.cyw43_read_reg_u8
                0x10010244       0x54 CMakeFiles/pico_tcp_client.dir/home/sudharsan/pico-sdk/src/rp2_common/pico_cyw43_driver/cyw43_bus_pio_spi.c.o
                0x10010244                cyw43_read_reg_u8
 .text.write_reg_u32_swap
                0x10010298      0x1cc CMakeFiles/pico_tcp_client.dir/home/sudharsan/pico-sdk/src/rp2_common/pico_cyw43_driver/cyw43_bus_pio_spi.c.o
                0x10010298                write_reg_u32_swap
 .text.cyw43_write_reg_u32
                0x10010464      0x1c8 CMakeFiles/pico_tcp_client.dir/home/sudharsan/pico-sdk/src/rp2_common/pico_cyw43_driver/cyw43_bus_pio_spi.c.o
                0x10010464                cyw43_write_reg_u32
 .text.cyw43_write_reg_u16
                0x1001062c      0x1c8 CMakeFiles/pico_tcp_client.dir/home/sudharsan/pico-sdk/src/rp2_common/pico_cyw43_driver/cyw43_bus_pio_spi.c.o
                0x1001062c                cyw43_write_reg_u16
 .text.cyw43_write_reg_u8
                0x100107f4      0x1c8 CMakeFiles/pico_tcp_client.dir/home/sudharsan/pico-sdk/src/rp2_common/pico_cyw43_driver/cyw43_bus_pio_spi.c.o
                0x100107f4                cyw43_write_reg_u8
 .text.cyw43_read_bytes
                0x100109bc       0x80 CMakeFiles/pico_tcp_client.dir/home/sudharsan/pico-sdk/src/rp2_common/pico_cyw43_driver/cyw43_bus_pio_spi.c.o
                0x100109bc                cyw43_read_bytes
 .text.cyw43_write_bytes
                0x10010a3c       0xcc CMakeFiles/pico_tcp_client.dir/home/sudharsan/pico-sdk/src/rp2_common/pico_cyw43_driver/cyw43_bus_pio_spi.c.o
                0x10010a3c                cyw43_write_bytes
 .text.cyw43_set_backplane_window
                0x10010b08       0x70 CMakeFiles/pico_tcp_client.dir/home/sudharsan/pico-sdk/lib/cyw43-driver/src/cyw43_ll.c.o
 .text.cyw43_ll_parse_async_event
                0x10010b78      0x10c CMakeFiles/pico_tcp_client.dir/home/sudharsan/pico-sdk/lib/cyw43-driver/src/cyw43_ll.c.o
 .text.cyw43_kso_set
                0x10010c84       0x7c CMakeFiles/pico_tcp_client.dir/home/sudharsan/pico-sdk/lib/cyw43-driver/src/cyw43_ll.c.o
 .text.cyw43_ll_sdpcm_poll_device
                0x10010d00      0x230 CMakeFiles/pico_tcp_client.dir/home/sudharsan/pico-sdk/lib/cyw43-driver/src/cyw43_ll.c.o
 .text.cyw43_sdpcm_send_common
                0x10010f30       0xe8 CMakeFiles/pico_tcp_client.dir/home/sudharsan/pico-sdk/lib/cyw43-driver/src/cyw43_ll.c.o
 .text.cyw43_do_ioctl.part.0
                0x10011018       0xc0 CMakeFiles/pico_tcp_client.dir/home/sudharsan/pico-sdk/lib/cyw43-driver/src/cyw43_ll.c.o
 .text.cyw43_download_resource
                0x100110d8       0xb8 CMakeFiles/pico_tcp_client.dir/home/sudharsan/pico-sdk/lib/cyw43-driver/src/cyw43_ll.c.o
 .text.cyw43_write_iovar_u32.constprop.0
                0x10011190       0x74 CMakeFiles/pico_tcp_client.dir/home/sudharsan/pico-sdk/lib/cyw43-driver/src/cyw43_ll.c.o
 .text.cyw43_write_iovar_n
                0x10011204       0x80 CMakeFiles/pico_tcp_client.dir/home/sudharsan/pico-sdk/lib/cyw43-driver/src/cyw43_ll.c.o
 .text.cyw43_write_iovar_u32_u32.constprop.0
                0x10011284       0xa0 CMakeFiles/pico_tcp_client.dir/home/sudharsan/pico-sdk/lib/cyw43-driver/src/cyw43_ll.c.o
 .text.cyw43_read_backplane.constprop.0
                0x10011324       0xe4 CMakeFiles/pico_tcp_client.dir/home/sudharsan/pico-sdk/lib/cyw43-driver/src/cyw43_ll.c.o
 .text.cyw43_write_backplane
                0x10011408       0xf8 CMakeFiles/pico_tcp_client.dir/home/sudharsan/pico-sdk/lib/cyw43-driver/src/cyw43_ll.c.o
 .text.reset_device_core.constprop.0